Component: ARM Compiler 6.16 Tool: armlink [5dfeaa00]

==============================================================================

Section Cross References

    display.o(.text.reset) refers to display.o(.bss.GLCD_Data) for GLCD_Data
    display.o(.text.reset) refers to rt_memclr_w.o(.text) for __aeabi_memclr4
    display.o(.ARM.exidx.text.reset) refers to display.o(.text.reset) for [Anonymous Symbol]
    display.o(.text.main) refers to display.o(.text.PORTS_init) for PORTS_init
    display.o(.text.main) refers to display.o(.text.TIM2CONFIG) for TIM2CONFIG
    display.o(.text.main) refers to display.o(.text.USART_init) for USART_init
    display.o(.text.main) refers to display.o(.text.GLCD_INIT) for GLCD_INIT
    display.o(.text.main) refers to display.o(.text.SetX) for SetX
    display.o(.text.main) refers to display.o(.text.GLCD_Pageselect) for GLCD_Pageselect
    display.o(.text.main) refers to display.o(.text.update) for update
    display.o(.text.main) refers to display.o(.text.reset) for reset
    display.o(.text.main) refers to display.o(.bss.GLCD_Data) for GLCD_Data
    display.o(.text.main) refers to display.o(.text.get) for get
    display.o(.text.main) refers to dflt_clz.o(x$fpl$dflt) for __aeabi_i2d
    display.o(.text.main) refers to ddiv.o(x$fpl$ddiv) for __aeabi_ddiv
    display.o(.text.main) refers to display.o(.text.cls) for cls
    display.o(.text.main) refers to display.o(.text.Delay_ms) for Delay_ms
    display.o(.text.main) refers to dmul.o(x$fpl$dmul) for __aeabi_dmul
    display.o(.text.main) refers to daddsub_clz.o(x$fpl$dadd) for __aeabi_dadd
    display.o(.text.main) refers to dfix.o(x$fpl$dfix) for __aeabi_d2iz
    display.o(.ARM.exidx.text.main) refers to display.o(.text.main) for [Anonymous Symbol]
    display.o(.text.SetX) refers to display.o(.text.Delay_us) for Delay_us
    display.o(.text.SetX) refers to display.o(.bss.x_cursor) for x_cursor
    display.o(.ARM.exidx.text.SetX) refers to display.o(.text.SetX) for [Anonymous Symbol]
    display.o(.text.GLCD_Pageselect) refers to display.o(.bss.cs_cursor) for cs_cursor
    display.o(.ARM.exidx.text.GLCD_Pageselect) refers to display.o(.text.GLCD_Pageselect) for [Anonymous Symbol]
    display.o(.text.Delay_ms) refers to display.o(.text.Delay_us) for Delay_us
    display.o(.ARM.exidx.text.Delay_ms) refers to display.o(.text.Delay_ms) for [Anonymous Symbol]
    display.o(.ARM.exidx.text.get) refers to display.o(.text.get) for [Anonymous Symbol]
    display.o(.ARM.exidx.text.USART_init) refers to display.o(.text.USART_init) for [Anonymous Symbol]
    display.o(.ARM.exidx.text.PORTS_init) refers to display.o(.text.PORTS_init) for [Anonymous Symbol]
    display.o(.ARM.exidx.text.send) refers to display.o(.text.send) for [Anonymous Symbol]
    display.o(.text.sendstring) refers to display.o(.text.send) for send
    display.o(.ARM.exidx.text.sendstring) refers to display.o(.text.sendstring) for [Anonymous Symbol]
    display.o(.ARM.exidx.text.TIM2CONFIG) refers to display.o(.text.TIM2CONFIG) for [Anonymous Symbol]
    display.o(.ARM.exidx.text.Delay_us) refers to display.o(.text.Delay_us) for [Anonymous Symbol]
    display.o(.text.get_x_pixel) refers to display.o(.bss.cs_cursor) for cs_cursor
    display.o(.text.get_x_pixel) refers to display.o(.bss.x_cursor) for x_cursor
    display.o(.ARM.exidx.text.get_x_pixel) refers to display.o(.text.get_x_pixel) for [Anonymous Symbol]
    display.o(.text.get_y_pixel) refers to display.o(.bss.y_cursor) for y_cursor
    display.o(.ARM.exidx.text.get_y_pixel) refers to display.o(.text.get_y_pixel) for [Anonymous Symbol]
    display.o(.text.GLCD_CMD) refers to display.o(.text.Delay_us) for Delay_us
    display.o(.text.GLCD_CMD) refers to display.o(.text.GLCD_Pageselect) for GLCD_Pageselect
    display.o(.ARM.exidx.text.GLCD_CMD) refers to display.o(.text.GLCD_CMD) for [Anonymous Symbol]
    display.o(.text.GLCD_DTA) refers to display.o(.text.Delay_us) for Delay_us
    display.o(.ARM.exidx.text.GLCD_DTA) refers to display.o(.text.GLCD_DTA) for [Anonymous Symbol]
    display.o(.text.Glcd_DisplayChar) refers to display.o(.text.GLCD_DTA) for GLCD_DTA
    display.o(.ARM.exidx.text.Glcd_DisplayChar) refers to display.o(.text.Glcd_DisplayChar) for [Anonymous Symbol]
    display.o(.text.SetY) refers to display.o(.text.Delay_us) for Delay_us
    display.o(.text.SetY) refers to display.o(.bss.y_cursor) for y_cursor
    display.o(.ARM.exidx.text.SetY) refers to display.o(.text.SetY) for [Anonymous Symbol]
    display.o(.text.set_x_address) refers to display.o(.text.SetX) for SetX
    display.o(.text.set_x_address) refers to display.o(.text.GLCD_Pageselect) for GLCD_Pageselect
    display.o(.text.set_x_address) refers to display.o(.bss.y_cursor) for y_cursor
    display.o(.text.set_x_address) refers to display.o(.text.SetY) for SetY
    display.o(.ARM.exidx.text.set_x_address) refers to display.o(.text.set_x_address) for [Anonymous Symbol]
    display.o(.text.set_line_no) refers to display.o(.text.GLCD_Pageselect) for GLCD_Pageselect
    display.o(.text.set_line_no) refers to display.o(.text.SetY) for SetY
    display.o(.ARM.exidx.text.set_line_no) refers to display.o(.text.set_line_no) for [Anonymous Symbol]
    display.o(.text.GLCD_INIT) refers to display.o(.text.Delay_us) for Delay_us
    display.o(.text.GLCD_INIT) refers to display.o(.text.GLCD_CMD) for GLCD_CMD
    display.o(.text.GLCD_INIT) refers to display.o(.text.cls) for cls
    display.o(.ARM.exidx.text.GLCD_INIT) refers to display.o(.text.GLCD_INIT) for [Anonymous Symbol]
    display.o(.text.put_data) refers to display.o(.bss.x_cursor) for x_cursor
    display.o(.text.put_data) refers to display.o(.text.Delay_us) for Delay_us
    display.o(.text.put_data) refers to display.o(.bss.cs_cursor) for cs_cursor
    display.o(.text.put_data) refers to display.o(.text.GLCD_Pageselect) for GLCD_Pageselect
    display.o(.text.put_data) refers to display.o(.bss.y_cursor) for y_cursor
    display.o(.text.put_data) refers to display.o(.text.SetY) for SetY
    display.o(.ARM.exidx.text.put_data) refers to display.o(.text.put_data) for [Anonymous Symbol]
    display.o(.text.glcd_put_char) refers to display.o(.rodata.Terminal6x8) for Terminal6x8
    display.o(.text.glcd_put_char) refers to display.o(.bss.GLCD_Data) for GLCD_Data
    display.o(.text.glcd_put_char) refers to display.o(.text.get_x_pixel) for get_x_pixel
    display.o(.text.glcd_put_char) refers to display.o(.text.get_y_pixel) for get_y_pixel
    display.o(.text.glcd_put_char) refers to display.o(.text.put_data) for put_data
    display.o(.ARM.exidx.text.glcd_put_char) refers to display.o(.text.glcd_put_char) for [Anonymous Symbol]
    display.o(.text.update) refers to display.o(.bss.x_cursor) for x_cursor
    display.o(.text.update) refers to display.o(.bss.y_cursor) for y_cursor
    display.o(.text.update) refers to display.o(.bss.cs_cursor) for cs_cursor
    display.o(.text.update) refers to display.o(.text.SetX) for SetX
    display.o(.text.update) refers to display.o(.text.GLCD_Pageselect) for GLCD_Pageselect
    display.o(.text.update) refers to display.o(.text.SetY) for SetY
    display.o(.text.update) refers to display.o(.bss.GLCD_Data) for GLCD_Data
    display.o(.text.update) refers to display.o(.text.put_data) for put_data
    display.o(.ARM.exidx.text.update) refers to display.o(.text.update) for [Anonymous Symbol]
    display.o(.text.cls) refers to display.o(.bss.GLCD_Data) for GLCD_Data
    display.o(.text.cls) refers to rt_memclr_w.o(.text) for __aeabi_memclr4
    display.o(.text.cls) refers to display.o(.text.update) for update
    display.o(.ARM.exidx.text.cls) refers to display.o(.text.cls) for [Anonymous Symbol]
    display.o(.text.clear_pixel) refers to display.o(.bss.GLCD_Data) for GLCD_Data
    display.o(.text.clear_pixel) refers to display.o(.text.update) for update
    display.o(.ARM.exidx.text.clear_pixel) refers to display.o(.text.clear_pixel) for [Anonymous Symbol]
    display.o(.text.Set_pixel) refers to display.o(.bss.GLCD_Data) for GLCD_Data
    display.o(.text.Set_pixel) refers to display.o(.text.update) for update
    display.o(.ARM.exidx.text.Set_pixel) refers to display.o(.text.Set_pixel) for [Anonymous Symbol]
    display.o(.text.glcd_puts) refers to display.o(.text.glcd_put_char) for glcd_put_char
    display.o(.ARM.exidx.text.glcd_puts) refers to display.o(.text.glcd_puts) for [Anonymous Symbol]
    startup_stm32f401xe.o(STACK) refers (Special) to heapauxi.o(.text) for __use_two_region_memory
    startup_stm32f401xe.o(HEAP) refers (Special) to heapauxi.o(.text) for __use_two_region_memory
    startup_stm32f401xe.o(RESET) refers (Special) to heapauxi.o(.text) for __use_two_region_memory
    startup_stm32f401xe.o(RESET) refers to startup_stm32f401xe.o(STACK) for __initial_sp
    startup_stm32f401xe.o(RESET) refers to startup_stm32f401xe.o(.text) for Reset_Handler
    startup_stm32f401xe.o(.text) refers (Special) to heapauxi.o(.text) for __use_two_region_memory
    startup_stm32f401xe.o(.text) refers to system_stm32f4xx.o(.text.SystemInit) for SystemInit
    startup_stm32f401xe.o(.text) refers to __main.o(!!!main) for __main
    startup_stm32f401xe.o(.text) refers to startup_stm32f401xe.o(HEAP) for Heap_Mem
    startup_stm32f401xe.o(.text) refers to startup_stm32f401xe.o(STACK) for Stack_Mem
    system_stm32f4xx.o(.ARM.exidx.text.SystemInit) refers to system_stm32f4xx.o(.text.SystemInit) for [Anonymous Symbol]
    system_stm32f4xx.o(.text.SystemCoreClockUpdate) refers to system_stm32f4xx.o(.data.SystemCoreClock) for SystemCoreClock
    system_stm32f4xx.o(.text.SystemCoreClockUpdate) refers to system_stm32f4xx.o(.rodata.AHBPrescTable) for AHBPrescTable
    system_stm32f4xx.o(.ARM.exidx.text.SystemCoreClockUpdate) refers to system_stm32f4xx.o(.text.SystemCoreClockUpdate) for [Anonymous Symbol]
    __main.o(!!!main) refers to __rtentry.o(.ARM.Collect$$rtentry$$00000000) for __rt_entry
    daddsub_clz.o(x$fpl$dadd) refers (Special) to usenofp.o(x$fpl$usenofp) for __I$use$fp
    daddsub_clz.o(x$fpl$dadd) refers to daddsub_clz.o(x$fpl$dsub) for _dsub1
    daddsub_clz.o(x$fpl$dadd) refers to dretinf.o(x$fpl$dretinf) for __fpl_dretinf
    daddsub_clz.o(x$fpl$dadd) refers to dnaninf.o(x$fpl$dnaninf) for __fpl_dnaninf
    daddsub_clz.o(x$fpl$drsb) refers (Special) to usenofp.o(x$fpl$usenofp) for __I$use$fp
    daddsub_clz.o(x$fpl$drsb) refers to daddsub_clz.o(x$fpl$dadd) for _dadd1
    daddsub_clz.o(x$fpl$drsb) refers to daddsub_clz.o(x$fpl$dsub) for _dsub1
    daddsub_clz.o(x$fpl$dsub) refers (Special) to usenofp.o(x$fpl$usenofp) for __I$use$fp
    daddsub_clz.o(x$fpl$dsub) refers to daddsub_clz.o(x$fpl$dadd) for _dadd1
    daddsub_clz.o(x$fpl$dsub) refers to dnaninf.o(x$fpl$dnaninf) for __fpl_dnaninf
    ddiv.o(x$fpl$drdiv) refers (Special) to usenofp.o(x$fpl$usenofp) for __I$use$fp
    ddiv.o(x$fpl$drdiv) refers to ddiv.o(x$fpl$ddiv) for ddiv_entry
    ddiv.o(x$fpl$ddiv) refers (Special) to usenofp.o(x$fpl$usenofp) for __I$use$fp
    ddiv.o(x$fpl$ddiv) refers to dretinf.o(x$fpl$dretinf) for __fpl_dretinf
    ddiv.o(x$fpl$ddiv) refers to dnaninf.o(x$fpl$dnaninf) for __fpl_dnaninf
    dfix.o(x$fpl$dfix) refers (Special) to usenofp.o(x$fpl$usenofp) for __I$use$fp
    dfix.o(x$fpl$dfix) refers to dnaninf.o(x$fpl$dnaninf) for __fpl_dnaninf
    dfix.o(x$fpl$dfixr) refers (Special) to usenofp.o(x$fpl$usenofp) for __I$use$fp
    dfix.o(x$fpl$dfixr) refers to dnaninf.o(x$fpl$dnaninf) for __fpl_dnaninf
    dflt_clz.o(x$fpl$dfltu) refers (Special) to usenofp.o(x$fpl$usenofp) for __I$use$fp
    dflt_clz.o(x$fpl$dflt) refers (Special) to usenofp.o(x$fpl$usenofp) for __I$use$fp
    dflt_clz.o(x$fpl$dfltn) refers (Special) to usenofp.o(x$fpl$usenofp) for __I$use$fp
    dmul.o(x$fpl$dmul) refers (Special) to usenofp.o(x$fpl$usenofp) for __I$use$fp
    dmul.o(x$fpl$dmul) refers to dretinf.o(x$fpl$dretinf) for __fpl_dretinf
    dmul.o(x$fpl$dmul) refers to dnaninf.o(x$fpl$dnaninf) for __fpl_dnaninf
    __rtentry.o(.ARM.Collect$$rtentry$$00000000) refers (Special) to __rtentry2.o(.ARM.Collect$$rtentry$$0000000A) for __rt_entry_li
    __rtentry.o(.ARM.Collect$$rtentry$$00000000) refers (Special) to __rtentry2.o(.ARM.Collect$$rtentry$$0000000D) for __rt_entry_main
    __rtentry.o(.ARM.Collect$$rtentry$$00000000) refers (Special) to __rtentry2.o(.ARM.Collect$$rtentry$$0000000C) for __rt_entry_postli_1
    __rtentry.o(.ARM.Collect$$rtentry$$00000000) refers (Special) to __rtentry2.o(.ARM.Collect$$rtentry$$00000009) for __rt_entry_postsh_1
    __rtentry.o(.ARM.Collect$$rtentry$$00000000) refers (Special) to __rtentry2.o(.ARM.Collect$$rtentry$$00000002) for __rt_entry_presh_1
    __rtentry.o(.ARM.Collect$$rtentry$$00000000) refers (Special) to __rtentry4.o(.ARM.Collect$$rtentry$$00000004) for __rt_entry_sh
    dnaninf.o(x$fpl$dnaninf) refers (Special) to usenofp.o(x$fpl$usenofp) for __I$use$fp
    dretinf.o(x$fpl$dretinf) refers (Special) to usenofp.o(x$fpl$usenofp) for __I$use$fp
    __rtentry2.o(.ARM.Collect$$rtentry$$00000008) refers to boardinit2.o(.text) for _platform_post_stackheap_init
    __rtentry2.o(.ARM.Collect$$rtentry$$0000000A) refers to libinit.o(.ARM.Collect$$libinit$$00000000) for __rt_lib_init
    __rtentry2.o(.ARM.Collect$$rtentry$$0000000B) refers to boardinit3.o(.text) for _platform_post_lib_init
    __rtentry2.o(.ARM.Collect$$rtentry$$0000000D) refers to display.o(.text.main) for main
    __rtentry2.o(.ARM.Collect$$rtentry$$0000000D) refers to exit.o(.text) for exit
    __rtentry2.o(.ARM.exidx) refers to __rtentry2.o(.ARM.Collect$$rtentry$$00000001) for .ARM.Collect$$rtentry$$00000001
    __rtentry2.o(.ARM.exidx) refers to __rtentry2.o(.ARM.Collect$$rtentry$$00000008) for .ARM.Collect$$rtentry$$00000008
    __rtentry2.o(.ARM.exidx) refers to __rtentry2.o(.ARM.Collect$$rtentry$$0000000A) for .ARM.Collect$$rtentry$$0000000A
    __rtentry2.o(.ARM.exidx) refers to __rtentry2.o(.ARM.Collect$$rtentry$$0000000B) for .ARM.Collect$$rtentry$$0000000B
    __rtentry2.o(.ARM.exidx) refers to __rtentry2.o(.ARM.Collect$$rtentry$$0000000D) for .ARM.Collect$$rtentry$$0000000D
    __rtentry4.o(.ARM.Collect$$rtentry$$00000004) refers to sys_stackheap_outer.o(.text) for __user_setup_stackheap
    __rtentry4.o(.ARM.exidx) refers to __rtentry4.o(.ARM.Collect$$rtentry$$00000004) for .ARM.Collect$$rtentry$$00000004
    sys_stackheap_outer.o(.text) refers to libspace.o(.text) for __user_perproc_libspace
    sys_stackheap_outer.o(.text) refers to startup_stm32f401xe.o(.text) for __user_initial_stackheap
    exit.o(.text) refers to rtexit.o(.ARM.Collect$$rtexit$$00000000) for __rt_exit
    libinit.o(.ARM.Collect$$libinit$$00000000) refers (Special) to libinit2.o(.ARM.Collect$$libinit$$0000002E) for __rt_lib_init_alloca_1
    libinit.o(.ARM.Collect$$libinit$$00000000) refers (Special) to libinit2.o(.ARM.Collect$$libinit$$0000002C) for __rt_lib_init_argv_1
    libinit.o(.ARM.Collect$$libinit$$00000000) refers (Special) to libinit2.o(.ARM.Collect$$libinit$$0000001B) for __rt_lib_init_atexit_1
    libinit.o(.ARM.Collect$$libinit$$00000000) refers (Special) to libinit2.o(.ARM.Collect$$libinit$$00000021) for __rt_lib_init_clock_1
    libinit.o(.ARM.Collect$$libinit$$00000000) refers (Special) to libinit2.o(.ARM.Collect$$libinit$$00000032) for __rt_lib_init_cpp_1
    libinit.o(.ARM.Collect$$libinit$$00000000) refers (Special) to libinit2.o(.ARM.Collect$$libinit$$00000030) for __rt_lib_init_exceptions_1
    libinit.o(.ARM.Collect$$libinit$$00000000) refers (Special) to libinit2.o(.ARM.Collect$$libinit$$00000001) for __rt_lib_init_fp_1
    libinit.o(.ARM.Collect$$libinit$$00000000) refers (Special) to libinit2.o(.ARM.Collect$$libinit$$0000001F) for __rt_lib_init_fp_trap_1
    libinit.o(.ARM.Collect$$libinit$$00000000) refers (Special) to libinit2.o(.ARM.Collect$$libinit$$00000023) for __rt_lib_init_getenv_1
    libinit.o(.ARM.Collect$$libinit$$00000000) refers (Special) to libinit2.o(.ARM.Collect$$libinit$$0000000A) for __rt_lib_init_heap_1
    libinit.o(.ARM.Collect$$libinit$$00000000) refers (Special) to libinit2.o(.ARM.Collect$$libinit$$00000011) for __rt_lib_init_lc_collate_1
    libinit.o(.ARM.Collect$$libinit$$00000000) refers (Special) to libinit2.o(.ARM.Collect$$libinit$$00000013) for __rt_lib_init_lc_ctype_1
    libinit.o(.ARM.Collect$$libinit$$00000000) refers (Special) to libinit2.o(.ARM.Collect$$libinit$$00000015) for __rt_lib_init_lc_monetary_1
    libinit.o(.ARM.Collect$$libinit$$00000000) refers (Special) to libinit2.o(.ARM.Collect$$libinit$$00000017) for __rt_lib_init_lc_numeric_1
    libinit.o(.ARM.Collect$$libinit$$00000000) refers (Special) to libinit2.o(.ARM.Collect$$libinit$$00000019) for __rt_lib_init_lc_time_1
    libinit.o(.ARM.Collect$$libinit$$00000000) refers (Special) to libinit2.o(.ARM.Collect$$libinit$$00000004) for __rt_lib_init_preinit_1
    libinit.o(.ARM.Collect$$libinit$$00000000) refers (Special) to libinit2.o(.ARM.Collect$$libinit$$0000000E) for __rt_lib_init_rand_1
    libinit.o(.ARM.Collect$$libinit$$00000000) refers (Special) to libinit2.o(.ARM.Collect$$libinit$$00000033) for __rt_lib_init_return
    libinit.o(.ARM.Collect$$libinit$$00000000) refers (Special) to libinit2.o(.ARM.Collect$$libinit$$0000001D) for __rt_lib_init_signal_1
    libinit.o(.ARM.Collect$$libinit$$00000000) refers (Special) to libinit2.o(.ARM.Collect$$libinit$$00000025) for __rt_lib_init_stdio_1
    libinit.o(.ARM.Collect$$libinit$$00000000) refers (Special) to libinit2.o(.ARM.Collect$$libinit$$0000000C) for __rt_lib_init_user_alloc_1
    libspace.o(.text) refers to libspace.o(.bss) for __libspace_start
    rtexit.o(.ARM.Collect$$rtexit$$00000000) refers (Special) to rtexit2.o(.ARM.Collect$$rtexit$$00000004) for __rt_exit_exit
    rtexit.o(.ARM.Collect$$rtexit$$00000000) refers (Special) to rtexit2.o(.ARM.Collect$$rtexit$$00000003) for __rt_exit_ls
    rtexit.o(.ARM.Collect$$rtexit$$00000000) refers (Special) to rtexit2.o(.ARM.Collect$$rtexit$$00000002) for __rt_exit_prels_1
    rtexit.o(.ARM.exidx) refers (Special) to rtexit2.o(.ARM.Collect$$rtexit$$00000004) for __rt_exit_exit
    rtexit.o(.ARM.exidx) refers (Special) to rtexit2.o(.ARM.Collect$$rtexit$$00000003) for __rt_exit_ls
    rtexit.o(.ARM.exidx) refers (Special) to rtexit2.o(.ARM.Collect$$rtexit$$00000002) for __rt_exit_prels_1
    rtexit.o(.ARM.exidx) refers to rtexit.o(.ARM.Collect$$rtexit$$00000000) for .ARM.Collect$$rtexit$$00000000
    libinit2.o(.ARM.Collect$$libinit$$00000001) refers to fpinit.o(x$fpl$fpinit) for _fp_init
    libinit2.o(.ARM.Collect$$libinit$$00000010) refers to libinit2.o(.ARM.Collect$$libinit$$0000000F) for .ARM.Collect$$libinit$$0000000F
    libinit2.o(.ARM.Collect$$libinit$$00000012) refers to libinit2.o(.ARM.Collect$$libinit$$0000000F) for .ARM.Collect$$libinit$$0000000F
    libinit2.o(.ARM.Collect$$libinit$$00000014) refers to libinit2.o(.ARM.Collect$$libinit$$0000000F) for .ARM.Collect$$libinit$$0000000F
    libinit2.o(.ARM.Collect$$libinit$$00000016) refers to libinit2.o(.ARM.Collect$$libinit$$0000000F) for .ARM.Collect$$libinit$$0000000F
    libinit2.o(.ARM.Collect$$libinit$$00000018) refers to libinit2.o(.ARM.Collect$$libinit$$0000000F) for .ARM.Collect$$libinit$$0000000F
    libinit2.o(.ARM.Collect$$libinit$$00000026) refers to argv_veneer.o(.emb_text) for __ARM_argv_veneer
    libinit2.o(.ARM.Collect$$libinit$$00000027) refers to argv_veneer.o(.emb_text) for __ARM_argv_veneer
    rtexit2.o(.ARM.Collect$$rtexit$$00000003) refers to libshutdown.o(.ARM.Collect$$libshutdown$$00000000) for __rt_lib_shutdown
    rtexit2.o(.ARM.Collect$$rtexit$$00000004) refers to sys_exit.o(.text) for _sys_exit
    rtexit2.o(.ARM.exidx) refers to rtexit2.o(.ARM.Collect$$rtexit$$00000001) for .ARM.Collect$$rtexit$$00000001
    rtexit2.o(.ARM.exidx) refers to rtexit2.o(.ARM.Collect$$rtexit$$00000003) for .ARM.Collect$$rtexit$$00000003
    rtexit2.o(.ARM.exidx) refers to rtexit2.o(.ARM.Collect$$rtexit$$00000004) for .ARM.Collect$$rtexit$$00000004
    argv_veneer.o(.emb_text) refers to no_argv.o(.text) for __ARM_get_argv
    sys_exit.o(.text) refers (Special) to use_no_semi.o(.text) for __I$use$semihosting
    sys_exit.o(.text) refers (Special) to indicate_semi.o(.text) for __semihosting_library_function
    sys_exit_hlt.o(.text) refers (Special) to use_no_semi.o(.text) for __I$use$semihosting
    sys_exit_hlt.o(.text) refers (Special) to indicate_semi.o(.text) for __semihosting_library_function
    _get_argv_nomalloc.o(.text) refers (Special) to hrguard.o(.text) for __heap_region$guard
    _get_argv_nomalloc.o(.text) refers to defsig_rtmem_outer.o(.text) for __rt_SIGRTMEM
    _get_argv_nomalloc.o(.text) refers to sys_command.o(.text) for _sys_command_string
    libshutdown.o(.ARM.Collect$$libshutdown$$00000000) refers (Special) to libshutdown2.o(.ARM.Collect$$libshutdown$$00000002) for __rt_lib_shutdown_cpp_1
    libshutdown.o(.ARM.Collect$$libshutdown$$00000000) refers (Special) to libshutdown2.o(.ARM.Collect$$libshutdown$$00000007) for __rt_lib_shutdown_fp_trap_1
    libshutdown.o(.ARM.Collect$$libshutdown$$00000000) refers (Special) to libshutdown2.o(.ARM.Collect$$libshutdown$$0000000F) for __rt_lib_shutdown_heap_1
    libshutdown.o(.ARM.Collect$$libshutdown$$00000000) refers (Special) to libshutdown2.o(.ARM.Collect$$libshutdown$$00000010) for __rt_lib_shutdown_return
    libshutdown.o(.ARM.Collect$$libshutdown$$00000000) refers (Special) to libshutdown2.o(.ARM.Collect$$libshutdown$$0000000A) for __rt_lib_shutdown_signal_1
    libshutdown.o(.ARM.Collect$$libshutdown$$00000000) refers (Special) to libshutdown2.o(.ARM.Collect$$libshutdown$$00000004) for __rt_lib_shutdown_stdio_1
    libshutdown.o(.ARM.Collect$$libshutdown$$00000000) refers (Special) to libshutdown2.o(.ARM.Collect$$libshutdown$$0000000C) for __rt_lib_shutdown_user_alloc_1
    sys_command.o(.text) refers (Special) to use_no_semi.o(.text) for __I$use$semihosting
    sys_command.o(.text) refers (Special) to indicate_semi.o(.text) for __semihosting_library_function
    sys_command_hlt.o(.text) refers (Special) to use_no_semi.o(.text) for __I$use$semihosting
    sys_command_hlt.o(.text) refers (Special) to indicate_semi.o(.text) for __semihosting_library_function
    defsig_rtmem_outer.o(.text) refers to defsig_rtmem_inner.o(.text) for __rt_SIGRTMEM_inner
    defsig_rtmem_outer.o(.text) refers to defsig_exit.o(.text) for __sig_exit
    defsig_rtmem_formal.o(.text) refers to rt_raise.o(.text) for __rt_raise
    rt_raise.o(.text) refers to __raise.o(.text) for __raise
    rt_raise.o(.text) refers to sys_exit.o(.text) for _sys_exit
    defsig_exit.o(.text) refers to sys_exit.o(.text) for _sys_exit
    defsig_rtmem_inner.o(.text) refers to defsig_general.o(.text) for __default_signal_display
    __raise.o(.text) refers to defsig.o(CL$$defsig) for __default_signal_handler
    defsig_general.o(.text) refers to sys_wrch.o(.text) for _ttywrch
    sys_wrch.o(.text) refers (Special) to use_no_semi.o(.text) for __I$use$semihosting
    sys_wrch.o(.text) refers (Special) to indicate_semi.o(.text) for __semihosting_library_function
    sys_wrch_hlt.o(.text) refers (Special) to use_no_semi.o(.text) for __I$use$semihosting
    sys_wrch_hlt.o(.text) refers (Special) to indicate_semi.o(.text) for __semihosting_library_function
    defsig.o(CL$$defsig) refers to defsig_rtmem_inner.o(.text) for __rt_SIGRTMEM_inner
    defsig_abrt_inner.o(.text) refers to defsig_general.o(.text) for __default_signal_display
    defsig_fpe_inner.o(.text) refers to defsig_general.o(.text) for __default_signal_display
    defsig_rtred_inner.o(.text) refers to defsig_general.o(.text) for __default_signal_display
    defsig_stak_inner.o(.text) refers to defsig_general.o(.text) for __default_signal_display
    defsig_pvfn_inner.o(.text) refers to defsig_general.o(.text) for __default_signal_display
    defsig_cppl_inner.o(.text) refers to defsig_general.o(.text) for __default_signal_display
    defsig_segv_inner.o(.text) refers to defsig_general.o(.text) for __default_signal_display
    defsig_other.o(.text) refers to defsig_general.o(.text) for __default_signal_display


==============================================================================

Removing Unused input sections from the image.

    Removing display.o(.text), (0 bytes).
    Removing display.o(.ARM.exidx.text.reset), (8 bytes).
    Removing display.o(.ARM.exidx.text.main), (8 bytes).
    Removing display.o(.ARM.exidx.text.SetX), (8 bytes).
    Removing display.o(.ARM.exidx.text.GLCD_Pageselect), (8 bytes).
    Removing display.o(.ARM.exidx.text.Delay_ms), (8 bytes).
    Removing display.o(.ARM.exidx.text.get), (8 bytes).
    Removing display.o(.ARM.exidx.text.USART_init), (8 bytes).
    Removing display.o(.ARM.exidx.text.PORTS_init), (8 bytes).
    Removing display.o(.text.send), (28 bytes).
    Removing display.o(.ARM.exidx.text.send), (8 bytes).
    Removing display.o(.text.sendstring), (28 bytes).
    Removing display.o(.ARM.exidx.text.sendstring), (8 bytes).
    Removing display.o(.ARM.exidx.text.TIM2CONFIG), (8 bytes).
    Removing display.o(.ARM.exidx.text.Delay_us), (8 bytes).
    Removing display.o(.text.get_x_pixel), (26 bytes).
    Removing display.o(.ARM.exidx.text.get_x_pixel), (8 bytes).
    Removing display.o(.text.get_y_pixel), (14 bytes).
    Removing display.o(.ARM.exidx.text.get_y_pixel), (8 bytes).
    Removing display.o(.ARM.exidx.text.GLCD_CMD), (8 bytes).
    Removing display.o(.text.GLCD_DTA), (36 bytes).
    Removing display.o(.ARM.exidx.text.GLCD_DTA), (8 bytes).
    Removing display.o(.text.Glcd_DisplayChar), (22 bytes).
    Removing display.o(.ARM.exidx.text.Glcd_DisplayChar), (8 bytes).
    Removing display.o(.ARM.exidx.text.SetY), (8 bytes).
    Removing display.o(.text.set_x_address), (30 bytes).
    Removing display.o(.ARM.exidx.text.set_x_address), (8 bytes).
    Removing display.o(.text.set_line_no), (18 bytes).
    Removing display.o(.ARM.exidx.text.set_line_no), (8 bytes).
    Removing display.o(.ARM.exidx.text.GLCD_INIT), (8 bytes).
    Removing display.o(.ARM.exidx.text.put_data), (8 bytes).
    Removing display.o(.text.glcd_put_char), (108 bytes).
    Removing display.o(.ARM.exidx.text.glcd_put_char), (8 bytes).
    Removing display.o(.ARM.exidx.text.update), (8 bytes).
    Removing display.o(.ARM.exidx.text.cls), (8 bytes).
    Removing display.o(.text.clear_pixel), (26 bytes).
    Removing display.o(.ARM.exidx.text.clear_pixel), (8 bytes).
    Removing display.o(.text.Set_pixel), (26 bytes).
    Removing display.o(.ARM.exidx.text.Set_pixel), (8 bytes).
    Removing display.o(.text.glcd_puts), (28 bytes).
    Removing display.o(.ARM.exidx.text.glcd_puts), (8 bytes).
    Removing display.o(.rodata.Terminal6x8), (1152 bytes).
    Removing display.o(.bss.mode), (4 bytes).
    Removing display.o(.data.H), (6 bytes).
    Removing display.o(.ARM.use_no_argv), (4 bytes).
    Removing system_stm32f4xx.o(.text), (0 bytes).
    Removing system_stm32f4xx.o(.ARM.exidx.text.SystemInit), (8 bytes).
    Removing system_stm32f4xx.o(.text.SystemCoreClockUpdate), (126 bytes).
    Removing system_stm32f4xx.o(.ARM.exidx.text.SystemCoreClockUpdate), (8 bytes).
    Removing system_stm32f4xx.o(.data.SystemCoreClock), (4 bytes).
    Removing system_stm32f4xx.o(.rodata.AHBPrescTable), (16 bytes).
    Removing system_stm32f4xx.o(.rodata.APBPrescTable), (8 bytes).

52 unused section(s) (total 1950 bytes) removed from the image.

==============================================================================

Image Symbol Table

    Local Symbols

    Symbol Name                              Value     Ov Type        Size  Object(Section)

    ../clib/angel/boardlib.s                 0x00000000   Number         0  boardinit1.o ABSOLUTE
    ../clib/angel/boardlib.s                 0x00000000   Number         0  boardinit2.o ABSOLUTE
    ../clib/angel/boardlib.s                 0x00000000   Number         0  boardinit3.o ABSOLUTE
    ../clib/angel/boardlib.s                 0x00000000   Number         0  boardshut.o ABSOLUTE
    ../clib/angel/handlers.s                 0x00000000   Number         0  __scatter_zi.o ABSOLUTE
    ../clib/angel/kernel.s                   0x00000000   Number         0  __rtentry.o ABSOLUTE
    ../clib/angel/kernel.s                   0x00000000   Number         0  __rtentry2.o ABSOLUTE
    ../clib/angel/kernel.s                   0x00000000   Number         0  __rtentry4.o ABSOLUTE
    ../clib/angel/kernel.s                   0x00000000   Number         0  rtexit.o ABSOLUTE
    ../clib/angel/kernel.s                   0x00000000   Number         0  rtexit2.o ABSOLUTE
    ../clib/angel/rt.s                       0x00000000   Number         0  rt_raise.o ABSOLUTE
    ../clib/angel/scatter.s                  0x00000000   Number         0  __scatter.o ABSOLUTE
    ../clib/angel/startup.s                  0x00000000   Number         0  __main.o ABSOLUTE
    ../clib/angel/sys.s                      0x00000000   Number         0  sys_stackheap_outer.o ABSOLUTE
    ../clib/angel/sys.s                      0x00000000   Number         0  libspace.o ABSOLUTE
    ../clib/angel/sys.s                      0x00000000   Number         0  use_no_semi.o ABSOLUTE
    ../clib/angel/sys.s                      0x00000000   Number         0  indicate_semi.o ABSOLUTE
    ../clib/angel/sysapp.c                   0x00000000   Number         0  sys_exit.o ABSOLUTE
    ../clib/angel/sysapp.c                   0x00000000   Number         0  sys_exit_hlt.o ABSOLUTE
    ../clib/angel/sysapp.c                   0x00000000   Number         0  sys_command.o ABSOLUTE
    ../clib/angel/sysapp.c                   0x00000000   Number         0  sys_command_hlt.o ABSOLUTE
    ../clib/angel/sysapp.c                   0x00000000   Number         0  sys_wrch.o ABSOLUTE
    ../clib/angel/sysapp.c                   0x00000000   Number         0  sys_wrch_hlt.o ABSOLUTE
    ../clib/armsys.c                         0x00000000   Number         0  argv_veneer.o ABSOLUTE
    ../clib/armsys.c                         0x00000000   Number         0  argv_veneer.o ABSOLUTE
    ../clib/armsys.c                         0x00000000   Number         0  _get_argv_nomalloc.o ABSOLUTE
    ../clib/armsys.c                         0x00000000   Number         0  no_argv.o ABSOLUTE
    ../clib/heapalloc.c                      0x00000000   Number         0  hrguard.o ABSOLUTE
    ../clib/heapaux.c                        0x00000000   Number         0  heapauxi.o ABSOLUTE
    ../clib/libinit.s                        0x00000000   Number         0  libinit.o ABSOLUTE
    ../clib/libinit.s                        0x00000000   Number         0  libinit2.o ABSOLUTE
    ../clib/libinit.s                        0x00000000   Number         0  libshutdown.o ABSOLUTE
    ../clib/libinit.s                        0x00000000   Number         0  libshutdown2.o ABSOLUTE
    ../clib/memcpset.s                       0x00000000   Number         0  rt_memclr_w.o ABSOLUTE
    ../clib/signal.c                         0x00000000   Number         0  defsig_rtmem_outer.o ABSOLUTE
    ../clib/signal.c                         0x00000000   Number         0  defsig_rtmem_formal.o ABSOLUTE
    ../clib/signal.c                         0x00000000   Number         0  defsig_exit.o ABSOLUTE
    ../clib/signal.c                         0x00000000   Number         0  defsig_rtmem_inner.o ABSOLUTE
    ../clib/signal.c                         0x00000000   Number         0  __raise.o ABSOLUTE
    ../clib/signal.c                         0x00000000   Number         0  defsig_general.o ABSOLUTE
    ../clib/signal.c                         0x00000000   Number         0  defsig_abrt_inner.o ABSOLUTE
    ../clib/signal.c                         0x00000000   Number         0  defsig_fpe_inner.o ABSOLUTE
    ../clib/signal.c                         0x00000000   Number         0  defsig_rtred_inner.o ABSOLUTE
    ../clib/signal.c                         0x00000000   Number         0  defsig_stak_inner.o ABSOLUTE
    ../clib/signal.c                         0x00000000   Number         0  defsig_pvfn_inner.o ABSOLUTE
    ../clib/signal.c                         0x00000000   Number         0  defsig_cppl_inner.o ABSOLUTE
    ../clib/signal.c                         0x00000000   Number         0  defsig_segv_inner.o ABSOLUTE
    ../clib/signal.c                         0x00000000   Number         0  defsig_other.o ABSOLUTE
    ../clib/signal.s                         0x00000000   Number         0  defsig.o ABSOLUTE
    ../clib/stdlib.c                         0x00000000   Number         0  exit.o ABSOLUTE
    ../fplib/daddsub.s                       0x00000000   Number         0  daddsub_clz.o ABSOLUTE
    ../fplib/ddiv.s                          0x00000000   Number         0  ddiv.o ABSOLUTE
    ../fplib/dfix.s                          0x00000000   Number         0  dfix.o ABSOLUTE
    ../fplib/dflt.s                          0x00000000   Number         0  dflt_clz.o ABSOLUTE
    ../fplib/dmul.s                          0x00000000   Number         0  dmul.o ABSOLUTE
    ../fplib/dnaninf.s                       0x00000000   Number         0  dnaninf.o ABSOLUTE
    ../fplib/dretinf.s                       0x00000000   Number         0  dretinf.o ABSOLUTE
    ../fplib/fpinit.s                        0x00000000   Number         0  fpinit.o ABSOLUTE
    ../fplib/usenofp.s                       0x00000000   Number         0  usenofp.o ABSOLUTE
    DISPLAY.c                                0x00000000   Number         0  display.o ABSOLUTE
    RTE/Device/STM32F401RETx/startup_stm32f401xe.s 0x00000000   Number         0  startup_stm32f401xe.o ABSOLUTE
    dc.s                                     0x00000000   Number         0  dc.o ABSOLUTE
    system_stm32f4xx.c                       0x00000000   Number         0  system_stm32f4xx.o ABSOLUTE
    RESET                                    0x08000000   Section      404  startup_stm32f401xe.o(RESET)
    !!!main                                  0x08000194   Section        8  __main.o(!!!main)
    !!!scatter                               0x0800019c   Section       52  __scatter.o(!!!scatter)
    !!handler_zi                             0x080001d0   Section       28  __scatter_zi.o(!!handler_zi)
    .ARM.Collect$$libinit$$00000000          0x080001ec   Section        2  libinit.o(.ARM.Collect$$libinit$$00000000)
    .ARM.Collect$$libinit$$00000001          0x080001ee   Section        4  libinit2.o(.ARM.Collect$$libinit$$00000001)
    .ARM.Collect$$libinit$$00000004          0x080001f2   Section        0  libinit2.o(.ARM.Collect$$libinit$$00000004)
    .ARM.Collect$$libinit$$0000000A          0x080001f2   Section        0  libinit2.o(.ARM.Collect$$libinit$$0000000A)
    .ARM.Collect$$libinit$$0000000C          0x080001f2   Section        0  libinit2.o(.ARM.Collect$$libinit$$0000000C)
    .ARM.Collect$$libinit$$0000000E          0x080001f2   Section        0  libinit2.o(.ARM.Collect$$libinit$$0000000E)
    .ARM.Collect$$libinit$$00000011          0x080001f2   Section        0  libinit2.o(.ARM.Collect$$libinit$$00000011)
    .ARM.Collect$$libinit$$00000013          0x080001f2   Section        0  libinit2.o(.ARM.Collect$$libinit$$00000013)
    .ARM.Collect$$libinit$$00000015          0x080001f2   Section        0  libinit2.o(.ARM.Collect$$libinit$$00000015)
    .ARM.Collect$$libinit$$00000017          0x080001f2   Section        0  libinit2.o(.ARM.Collect$$libinit$$00000017)
    .ARM.Collect$$libinit$$00000019          0x080001f2   Section        0  libinit2.o(.ARM.Collect$$libinit$$00000019)
    .ARM.Collect$$libinit$$0000001B          0x080001f2   Section        0  libinit2.o(.ARM.Collect$$libinit$$0000001B)
    .ARM.Collect$$libinit$$0000001D          0x080001f2   Section        0  libinit2.o(.ARM.Collect$$libinit$$0000001D)
    .ARM.Collect$$libinit$$0000001F          0x080001f2   Section        0  libinit2.o(.ARM.Collect$$libinit$$0000001F)
    .ARM.Collect$$libinit$$00000021          0x080001f2   Section        0  libinit2.o(.ARM.Collect$$libinit$$00000021)
    .ARM.Collect$$libinit$$00000023          0x080001f2   Section        0  libinit2.o(.ARM.Collect$$libinit$$00000023)
    .ARM.Collect$$libinit$$00000025          0x080001f2   Section        0  libinit2.o(.ARM.Collect$$libinit$$00000025)
    .ARM.Collect$$libinit$$0000002C          0x080001f2   Section        0  libinit2.o(.ARM.Collect$$libinit$$0000002C)
    .ARM.Collect$$libinit$$0000002E          0x080001f2   Section        0  libinit2.o(.ARM.Collect$$libinit$$0000002E)
    .ARM.Collect$$libinit$$00000030          0x080001f2   Section        0  libinit2.o(.ARM.Collect$$libinit$$00000030)
    .ARM.Collect$$libinit$$00000032          0x080001f2   Section        0  libinit2.o(.ARM.Collect$$libinit$$00000032)
    .ARM.Collect$$libinit$$00000033          0x080001f2   Section        2  libinit2.o(.ARM.Collect$$libinit$$00000033)
    .ARM.Collect$$libshutdown$$00000000      0x080001f4   Section        2  libshutdown.o(.ARM.Collect$$libshutdown$$00000000)
    .ARM.Collect$$libshutdown$$00000002      0x080001f6   Section        0  libshutdown2.o(.ARM.Collect$$libshutdown$$00000002)
    .ARM.Collect$$libshutdown$$00000004      0x080001f6   Section        0  libshutdown2.o(.ARM.Collect$$libshutdown$$00000004)
    .ARM.Collect$$libshutdown$$00000007      0x080001f6   Section        0  libshutdown2.o(.ARM.Collect$$libshutdown$$00000007)
    .ARM.Collect$$libshutdown$$0000000A      0x080001f6   Section        0  libshutdown2.o(.ARM.Collect$$libshutdown$$0000000A)
    .ARM.Collect$$libshutdown$$0000000C      0x080001f6   Section        0  libshutdown2.o(.ARM.Collect$$libshutdown$$0000000C)
    .ARM.Collect$$libshutdown$$0000000F      0x080001f6   Section        0  libshutdown2.o(.ARM.Collect$$libshutdown$$0000000F)
    .ARM.Collect$$libshutdown$$00000010      0x080001f6   Section        2  libshutdown2.o(.ARM.Collect$$libshutdown$$00000010)
    .ARM.Collect$$rtentry$$00000000          0x080001f8   Section        0  __rtentry.o(.ARM.Collect$$rtentry$$00000000)
    .ARM.Collect$$rtentry$$00000002          0x080001f8   Section        0  __rtentry2.o(.ARM.Collect$$rtentry$$00000002)
    .ARM.Collect$$rtentry$$00000004          0x080001f8   Section        6  __rtentry4.o(.ARM.Collect$$rtentry$$00000004)
    .ARM.Collect$$rtentry$$00000009          0x080001fe   Section        0  __rtentry2.o(.ARM.Collect$$rtentry$$00000009)
    .ARM.Collect$$rtentry$$0000000A          0x080001fe   Section        4  __rtentry2.o(.ARM.Collect$$rtentry$$0000000A)
    .ARM.Collect$$rtentry$$0000000C          0x08000202   Section        0  __rtentry2.o(.ARM.Collect$$rtentry$$0000000C)
    .ARM.Collect$$rtentry$$0000000D          0x08000202   Section        8  __rtentry2.o(.ARM.Collect$$rtentry$$0000000D)
    .ARM.Collect$$rtexit$$00000000           0x0800020a   Section        2  rtexit.o(.ARM.Collect$$rtexit$$00000000)
    .ARM.Collect$$rtexit$$00000002           0x0800020c   Section        0  rtexit2.o(.ARM.Collect$$rtexit$$00000002)
    .ARM.Collect$$rtexit$$00000003           0x0800020c   Section        4  rtexit2.o(.ARM.Collect$$rtexit$$00000003)
    .ARM.Collect$$rtexit$$00000004           0x08000210   Section        6  rtexit2.o(.ARM.Collect$$rtexit$$00000004)
    $v0                                      0x08000218   Number         0  startup_stm32f401xe.o(.text)
    .text                                    0x08000218   Section       64  startup_stm32f401xe.o(.text)
    .text                                    0x08000258   Section       78  rt_memclr_w.o(.text)
    .text                                    0x080002a6   Section        0  heapauxi.o(.text)
    .text                                    0x080002ac   Section       74  sys_stackheap_outer.o(.text)
    .text                                    0x080002f6   Section        0  exit.o(.text)
    .text                                    0x08000308   Section        8  libspace.o(.text)
    .text                                    0x08000310   Section        0  sys_exit.o(.text)
    .text                                    0x0800031c   Section        2  use_no_semi.o(.text)
    .text                                    0x0800031e   Section        0  indicate_semi.o(.text)
    [Anonymous Symbol]                       0x08000320   Section        0  display.o(.text.Delay_ms)
    [Anonymous Symbol]                       0x0800033c   Section        0  display.o(.text.Delay_us)
    [Anonymous Symbol]                       0x08000350   Section        0  display.o(.text.GLCD_CMD)
    [Anonymous Symbol]                       0x080003e0   Section        0  display.o(.text.GLCD_INIT)
    [Anonymous Symbol]                       0x08000424   Section        0  display.o(.text.GLCD_Pageselect)
    [Anonymous Symbol]                       0x0800047c   Section        0  display.o(.text.PORTS_init)
    [Anonymous Symbol]                       0x080004b0   Section        0  display.o(.text.SetX)
    [Anonymous Symbol]                       0x080004f4   Section        0  display.o(.text.SetY)
    [Anonymous Symbol]                       0x08000538   Section        0  system_stm32f4xx.o(.text.SystemInit)
    [Anonymous Symbol]                       0x08000554   Section        0  display.o(.text.TIM2CONFIG)
    [Anonymous Symbol]                       0x08000578   Section        0  display.o(.text.USART_init)
    [Anonymous Symbol]                       0x080005d8   Section        0  display.o(.text.cls)
    [Anonymous Symbol]                       0x080005f0   Section        0  display.o(.text.get)
    [Anonymous Symbol]                       0x08000608   Section        0  display.o(.text.main)
    [Anonymous Symbol]                       0x08000730   Section        0  display.o(.text.put_data)
    [Anonymous Symbol]                       0x080007bc   Section        0  display.o(.text.reset)
    [Anonymous Symbol]                       0x080007d0   Section        0  display.o(.text.update)
    $v0                                      0x08000878   Number         0  daddsub_clz.o(x$fpl$dadd)
    x$fpl$dadd                               0x08000878   Section      336  daddsub_clz.o(x$fpl$dadd)
    _dadd1                                   0x08000889   Thumb Code     0  daddsub_clz.o(x$fpl$dadd)
    $v0                                      0x080009c8   Number         0  ddiv.o(x$fpl$ddiv)
    x$fpl$ddiv                               0x080009c8   Section      692  ddiv.o(x$fpl$ddiv)
    ddiv_entry                               0x080009cf   Thumb Code     0  ddiv.o(x$fpl$ddiv)
    $v0                                      0x08000c7c   Number         0  dfix.o(x$fpl$dfix)
    x$fpl$dfix                               0x08000c7c   Section       94  dfix.o(x$fpl$dfix)
    $v0                                      0x08000cda   Number         0  dflt_clz.o(x$fpl$dflt)
    x$fpl$dflt                               0x08000cda   Section       46  dflt_clz.o(x$fpl$dflt)
    $v0                                      0x08000d08   Number         0  dmul.o(x$fpl$dmul)
    x$fpl$dmul                               0x08000d08   Section      340  dmul.o(x$fpl$dmul)
    $v0                                      0x08000e5c   Number         0  dnaninf.o(x$fpl$dnaninf)
    x$fpl$dnaninf                            0x08000e5c   Section      156  dnaninf.o(x$fpl$dnaninf)
    $v0                                      0x08000ef8   Number         0  dretinf.o(x$fpl$dretinf)
    x$fpl$dretinf                            0x08000ef8   Section       12  dretinf.o(x$fpl$dretinf)
    $v0                                      0x08000f04   Number         0  daddsub_clz.o(x$fpl$dsub)
    x$fpl$dsub                               0x08000f04   Section      476  daddsub_clz.o(x$fpl$dsub)
    _dsub1                                   0x08000f15   Thumb Code     0  daddsub_clz.o(x$fpl$dsub)
    $v0                                      0x080010e0   Number         0  fpinit.o(x$fpl$fpinit)
    x$fpl$fpinit                             0x080010e0   Section       26  fpinit.o(x$fpl$fpinit)
    x$fpl$usenofp                            0x080010fa   Section        0  usenofp.o(x$fpl$usenofp)
    .bss                                     0x20000000   Section       96  libspace.o(.bss)
    Heap_Mem                                 0x20004070   Data         512  startup_stm32f401xe.o(HEAP)
    HEAP                                     0x20004070   Section      512  startup_stm32f401xe.o(HEAP)
    Stack_Mem                                0x20004270   Data        1024  startup_stm32f401xe.o(STACK)
    STACK                                    0x20004270   Section     1024  startup_stm32f401xe.o(STACK)
    __initial_sp                             0x20004670   Data           0  startup_stm32f401xe.o(STACK)

    Global Symbols

    Symbol Name                              Value     Ov Type        Size  Object(Section)

    BuildAttributes$$THM_ISAv4$E$P$D$K$B$S$7EM$VFPi3$EXTD16$VFPS$VFMA$PE$A:L22UL41UL21$X:L11$S22US41US21$IEEE1$IW$~IW$USESV6$~STKCKD$USESV7$~SHL$OTIME$ROPI$EBA8$UX$STANDARDLIB$REQ8$PRES8$EABIv2 0x00000000   Number         0  anon$$obj.o ABSOLUTE
    __ARM_exceptions_init                     - Undefined Weak Reference
    __alloca_initialize                       - Undefined Weak Reference
    __arm_preinit_                            - Undefined Weak Reference
    __cpp_initialize__aeabi_                  - Undefined Weak Reference
    __cxa_finalize                            - Undefined Weak Reference
    __rt_locale                               - Undefined Weak Reference
    __sigvec_lookup                           - Undefined Weak Reference
    _atexit_init                              - Undefined Weak Reference
    _call_atexit_fns                          - Undefined Weak Reference
    _clock_init                               - Undefined Weak Reference
    _fp_trap_init                             - Undefined Weak Reference
    _fp_trap_shutdown                         - Undefined Weak Reference
    _get_lc_collate                           - Undefined Weak Reference
    _get_lc_ctype                             - Undefined Weak Reference
    _get_lc_monetary                          - Undefined Weak Reference
    _get_lc_numeric                           - Undefined Weak Reference
    _get_lc_time                              - Undefined Weak Reference
    _getenv_init                              - Undefined Weak Reference
    _handle_redirection                       - Undefined Weak Reference
    _init_alloc                               - Undefined Weak Reference
    _init_user_alloc                          - Undefined Weak Reference
    _initio                                   - Undefined Weak Reference
    _rand_init                                - Undefined Weak Reference
    _signal_finish                            - Undefined Weak Reference
    _signal_init                              - Undefined Weak Reference
    _terminate_alloc                          - Undefined Weak Reference
    _terminate_user_alloc                     - Undefined Weak Reference
    _terminateio                              - Undefined Weak Reference
    __Vectors_Size                           0x00000194   Number         0  startup_stm32f401xe.o ABSOLUTE
    __Vectors                                0x08000000   Data           4  startup_stm32f401xe.o(RESET)
    __Vectors_End                            0x08000194   Data           0  startup_stm32f401xe.o(RESET)
    __main                                   0x08000195   Thumb Code     8  __main.o(!!!main)
    __scatterload                            0x0800019d   Thumb Code     0  __scatter.o(!!!scatter)
    __scatterload_rt2                        0x0800019d   Thumb Code    44  __scatter.o(!!!scatter)
    __scatterload_rt2_thumb_only             0x0800019d   Thumb Code     0  __scatter.o(!!!scatter)
    __scatterload_null                       0x080001ab   Thumb Code     0  __scatter.o(!!!scatter)
    __scatterload_zeroinit                   0x080001d1   Thumb Code    28  __scatter_zi.o(!!handler_zi)
    __rt_lib_init                            0x080001ed   Thumb Code     0  libinit.o(.ARM.Collect$$libinit$$00000000)
    __rt_lib_init_fp_1                       0x080001ef   Thumb Code     0  libinit2.o(.ARM.Collect$$libinit$$00000001)
    __rt_lib_init_alloca_1                   0x080001f3   Thumb Code     0  libinit2.o(.ARM.Collect$$libinit$$0000002E)
    __rt_lib_init_argv_1                     0x080001f3   Thumb Code     0  libinit2.o(.ARM.Collect$$libinit$$0000002C)
    __rt_lib_init_atexit_1                   0x080001f3   Thumb Code     0  libinit2.o(.ARM.Collect$$libinit$$0000001B)
    __rt_lib_init_clock_1                    0x080001f3   Thumb Code     0  libinit2.o(.ARM.Collect$$libinit$$00000021)
    __rt_lib_init_cpp_1                      0x080001f3   Thumb Code     0  libinit2.o(.ARM.Collect$$libinit$$00000032)
    __rt_lib_init_exceptions_1               0x080001f3   Thumb Code     0  libinit2.o(.ARM.Collect$$libinit$$00000030)
    __rt_lib_init_fp_trap_1                  0x080001f3   Thumb Code     0  libinit2.o(.ARM.Collect$$libinit$$0000001F)
    __rt_lib_init_getenv_1                   0x080001f3   Thumb Code     0  libinit2.o(.ARM.Collect$$libinit$$00000023)
    __rt_lib_init_heap_1                     0x080001f3   Thumb Code     0  libinit2.o(.ARM.Collect$$libinit$$0000000A)
    __rt_lib_init_lc_collate_1               0x080001f3   Thumb Code     0  libinit2.o(.ARM.Collect$$libinit$$00000011)
    __rt_lib_init_lc_ctype_1                 0x080001f3   Thumb Code     0  libinit2.o(.ARM.Collect$$libinit$$00000013)
    __rt_lib_init_lc_monetary_1              0x080001f3   Thumb Code     0  libinit2.o(.ARM.Collect$$libinit$$00000015)
    __rt_lib_init_lc_numeric_1               0x080001f3   Thumb Code     0  libinit2.o(.ARM.Collect$$libinit$$00000017)
    __rt_lib_init_lc_time_1                  0x080001f3   Thumb Code     0  libinit2.o(.ARM.Collect$$libinit$$00000019)
    __rt_lib_init_preinit_1                  0x080001f3   Thumb Code     0  libinit2.o(.ARM.Collect$$libinit$$00000004)
    __rt_lib_init_rand_1                     0x080001f3   Thumb Code     0  libinit2.o(.ARM.Collect$$libinit$$0000000E)
    __rt_lib_init_return                     0x080001f3   Thumb Code     0  libinit2.o(.ARM.Collect$$libinit$$00000033)
    __rt_lib_init_signal_1                   0x080001f3   Thumb Code     0  libinit2.o(.ARM.Collect$$libinit$$0000001D)
    __rt_lib_init_stdio_1                    0x080001f3   Thumb Code     0  libinit2.o(.ARM.Collect$$libinit$$00000025)
    __rt_lib_init_user_alloc_1               0x080001f3   Thumb Code     0  libinit2.o(.ARM.Collect$$libinit$$0000000C)
    __rt_lib_shutdown                        0x080001f5   Thumb Code     0  libshutdown.o(.ARM.Collect$$libshutdown$$00000000)
    __rt_lib_shutdown_cpp_1                  0x080001f7   Thumb Code     0  libshutdown2.o(.ARM.Collect$$libshutdown$$00000002)
    __rt_lib_shutdown_fp_trap_1              0x080001f7   Thumb Code     0  libshutdown2.o(.ARM.Collect$$libshutdown$$00000007)
    __rt_lib_shutdown_heap_1                 0x080001f7   Thumb Code     0  libshutdown2.o(.ARM.Collect$$libshutdown$$0000000F)
    __rt_lib_shutdown_return                 0x080001f7   Thumb Code     0  libshutdown2.o(.ARM.Collect$$libshutdown$$00000010)
    __rt_lib_shutdown_signal_1               0x080001f7   Thumb Code     0  libshutdown2.o(.ARM.Collect$$libshutdown$$0000000A)
    __rt_lib_shutdown_stdio_1                0x080001f7   Thumb Code     0  libshutdown2.o(.ARM.Collect$$libshutdown$$00000004)
    __rt_lib_shutdown_user_alloc_1           0x080001f7   Thumb Code     0  libshutdown2.o(.ARM.Collect$$libshutdown$$0000000C)
    __rt_entry                               0x080001f9   Thumb Code     0  __rtentry.o(.ARM.Collect$$rtentry$$00000000)
    __rt_entry_presh_1                       0x080001f9   Thumb Code     0  __rtentry2.o(.ARM.Collect$$rtentry$$00000002)
    __rt_entry_sh                            0x080001f9   Thumb Code     0  __rtentry4.o(.ARM.Collect$$rtentry$$00000004)
    __rt_entry_li                            0x080001ff   Thumb Code     0  __rtentry2.o(.ARM.Collect$$rtentry$$0000000A)
    __rt_entry_postsh_1                      0x080001ff   Thumb Code     0  __rtentry2.o(.ARM.Collect$$rtentry$$00000009)
    __rt_entry_main                          0x08000203   Thumb Code     0  __rtentry2.o(.ARM.Collect$$rtentry$$0000000D)
    __rt_entry_postli_1                      0x08000203   Thumb Code     0  __rtentry2.o(.ARM.Collect$$rtentry$$0000000C)
    __rt_exit                                0x0800020b   Thumb Code     0  rtexit.o(.ARM.Collect$$rtexit$$00000000)
    __rt_exit_ls                             0x0800020d   Thumb Code     0  rtexit2.o(.ARM.Collect$$rtexit$$00000003)
    __rt_exit_prels_1                        0x0800020d   Thumb Code     0  rtexit2.o(.ARM.Collect$$rtexit$$00000002)
    __rt_exit_exit                           0x08000211   Thumb Code     0  rtexit2.o(.ARM.Collect$$rtexit$$00000004)
    Reset_Handler                            0x08000219   Thumb Code     8  startup_stm32f401xe.o(.text)
    NMI_Handler                              0x08000221   Thumb Code     2  startup_stm32f401xe.o(.text)
    HardFault_Handler                        0x08000223   Thumb Code     2  startup_stm32f401xe.o(.text)
    MemManage_Handler                        0x08000225   Thumb Code     2  startup_stm32f401xe.o(.text)
    BusFault_Handler                         0x08000227   Thumb Code     2  startup_stm32f401xe.o(.text)
    UsageFault_Handler                       0x08000229   Thumb Code     2  startup_stm32f401xe.o(.text)
    SVC_Handler                              0x0800022b   Thumb Code     2  startup_stm32f401xe.o(.text)
    DebugMon_Handler                         0x0800022d   Thumb Code     2  startup_stm32f401xe.o(.text)
    PendSV_Handler                           0x0800022f   Thumb Code     2  startup_stm32f401xe.o(.text)
    SysTick_Handler                          0x08000231   Thumb Code     2  startup_stm32f401xe.o(.text)
    ADC_IRQHandler                           0x08000233   Thumb Code     0  startup_stm32f401xe.o(.text)
    DMA1_Stream0_IRQHandler                  0x08000233   Thumb Code     0  startup_stm32f401xe.o(.text)
    DMA1_Stream1_IRQHandler                  0x08000233   Thumb Code     0  startup_stm32f401xe.o(.text)
    DMA1_Stream2_IRQHandler                  0x08000233   Thumb Code     0  startup_stm32f401xe.o(.text)
    DMA1_Stream3_IRQHandler                  0x08000233   Thumb Code     0  startup_stm32f401xe.o(.text)
    DMA1_Stream4_IRQHandler                  0x08000233   Thumb Code     0  startup_stm32f401xe.o(.text)
    DMA1_Stream5_IRQHandler                  0x08000233   Thumb Code     0  startup_stm32f401xe.o(.text)
    DMA1_Stream6_IRQHandler                  0x08000233   Thumb Code     0  startup_stm32f401xe.o(.text)
    DMA1_Stream7_IRQHandler                  0x08000233   Thumb Code     0  startup_stm32f401xe.o(.text)
    DMA2_Stream0_IRQHandler                  0x08000233   Thumb Code     0  startup_stm32f401xe.o(.text)
    DMA2_Stream1_IRQHandler                  0x08000233   Thumb Code     0  startup_stm32f401xe.o(.text)
    DMA2_Stream2_IRQHandler                  0x08000233   Thumb Code     0  startup_stm32f401xe.o(.text)
    DMA2_Stream3_IRQHandler                  0x08000233   Thumb Code     0  startup_stm32f401xe.o(.text)
    DMA2_Stream4_IRQHandler                  0x08000233   Thumb Code     0  startup_stm32f401xe.o(.text)
    DMA2_Stream5_IRQHandler                  0x08000233   Thumb Code     0  startup_stm32f401xe.o(.text)
    DMA2_Stream6_IRQHandler                  0x08000233   Thumb Code     0  startup_stm32f401xe.o(.text)
    DMA2_Stream7_IRQHandler                  0x08000233   Thumb Code     0  startup_stm32f401xe.o(.text)
    EXTI0_IRQHandler                         0x08000233   Thumb Code     0  startup_stm32f401xe.o(.text)
    EXTI15_10_IRQHandler                     0x08000233   Thumb Code     0  startup_stm32f401xe.o(.text)
    EXTI1_IRQHandler                         0x08000233   Thumb Code     0  startup_stm32f401xe.o(.text)
    EXTI2_IRQHandler                         0x08000233   Thumb Code     0  startup_stm32f401xe.o(.text)
    EXTI3_IRQHandler                         0x08000233   Thumb Code     0  startup_stm32f401xe.o(.text)
    EXTI4_IRQHandler                         0x08000233   Thumb Code     0  startup_stm32f401xe.o(.text)
    EXTI9_5_IRQHandler                       0x08000233   Thumb Code     0  startup_stm32f401xe.o(.text)
    FLASH_IRQHandler                         0x08000233   Thumb Code     0  startup_stm32f401xe.o(.text)
    FPU_IRQHandler                           0x08000233   Thumb Code     0  startup_stm32f401xe.o(.text)
    I2C1_ER_IRQHandler                       0x08000233   Thumb Code     0  startup_stm32f401xe.o(.text)
    I2C1_EV_IRQHandler                       0x08000233   Thumb Code     0  startup_stm32f401xe.o(.text)
    I2C2_ER_IRQHandler                       0x08000233   Thumb Code     0  startup_stm32f401xe.o(.text)
    I2C2_EV_IRQHandler                       0x08000233   Thumb Code     0  startup_stm32f401xe.o(.text)
    I2C3_ER_IRQHandler                       0x08000233   Thumb Code     0  startup_stm32f401xe.o(.text)
    I2C3_EV_IRQHandler                       0x08000233   Thumb Code     0  startup_stm32f401xe.o(.text)
    OTG_FS_IRQHandler                        0x08000233   Thumb Code     0  startup_stm32f401xe.o(.text)
    OTG_FS_WKUP_IRQHandler                   0x08000233   Thumb Code     0  startup_stm32f401xe.o(.text)
    PVD_IRQHandler                           0x08000233   Thumb Code     0  startup_stm32f401xe.o(.text)
    RCC_IRQHandler                           0x08000233   Thumb Code     0  startup_stm32f401xe.o(.text)
    RTC_Alarm_IRQHandler                     0x08000233   Thumb Code     0  startup_stm32f401xe.o(.text)
    RTC_WKUP_IRQHandler                      0x08000233   Thumb Code     0  startup_stm32f401xe.o(.text)
    SDIO_IRQHandler                          0x08000233   Thumb Code     0  startup_stm32f401xe.o(.text)
    SPI1_IRQHandler                          0x08000233   Thumb Code     0  startup_stm32f401xe.o(.text)
    SPI2_IRQHandler                          0x08000233   Thumb Code     0  startup_stm32f401xe.o(.text)
    SPI3_IRQHandler                          0x08000233   Thumb Code     0  startup_stm32f401xe.o(.text)
    SPI4_IRQHandler                          0x08000233   Thumb Code     0  startup_stm32f401xe.o(.text)
    TAMP_STAMP_IRQHandler                    0x08000233   Thumb Code     0  startup_stm32f401xe.o(.text)
    TIM1_BRK_TIM9_IRQHandler                 0x08000233   Thumb Code     0  startup_stm32f401xe.o(.text)
    TIM1_CC_IRQHandler                       0x08000233   Thumb Code     0  startup_stm32f401xe.o(.text)
    TIM1_TRG_COM_TIM11_IRQHandler            0x08000233   Thumb Code     0  startup_stm32f401xe.o(.text)
    TIM1_UP_TIM10_IRQHandler                 0x08000233   Thumb Code     0  startup_stm32f401xe.o(.text)
    TIM2_IRQHandler                          0x08000233   Thumb Code     0  startup_stm32f401xe.o(.text)
    TIM3_IRQHandler                          0x08000233   Thumb Code     0  startup_stm32f401xe.o(.text)
    TIM4_IRQHandler                          0x08000233   Thumb Code     0  startup_stm32f401xe.o(.text)
    TIM5_IRQHandler                          0x08000233   Thumb Code     0  startup_stm32f401xe.o(.text)
    USART1_IRQHandler                        0x08000233   Thumb Code     0  startup_stm32f401xe.o(.text)
    USART2_IRQHandler                        0x08000233   Thumb Code     0  startup_stm32f401xe.o(.text)
    USART6_IRQHandler                        0x08000233   Thumb Code     0  startup_stm32f401xe.o(.text)
    WWDG_IRQHandler                          0x08000233   Thumb Code     0  startup_stm32f401xe.o(.text)
    __user_initial_stackheap                 0x08000235   Thumb Code     0  startup_stm32f401xe.o(.text)
    __aeabi_memclr4                          0x08000259   Thumb Code     0  rt_memclr_w.o(.text)
    __aeabi_memclr8                          0x08000259   Thumb Code     0  rt_memclr_w.o(.text)
    __rt_memclr_w                            0x08000259   Thumb Code     0  rt_memclr_w.o(.text)
    _memset_w                                0x0800025d   Thumb Code    74  rt_memclr_w.o(.text)
    __use_two_region_memory                  0x080002a7   Thumb Code     2  heapauxi.o(.text)
    __rt_heap_escrow$2region                 0x080002a9   Thumb Code     2  heapauxi.o(.text)
    __rt_heap_expand$2region                 0x080002ab   Thumb Code     2  heapauxi.o(.text)
    __user_setup_stackheap                   0x080002ad   Thumb Code    74  sys_stackheap_outer.o(.text)
    exit                                     0x080002f7   Thumb Code    18  exit.o(.text)
    __user_libspace                          0x08000309   Thumb Code     8  libspace.o(.text)
    __user_perproc_libspace                  0x08000309   Thumb Code     0  libspace.o(.text)
    __user_perthread_libspace                0x08000309   Thumb Code     0  libspace.o(.text)
    _sys_exit                                0x08000311   Thumb Code     8  sys_exit.o(.text)
    __I$use$semihosting                      0x0800031d   Thumb Code     0  use_no_semi.o(.text)
    __use_no_semihosting_swi                 0x0800031d   Thumb Code     2  use_no_semi.o(.text)
    __semihosting_library_function           0x0800031f   Thumb Code     0  indicate_semi.o(.text)
    Delay_ms                                 0x08000321   Thumb Code    28  display.o(.text.Delay_ms)
    Delay_us                                 0x0800033d   Thumb Code    20  display.o(.text.Delay_us)
    GLCD_CMD                                 0x08000351   Thumb Code   142  display.o(.text.GLCD_CMD)
    GLCD_INIT                                0x080003e1   Thumb Code    68  display.o(.text.GLCD_INIT)
    GLCD_Pageselect                          0x08000425   Thumb Code    88  display.o(.text.GLCD_Pageselect)
    PORTS_init                               0x0800047d   Thumb Code    50  display.o(.text.PORTS_init)
    SetX                                     0x080004b1   Thumb Code    68  display.o(.text.SetX)
    SetY                                     0x080004f5   Thumb Code    68  display.o(.text.SetY)
    SystemInit                               0x08000539   Thumb Code    26  system_stm32f4xx.o(.text.SystemInit)
    TIM2CONFIG                               0x08000555   Thumb Code    36  display.o(.text.TIM2CONFIG)
    USART_init                               0x08000579   Thumb Code    96  display.o(.text.USART_init)
    cls                                      0x080005d9   Thumb Code    24  display.o(.text.cls)
    get                                      0x080005f1   Thumb Code    18  display.o(.text.get)
    main                                     0x08000609   Thumb Code   296  display.o(.text.main)
    put_data                                 0x08000731   Thumb Code   140  display.o(.text.put_data)
    reset                                    0x080007bd   Thumb Code    20  display.o(.text.reset)
    update                                   0x080007d1   Thumb Code   168  display.o(.text.update)
    __aeabi_dadd                             0x08000879   Thumb Code     0  daddsub_clz.o(x$fpl$dadd)
    _dadd                                    0x08000879   Thumb Code   332  daddsub_clz.o(x$fpl$dadd)
    __aeabi_ddiv                             0x080009c9   Thumb Code     0  ddiv.o(x$fpl$ddiv)
    _ddiv                                    0x080009c9   Thumb Code   556  ddiv.o(x$fpl$ddiv)
    __aeabi_d2iz                             0x08000c7d   Thumb Code     0  dfix.o(x$fpl$dfix)
    _dfix                                    0x08000c7d   Thumb Code    94  dfix.o(x$fpl$dfix)
    __aeabi_i2d                              0x08000cdb   Thumb Code     0  dflt_clz.o(x$fpl$dflt)
    _dflt                                    0x08000cdb   Thumb Code    46  dflt_clz.o(x$fpl$dflt)
    __aeabi_dmul                             0x08000d09   Thumb Code     0  dmul.o(x$fpl$dmul)
    _dmul                                    0x08000d09   Thumb Code   332  dmul.o(x$fpl$dmul)
    __fpl_dnaninf                            0x08000e5d   Thumb Code   156  dnaninf.o(x$fpl$dnaninf)
    __fpl_dretinf                            0x08000ef9   Thumb Code    12  dretinf.o(x$fpl$dretinf)
    __aeabi_dsub                             0x08000f05   Thumb Code     0  daddsub_clz.o(x$fpl$dsub)
    _dsub                                    0x08000f05   Thumb Code   472  daddsub_clz.o(x$fpl$dsub)
    _fp_init                                 0x080010e1   Thumb Code    26  fpinit.o(x$fpl$fpinit)
    __fplib_config_fpu_vfp                   0x080010f9   Thumb Code     0  fpinit.o(x$fpl$fpinit)
    __fplib_config_pureend_doubles           0x080010f9   Thumb Code     0  fpinit.o(x$fpl$fpinit)
    __I$use$fp                               0x080010fa   Number         0  usenofp.o(x$fpl$usenofp)
    Region$$Table$$Base                      0x080010fc   Number         0  anon$$obj.o(Region$$Table)
    Region$$Table$$Limit                     0x0800110c   Number         0  anon$$obj.o(Region$$Table)
    __libspace_start                         0x20000000   Data          96  libspace.o(.bss)
    GLCD_Data                                0x20000060   Data       16384  display.o(.bss.GLCD_Data)
    __temporary_stack_top$libspace           0x20000060   Data           0  libspace.o(.bss)
    cs_cursor                                0x20004060   Data           4  display.o(.bss.cs_cursor)
    x_cursor                                 0x20004064   Data           4  display.o(.bss.x_cursor)
    y_cursor                                 0x20004068   Data           4  display.o(.bss.y_cursor)



==============================================================================

Memory Map of the image

  Image Entry point : 0x08000195

  Load Region LR_IROM1 (Base: 0x08000000, Size: 0x0000110c, Max: 0x00080000, ABSOLUTE)

    Execution Region ER_IROM1 (Exec base: 0x08000000, Load base: 0x08000000, Size: 0x0000110c, Max: 0x00080000, ABSOLUTE)

    Exec Addr    Load Addr    Size         Type   Attr      Idx    E Section Name        Object

    0x08000000   0x08000000   0x00000194   Data   RO           75    RESET               startup_stm32f401xe.o
    0x08000194   0x08000194   0x00000008   Code   RO          103  * !!!main             c_w.l(__main.o)
    0x0800019c   0x0800019c   0x00000034   Code   RO          293    !!!scatter          c_w.l(__scatter.o)
    0x080001d0   0x080001d0   0x0000001c   Code   RO          295    !!handler_zi        c_w.l(__scatter_zi.o)
    0x080001ec   0x080001ec   0x00000002   Code   RO          157    .ARM.Collect$$libinit$$00000000  c_w.l(libinit.o)
    0x080001ee   0x080001ee   0x00000004   Code   RO          163    .ARM.Collect$$libinit$$00000001  c_w.l(libinit2.o)
    0x080001f2   0x080001f2   0x00000000   Code   RO          166    .ARM.Collect$$libinit$$00000004  c_w.l(libinit2.o)
    0x080001f2   0x080001f2   0x00000000   Code   RO          169    .ARM.Collect$$libinit$$0000000A  c_w.l(libinit2.o)
    0x080001f2   0x080001f2   0x00000000   Code   RO          171    .ARM.Collect$$libinit$$0000000C  c_w.l(libinit2.o)
    0x080001f2   0x080001f2   0x00000000   Code   RO          173    .ARM.Collect$$libinit$$0000000E  c_w.l(libinit2.o)
    0x080001f2   0x080001f2   0x00000000   Code   RO          176    .ARM.Collect$$libinit$$00000011  c_w.l(libinit2.o)
    0x080001f2   0x080001f2   0x00000000   Code   RO          178    .ARM.Collect$$libinit$$00000013  c_w.l(libinit2.o)
    0x080001f2   0x080001f2   0x00000000   Code   RO          180    .ARM.Collect$$libinit$$00000015  c_w.l(libinit2.o)
    0x080001f2   0x080001f2   0x00000000   Code   RO          182    .ARM.Collect$$libinit$$00000017  c_w.l(libinit2.o)
    0x080001f2   0x080001f2   0x00000000   Code   RO          184    .ARM.Collect$$libinit$$00000019  c_w.l(libinit2.o)
    0x080001f2   0x080001f2   0x00000000   Code   RO          186    .ARM.Collect$$libinit$$0000001B  c_w.l(libinit2.o)
    0x080001f2   0x080001f2   0x00000000   Code   RO          188    .ARM.Collect$$libinit$$0000001D  c_w.l(libinit2.o)
    0x080001f2   0x080001f2   0x00000000   Code   RO          190    .ARM.Collect$$libinit$$0000001F  c_w.l(libinit2.o)
    0x080001f2   0x080001f2   0x00000000   Code   RO          192    .ARM.Collect$$libinit$$00000021  c_w.l(libinit2.o)
    0x080001f2   0x080001f2   0x00000000   Code   RO          194    .ARM.Collect$$libinit$$00000023  c_w.l(libinit2.o)
    0x080001f2   0x080001f2   0x00000000   Code   RO          196    .ARM.Collect$$libinit$$00000025  c_w.l(libinit2.o)
    0x080001f2   0x080001f2   0x00000000   Code   RO          200    .ARM.Collect$$libinit$$0000002C  c_w.l(libinit2.o)
    0x080001f2   0x080001f2   0x00000000   Code   RO          202    .ARM.Collect$$libinit$$0000002E  c_w.l(libinit2.o)
    0x080001f2   0x080001f2   0x00000000   Code   RO          204    .ARM.Collect$$libinit$$00000030  c_w.l(libinit2.o)
    0x080001f2   0x080001f2   0x00000000   Code   RO          206    .ARM.Collect$$libinit$$00000032  c_w.l(libinit2.o)
    0x080001f2   0x080001f2   0x00000002   Code   RO          207    .ARM.Collect$$libinit$$00000033  c_w.l(libinit2.o)
    0x080001f4   0x080001f4   0x00000002   Code   RO          229    .ARM.Collect$$libshutdown$$00000000  c_w.l(libshutdown.o)
    0x080001f6   0x080001f6   0x00000000   Code   RO          244    .ARM.Collect$$libshutdown$$00000002  c_w.l(libshutdown2.o)
    0x080001f6   0x080001f6   0x00000000   Code   RO          246    .ARM.Collect$$libshutdown$$00000004  c_w.l(libshutdown2.o)
    0x080001f6   0x080001f6   0x00000000   Code   RO          249    .ARM.Collect$$libshutdown$$00000007  c_w.l(libshutdown2.o)
    0x080001f6   0x080001f6   0x00000000   Code   RO          252    .ARM.Collect$$libshutdown$$0000000A  c_w.l(libshutdown2.o)
    0x080001f6   0x080001f6   0x00000000   Code   RO          254    .ARM.Collect$$libshutdown$$0000000C  c_w.l(libshutdown2.o)
    0x080001f6   0x080001f6   0x00000000   Code   RO          257    .ARM.Collect$$libshutdown$$0000000F  c_w.l(libshutdown2.o)
    0x080001f6   0x080001f6   0x00000002   Code   RO          258    .ARM.Collect$$libshutdown$$00000010  c_w.l(libshutdown2.o)
    0x080001f8   0x080001f8   0x00000000   Code   RO          127    .ARM.Collect$$rtentry$$00000000  c_w.l(__rtentry.o)
    0x080001f8   0x080001f8   0x00000000   Code   RO          134    .ARM.Collect$$rtentry$$00000002  c_w.l(__rtentry2.o)
    0x080001f8   0x080001f8   0x00000006   Code   RO          146    .ARM.Collect$$rtentry$$00000004  c_w.l(__rtentry4.o)
    0x080001fe   0x080001fe   0x00000000   Code   RO          136    .ARM.Collect$$rtentry$$00000009  c_w.l(__rtentry2.o)
    0x080001fe   0x080001fe   0x00000004   Code   RO          137    .ARM.Collect$$rtentry$$0000000A  c_w.l(__rtentry2.o)
    0x08000202   0x08000202   0x00000000   Code   RO          139    .ARM.Collect$$rtentry$$0000000C  c_w.l(__rtentry2.o)
    0x08000202   0x08000202   0x00000008   Code   RO          140    .ARM.Collect$$rtentry$$0000000D  c_w.l(__rtentry2.o)
    0x0800020a   0x0800020a   0x00000002   Code   RO          161    .ARM.Collect$$rtexit$$00000000  c_w.l(rtexit.o)
    0x0800020c   0x0800020c   0x00000000   Code   RO          209    .ARM.Collect$$rtexit$$00000002  c_w.l(rtexit2.o)
    0x0800020c   0x0800020c   0x00000004   Code   RO          210    .ARM.Collect$$rtexit$$00000003  c_w.l(rtexit2.o)
    0x08000210   0x08000210   0x00000006   Code   RO          211    .ARM.Collect$$rtexit$$00000004  c_w.l(rtexit2.o)
    0x08000216   0x08000216   0x00000002   PAD
    0x08000218   0x08000218   0x00000040   Code   RO           76    .text               startup_stm32f401xe.o
    0x08000258   0x08000258   0x0000004e   Code   RO           99    .text               c_w.l(rt_memclr_w.o)
    0x080002a6   0x080002a6   0x00000006   Code   RO          101    .text               c_w.l(heapauxi.o)
    0x080002ac   0x080002ac   0x0000004a   Code   RO          148    .text               c_w.l(sys_stackheap_outer.o)
    0x080002f6   0x080002f6   0x00000012   Code   RO          150    .text               c_w.l(exit.o)
    0x08000308   0x08000308   0x00000008   Code   RO          158    .text               c_w.l(libspace.o)
    0x08000310   0x08000310   0x0000000c   Code   RO          219    .text               c_w.l(sys_exit.o)
    0x0800031c   0x0800031c   0x00000002   Code   RO          234    .text               c_w.l(use_no_semi.o)
    0x0800031e   0x0800031e   0x00000000   Code   RO          236    .text               c_w.l(indicate_semi.o)
    0x0800031e   0x0800031e   0x00000002   PAD
    0x08000320   0x08000320   0x0000001c   Code   RO           10    .text.Delay_ms      display.o
    0x0800033c   0x0800033c   0x00000014   Code   RO           24    .text.Delay_us      display.o
    0x08000350   0x08000350   0x0000008e   Code   RO           30    .text.GLCD_CMD      display.o
    0x080003de   0x080003de   0x00000002   PAD
    0x080003e0   0x080003e0   0x00000044   Code   RO           42    .text.GLCD_INIT     display.o
    0x08000424   0x08000424   0x00000058   Code   RO            8    .text.GLCD_Pageselect  display.o
    0x0800047c   0x0800047c   0x00000032   Code   RO           16    .text.PORTS_init    display.o
    0x080004ae   0x080004ae   0x00000002   PAD
    0x080004b0   0x080004b0   0x00000044   Code   RO            6    .text.SetX          display.o
    0x080004f4   0x080004f4   0x00000044   Code   RO           36    .text.SetY          display.o
    0x08000538   0x08000538   0x0000001a   Code   RO           83    .text.SystemInit    system_stm32f4xx.o
    0x08000552   0x08000552   0x00000002   PAD
    0x08000554   0x08000554   0x00000024   Code   RO           22    .text.TIM2CONFIG    display.o
    0x08000578   0x08000578   0x00000060   Code   RO           14    .text.USART_init    display.o
    0x080005d8   0x080005d8   0x00000018   Code   RO           50    .text.cls           display.o
    0x080005f0   0x080005f0   0x00000012   Code   RO           12    .text.get           display.o
    0x08000602   0x08000602   0x00000006   PAD
    0x08000608   0x08000608   0x00000128   Code   RO            4    .text.main          display.o
    0x08000730   0x08000730   0x0000008c   Code   RO           44    .text.put_data      display.o
    0x080007bc   0x080007bc   0x00000014   Code   RO            2    .text.reset         display.o
    0x080007d0   0x080007d0   0x000000a8   Code   RO           48    .text.update        display.o
    0x08000878   0x08000878   0x00000150   Code   RO          105    x$fpl$dadd          fz_wm.l(daddsub_clz.o)
    0x080009c8   0x080009c8   0x000002b4   Code   RO          112    x$fpl$ddiv          fz_wm.l(ddiv.o)
    0x08000c7c   0x08000c7c   0x0000005e   Code   RO          115    x$fpl$dfix          fz_wm.l(dfix.o)
    0x08000cda   0x08000cda   0x0000002e   Code   RO          120    x$fpl$dflt          fz_wm.l(dflt_clz.o)
    0x08000d08   0x08000d08   0x00000154   Code   RO          125    x$fpl$dmul          fz_wm.l(dmul.o)
    0x08000e5c   0x08000e5c   0x0000009c   Code   RO          128    x$fpl$dnaninf       fz_wm.l(dnaninf.o)
    0x08000ef8   0x08000ef8   0x0000000c   Code   RO          130    x$fpl$dretinf       fz_wm.l(dretinf.o)
    0x08000f04   0x08000f04   0x000001dc   Code   RO          107    x$fpl$dsub          fz_wm.l(daddsub_clz.o)
    0x080010e0   0x080010e0   0x0000001a   Code   RO          217    x$fpl$fpinit        fz_wm.l(fpinit.o)
    0x080010fa   0x080010fa   0x00000000   Code   RO          132    x$fpl$usenofp       fz_wm.l(usenofp.o)
    0x080010fa   0x080010fa   0x00000002   PAD
    0x080010fc   0x080010fc   0x00000010   Data   RO          292    Region$$Table       anon$$obj.o


    Execution Region RW_IRAM1 (Exec base: 0x20000000, Load base: 0x0800110c, Size: 0x00004670, Max: 0x00018000, ABSOLUTE)

    Exec Addr    Load Addr    Size         Type   Attr      Idx    E Section Name        Object

    0x20000000        -       0x00000060   Zero   RW          159    .bss                c_w.l(libspace.o)
    0x20000060        -       0x00004000   Zero   RW           61    .bss.GLCD_Data      display.o
    0x20004060        -       0x00000004   Zero   RW           58    .bss.cs_cursor      display.o
    0x20004064        -       0x00000004   Zero   RW           62    .bss.x_cursor       display.o
    0x20004068        -       0x00000004   Zero   RW           63    .bss.y_cursor       display.o
    0x2000406c   0x0800110c   0x00000004   PAD
    0x20004070        -       0x00000200   Zero   RW           74    HEAP                startup_stm32f401xe.o
    0x20004270        -       0x00000400   Zero   RW           73    STACK               startup_stm32f401xe.o


==============================================================================

Image component sizes


      Code (inc. data)   RO Data    RW Data    ZI Data      Debug   Object Name

      1330         28          0          0      16396       8423   display.o
        64         26        404          0       1536        884   startup_stm32f401xe.o
        26          0          0          0          0       2790   system_stm32f4xx.o

    ----------------------------------------------------------------------
      1432         54        420          0      17936      12097   Object Totals
         0          0         16          0          0          0   (incl. Generated)
        12          0          0          0          4          0   (incl. Padding)

    ----------------------------------------------------------------------

      Code (inc. data)   RO Data    RW Data    ZI Data      Debug   Library Member Name

         8          0          0          0          0         68   __main.o
         0          0          0          0          0          0   __rtentry.o
        12          0          0          0          0          0   __rtentry2.o
         6          0          0          0          0          0   __rtentry4.o
        52          8          0          0          0          0   __scatter.o
        28          0          0          0          0          0   __scatter_zi.o
        18          0          0          0          0         80   exit.o
         6          0          0          0          0        152   heapauxi.o
         0          0          0          0          0          0   indicate_semi.o
         2          0          0          0          0          0   libinit.o
         6          0          0          0          0          0   libinit2.o
         2          0          0          0          0          0   libshutdown.o
         2          0          0          0          0          0   libshutdown2.o
         8          4          0          0         96         68   libspace.o
        78          0          0          0          0         80   rt_memclr_w.o
         2          0          0          0          0          0   rtexit.o
        10          0          0          0          0          0   rtexit2.o
        12          4          0          0          0         68   sys_exit.o
        74          0          0          0          0         80   sys_stackheap_outer.o
         2          0          0          0          0         68   use_no_semi.o
       812         16          0          0          0        392   daddsub_clz.o
       692        140          0          0          0        264   ddiv.o
        94          4          0          0          0        140   dfix.o
        46          0          0          0          0        116   dflt_clz.o
       340         12          0          0          0        152   dmul.o
       156          4          0          0          0        140   dnaninf.o
        12          0          0          0          0        116   dretinf.o
        26          0          0          0          0        116   fpinit.o
         0          0          0          0          0          0   usenofp.o

    ----------------------------------------------------------------------
      2512        192          0          0         96       2100   Library Totals
         6          0          0          0          0          0   (incl. Padding)

    ----------------------------------------------------------------------

      Code (inc. data)   RO Data    RW Data    ZI Data      Debug   Library Name

       328         16          0          0         96        664   c_w.l
      2178        176          0          0          0       1436   fz_wm.l

    ----------------------------------------------------------------------
      2512        192          0          0         96       2100   Library Totals

    ----------------------------------------------------------------------

==============================================================================


      Code (inc. data)   RO Data    RW Data    ZI Data      Debug   

      3944        246        420          0      18032      13105   Grand Totals
      3944        246        420          0      18032      13105   ELF Image Totals
      3944        246        420          0          0          0   ROM Totals

==============================================================================

    Total RO  Size (Code + RO Data)                 4364 (   4.26kB)
    Total RW  Size (RW Data + ZI Data)             18032 (  17.61kB)
    Total ROM Size (Code + RO Data + RW Data)       4364 (   4.26kB)

==============================================================================

