<html>
<body>
<pre>
<h1>µVision Build Log</h1>
<h2>Tool Versions:</h2>
IDE-Version: µVision V5.34.0.0
Copyright (C) 2021 ARM Ltd and ARM Germany GmbH. All rights reserved.
License Information: smrh hsi, a, LIC=47GU5-GCEHJ-Z94G9-4NTZK-7EGBT-5HH3B
 
Tool Versions:
Toolchain:       MDK-ARM Plus  Version: 5.34.0.0
Toolchain Path:  D:\keil\ARM\ARMCLANG\Bin
C Compiler:      ArmClang.exe V6.16
Assembler:       Armasm.exe V6.16
Linker/Locator:  ArmLink.exe V6.16
Library Manager: ArmAr.exe V6.16
Hex Converter:   FromElf.exe V6.16
CPU DLL:         SARMCM3.DLL V5.34.0.0
Dialog DLL:      DCM.DLL V1.17.3.0
Target DLL:      UL2CM3.DLL V1.163.9.0
Dialog DLL:      TCM.DLL V1.48.0.0
 
<h2>Project:</h2>
C:\Users\Smrh\Documents\keil\hw7\hw7.uvprojx
Project File Date:  05/28/2021

<h2>Output:</h2>
*** Using Compiler 'V6.16', folder: 'D:\keil\ARM\ARMCLANG\Bin'
Build target 'Target 1'
s.c(10): warning: this function declaration is not a prototype [-Wstrict-prototypes]
void uart_init();
              ^
               void
s.c(11): warning: this function declaration is not a prototype [-Wstrict-prototypes]
void keypad_init();
                ^
                 void
s.c(13): warning: this function declaration is not a prototype [-Wstrict-prototypes]
void LCD_ready();
              ^
               void
s.c(34): warning: no previous prototype for function 'uart_init' [-Wmissing-prototypes]
void uart_init(){
     ^
s.c(10): note: this declaration is not a prototype; add 'void' to make it a prototype for a zero-parameter function
void uart_init();
     ^
               void
s.c(34): warning: this old-style function definition is not preceded by a prototype [-Wstrict-prototypes]
void uart_init(){
              ^
s.c(56): warning: implicit conversion loses integer precision: 'int' to 'uint8_t' (aka 'unsigned char') [-Wimplicit-int-conversion]
        value=value<<1;
             ~~~~~~^~~
s.c(60): warning: implicit conversion loses integer precision: 'int' to 'uint8_t' (aka 'unsigned char') [-Wimplicit-int-conversion]
        value=value<<1;
             ~~~~~~^~~
s.c(64): warning: implicit conversion loses integer precision: 'int' to 'uint8_t' (aka 'unsigned char') [-Wimplicit-int-conversion]
        value=value<<1;
             ~~~~~~^~~
s.c(69): warning: implicit conversion loses integer precision: 'int' to 'uint8_t' (aka 'unsigned char') [-Wimplicit-int-conversion]
        value=value<<1;
             ~~~~~~^~~
s.c(73): warning: implicit conversion loses integer precision: 'int' to 'uint8_t' (aka 'unsigned char') [-Wimplicit-int-conversion]
        value=value<<1;
             ~~~~~~^~~
s.c(78): warning: implicit conversion loses integer precision: 'int' to 'uint8_t' (aka 'unsigned char') [-Wimplicit-int-conversion]
        value=value<<1;
             ~~~~~~^~~
s.c(83): warning: implicit conversion loses integer precision: 'int' to 'uint8_t' (aka 'unsigned char') [-Wimplicit-int-conversion]
        value=value<<1;
             ~~~~~~^~~
s.c(87): warning: implicit conversion loses integer precision: 'int' to 'uint8_t' (aka 'unsigned char') [-Wimplicit-int-conversion]
        value=value<<1;
             ~~~~~~^~~
s.c(91): warning: implicit conversion loses integer precision: 'int' to 'uint8_t' (aka 'unsigned char') [-Wimplicit-int-conversion]
        value=value<<1;
             ~~~~~~^~~
s.c(97): warning: implicit conversion loses integer precision: 'int' to 'uint8_t' (aka 'unsigned char') [-Wimplicit-int-conversion]
        value=value<<1;
             ~~~~~~^~~
s.c(49): warning: no previous prototype for function 'keypad_init' [-Wmissing-prototypes]
void keypad_init(){
     ^
s.c(11): note: this declaration is not a prototype; add 'void' to make it a prototype for a zero-parameter function
void keypad_init();
     ^
                 void
s.c(49): warning: this old-style function definition is not preceded by a prototype [-Wstrict-prototypes]
void keypad_init(){
                ^
s.c(139): warning: implicit conversion changes signedness: 'int' to 'unsigned int' [-Wsign-conversion]
    GPIOB->ODR &= ~(1<<6)  ;                         /* RS = 0, R/W = 0 */
               ~~ ^~~~~~~
s.c(140): warning: implicit conversion changes signedness: 'int' to 'unsigned int' [-Wsign-conversion]
          GPIOB->ODR &= ~(1<<5)  ;
                     ~~ ^~~~~~~
s.c(146): warning: implicit conversion changes signedness: 'int' to 'unsigned int' [-Wsign-conversion]
    GPIOB->ODR &= ~(1<<7);                             /* clear EN */
               ~~ ^~~~~~~
s.c(157): warning: implicit conversion changes signedness: 'int' to 'unsigned int' [-Wsign-conversion]
    GPIOB->ODR &= ~(1<<6)  ;                    /* R/W = 0 */
               ~~ ^~~~~~~
s.c(162): warning: implicit conversion changes signedness: 'int' to 'unsigned int' [-Wsign-conversion]
    GPIOB->ODR &= ~(1<<7);                   /* clear EN */
               ~~ ^~~~~~~
s.c(171): warning: result of comparison of constant 3195000000 with expression of type 'int' is always true [-Wtautological-constant-out-of-range-compare]
        for (i = 0; i < 3195000000; i++) {}
                    ~ ^ ~~~~~~~~~~
s.c(179): warning: implicit conversion loses integer precision: 'volatile uint32_t' (aka 'volatile unsigned int') to 'char' [-Wimplicit-int-conversion]
status=GPIOC->IDR;
      ~~~~~~~~^~~
s.c(180): warning: implicit conversion changes signedness: 'int' to 'unsigned int' [-Wsign-conversion]
GPIOB->ODR &= ~(1<<7);
           ~~ ^~~~~~~
s.c(184): warning: implicit conversion changes signedness: 'int' to 'unsigned int' [-Wsign-conversion]
GPIOB->ODR &= ~(1<<6)  ;        
           ~~ ^~~~~~~
s.c(185): warning: no newline at end of file [-Wnewline-eof]
}
 ^
s.c(173): warning: no previous prototype for function 'LCD_ready' [-Wmissing-prototypes]
void LCD_ready(){
     ^
s.c(13): note: this declaration is not a prototype; add 'void' to make it a prototype for a zero-parameter function
void LCD_ready();
     ^
               void
s.c(173): warning: this old-style function definition is not preceded by a prototype [-Wstrict-prototypes]
void LCD_ready(){
              ^
29 warnings generated.
compiling s.c...
linking...
Program Size: Code=828 RO-data=420 RW-data=0 ZI-data=1632  
FromELF: creating hex file...
".\Objects\hw7.axf" - 0 Error(s), 29 Warning(s).

<h2>Software Packages used:</h2>

Package Vendor: ARM
                http://www.keil.com/pack/ARM.CMSIS.5.7.0.pack
                ARM.CMSIS.5.7.0
                CMSIS (Cortex Microcontroller Software Interface Standard)
   * Component: CORE Version: 5.4.0

Package Vendor: Keil
                http://www.keil.com/pack/Keil.STM32F4xx_DFP.2.15.0.pack
                Keil.STM32F4xx_DFP.2.15.0
                STMicroelectronics STM32F4 Series Device Support, Drivers and Examples
   * Component: Startup Version: 2.6.3

<h2>Collection of Component include folders:</h2>
  .\RTE\_Target_1
  C:\Users\Smrh\AppData\Local\Arm\Packs\ARM\CMSIS\5.7.0\CMSIS\Core\Include
  C:\Users\Smrh\AppData\Local\Arm\Packs\Keil\STM32F4xx_DFP\2.15.0\Drivers\CMSIS\Device\ST\STM32F4xx\Include

<h2>Collection of Component Files used:</h2>

   * Component: ARM::CMSIS:CORE:5.4.0

   * Component: Keil::Device:Startup:2.6.3
      Source file:   MDK\Device\Source\ARM\STM32F4xx_OTP.s
      Source file:   MDK\Device\Source\ARM\STM32F401xx_OPT.s
      Include file:  Drivers\CMSIS\Device\ST\STM32F4xx\Include\stm32f4xx.h
      Source file:   Drivers\CMSIS\Device\ST\STM32F4xx\Source\Templates\arm\startup_stm32f401xe.s
      Source file:   Drivers\CMSIS\Device\ST\STM32F4xx\Source\Templates\system_stm32f4xx.c
Build Time Elapsed:  00:00:00
</pre>
</body>
</html>
