<html>
<body>
<pre>
<h1>µVision Build Log</h1>
<h2>Tool Versions:</h2>
IDE-Version: µVision V5.34.0.0
Copyright (C) 2021 ARM Ltd and ARM Germany GmbH. All rights reserved.
License Information: smrh hsi, a, LIC=47GU5-GCEHJ-Z94G9-4NTZK-7EGBT-5HH3B
 
Tool Versions:
Toolchain:       MDK-ARM Plus  Version: 5.34.0.0
Toolchain Path:  D:\keil\ARM\ARMCLANG\Bin
C Compiler:      ArmClang.exe V6.16
Assembler:       Armasm.exe V6.16
Linker/Locator:  ArmLink.exe V6.16
Library Manager: ArmAr.exe V6.16
Hex Converter:   FromElf.exe V6.16
CPU DLL:         SARMCM3.DLL V5.34.0.0
Dialog DLL:      DCM.DLL V1.17.3.0
Target DLL:      UL2CM3.DLL V1.163.9.0
Dialog DLL:      TCM.DLL V1.48.0.0
 
<h2>Project:</h2>
C:\Users\Smrh\Documents\keil\hw7-cpu\cpu.uvprojx
Project File Date:  05/30/2021

<h2>Output:</h2>
*** Using Compiler 'V6.16', folder: 'D:\keil\ARM\ARMCLANG\Bin'
Build target 'Target 1'
cpu.c(5): warning: this function declaration is not a prototype [-Wstrict-prototypes]
void uart_init();
              ^
               void
cpu.c(9): warning: this function declaration is not a prototype [-Wstrict-prototypes]
void LED_blink();
              ^
               void
cpu.c(10): warning: no previous prototype for function 'TIM2Config' [-Wmissing-prototypes]
void TIM2Config (void)
     ^
cpu.c(10): note: declare 'static' if the function is not intended to be used outside of this translation unit
void TIM2Config (void)
^
static 
cpu.c(29): warning: no previous prototype for function 'Delay_us' [-Wmissing-prototypes]
void Delay_us (uint16_t us)
     ^
cpu.c(29): note: declare 'static' if the function is not intended to be used outside of this translation unit
void Delay_us (uint16_t us)
^
static 
cpu.c(40): warning: no previous prototype for function 'Delay_ms' [-Wmissing-prototypes]
void Delay_ms (uint16_t ms)
     ^
cpu.c(40): note: declare 'static' if the function is not intended to be used outside of this translation unit
void Delay_ms (uint16_t ms)
^
static 
cpu.c(135): warning: cast from function call of type 'double' to non-matching type 'int' [-Wbad-function-cast]
send(((javab/(int) pow(10,count)%10)+48));
                   ^~~~~~~~~~~~~
cpu.c(135): warning: implicit conversion changes signedness: 'int' to 'char' [-Wsign-conversion]
send(((javab/(int) pow(10,count)%10)+48));
~~~~  ~~~~~~~~~~~~~~~~~~~~~~~~~~~~~~^~~
cpu.c(168): warning: cast from function call of type 'double' to non-matching type 'int' [-Wbad-function-cast]
send(((javab/(int) pow(10,count)%10)+48));
                   ^~~~~~~~~~~~~
cpu.c(168): warning: implicit conversion changes signedness: 'int' to 'char' [-Wsign-conversion]
send(((javab/(int) pow(10,count)%10)+48));
~~~~  ~~~~~~~~~~~~~~~~~~~~~~~~~~~~~~^~~
cpu.c(180): warning: no previous prototype for function 'LED_blink' [-Wmissing-prototypes]
void LED_blink() {
     ^
cpu.c(9): note: this declaration is not a prototype; add 'void' to make it a prototype for a zero-parameter function
void LED_blink();
     ^
               void
cpu.c(180): warning: this old-style function definition is not preceded by a prototype [-Wstrict-prototypes]
void LED_blink() {
              ^
cpu.c(193): warning: implicit conversion changes signedness: 'int' to 'unsigned int' [-Wsign-conversion]
GPIOA->AFR[0] &=~(0XFF00) ;
              ~~^~~~~~~~~
cpu.c(195): warning: implicit conversion changes signedness: 'int' to 'unsigned int' [-Wsign-conversion]
GPIOA->MODER &= ~(0X00F0) ;
             ~~ ^~~~~~~~~
cpu.c(186): warning: no previous prototype for function 'uart_init' [-Wmissing-prototypes]
void uart_init(){
     ^
cpu.c(5): note: this declaration is not a prototype; add 'void' to make it a prototype for a zero-parameter function
void uart_init();
     ^
               void
cpu.c(186): warning: this old-style function definition is not preceded by a prototype [-Wstrict-prototypes]
void uart_init(){
              ^
cpu.c(218): warning: implicit conversion loses integer precision: 'volatile uint32_t' (aka 'volatile unsigned int') to 'char' [-Wimplicit-int-conversion]
return  USART2->DR;
~~~~~~  ~~~~~~~~^~
cpu.c(225): warning: unused variable 'j' [-Wunused-variable]
                int j;
                    ^
17 warnings generated.
compiling cpu.c...
linking...
Program Size: Code=8260 RO-data=564 RW-data=0 ZI-data=1632  
FromELF: creating hex file...
".\Objects\cpu.axf" - 0 Error(s), 17 Warning(s).

<h2>Software Packages used:</h2>

Package Vendor: ARM
                http://www.keil.com/pack/ARM.CMSIS.5.7.0.pack
                ARM.CMSIS.5.7.0
                CMSIS (Cortex Microcontroller Software Interface Standard)
   * Component: CORE Version: 5.4.0

Package Vendor: Keil
                http://www.keil.com/pack/Keil.STM32F4xx_DFP.2.15.0.pack
                Keil.STM32F4xx_DFP.2.15.0
                STMicroelectronics STM32F4 Series Device Support, Drivers and Examples
   * Component: Startup Version: 2.6.3

<h2>Collection of Component include folders:</h2>
  .\RTE\_Target_1
  C:\Users\Smrh\AppData\Local\Arm\Packs\ARM\CMSIS\5.7.0\CMSIS\Core\Include
  C:\Users\Smrh\AppData\Local\Arm\Packs\Keil\STM32F4xx_DFP\2.15.0\Drivers\CMSIS\Device\ST\STM32F4xx\Include

<h2>Collection of Component Files used:</h2>

   * Component: ARM::CMSIS:CORE:5.4.0

   * Component: Keil::Device:Startup:2.6.3
      Source file:   MDK\Device\Source\ARM\STM32F4xx_OTP.s
      Source file:   Drivers\CMSIS\Device\ST\STM32F4xx\Source\Templates\arm\startup_stm32f401xe.s
      Source file:   MDK\Device\Source\ARM\STM32F401xx_OPT.s
      Include file:  Drivers\CMSIS\Device\ST\STM32F4xx\Include\stm32f4xx.h
      Source file:   Drivers\CMSIS\Device\ST\STM32F4xx\Source\Templates\system_stm32f4xx.c
Build Time Elapsed:  00:00:01
</pre>
</body>
</html>
