<html>
<body>
<pre>
<h1>µVision Build Log</h1>
<h2>Tool Versions:</h2>
IDE-Version: µVision V5.34.0.0
Copyright (C) 2021 ARM Ltd and ARM Germany GmbH. All rights reserved.
License Information: smrh hsi, a, LIC=47GU5-GCEHJ-Z94G9-4NTZK-7EGBT-5HH3B
 
Tool Versions:
Toolchain:       MDK-ARM Plus  Version: 5.34.0.0
Toolchain Path:  D:\keil\ARM\ARMCLANG\Bin
C Compiler:      ArmClang.exe V6.16
Assembler:       Armasm.exe V6.16
Linker/Locator:  ArmLink.exe V6.16
Library Manager: ArmAr.exe V6.16
Hex Converter:   FromElf.exe V6.16
CPU DLL:         SARMCM3.DLL V5.34.0.0
Dialog DLL:      DCM.DLL V1.17.3.0
Target DLL:      UL2CM3.DLL V1.163.9.0
Dialog DLL:      TCM.DLL V1.48.0.0
 
<h2>Project:</h2>
C:\Users\Smrh\Documents\KEIL HW6\HW6.uvprojx
Project File Date:  05/12/2021

<h2>Output:</h2>
*** Using Compiler 'V6.16', folder: 'D:\keil\ARM\ARMCLANG\Bin'
Build target 'Target 1'
"elevator.s", line 17 (column 10): Warning: A1865W: '#' not seen before constant expression
   17 00000002   MOV R1,0X07
                        ^
"elevator.s", line 20 (column 10): Warning: A1865W: '#' not seen before constant expression
   20 0000000a   MOV R1,0X55555555
                        ^
"elevator.s", line 23 (column 10): Warning: A1865W: '#' not seen before constant expression
   23 00000012   MOV R1,0x55000000
                        ^
"elevator.s", line 26 (column 10): Warning: A1865W: '#' not seen before constant expression
   26 0000001a   MOV R1,0X55555555
                        ^
"elevator.s", line 45 (column 9): Warning: A1865W: '#' not seen before constant expression
   45 00000030  MOV R7,0xF000
                       ^
"elevator.s", line 48 (column 12): Warning: A1865W: '#' not seen before constant expression
   48 0000003c  AND R5,R2,0x00000001
                          ^
"elevator.s", line 57 (column 9): Warning: A1865W: '#' not seen before constant expression
   57 0000004e  MOV R7,0x0000
                       ^
"elevator.s", line 63 (column 9): Warning: A1865W: '#' not seen before constant expression
   63 0000005c  MOV R2,0xEFFF
                       ^
"elevator.s", line 69 (column 9): Warning: A1865W: '#' not seen before constant expression
   69 00000066  MOV R1,0xFEFF
                       ^
"elevator.s", line 74 (column 9): Warning: A1865W: '#' not seen before constant expression
   74 00000072  MOV R1,0xFDFF
                       ^
"elevator.s", line 79 (column 9): Warning: A1865W: '#' not seen before constant expression
   79 0000007e  MOV R1,0xFBFF
                       ^
"elevator.s", line 85 (column 9): Warning: A1865W: '#' not seen before constant expression
   85 0000008c  MOV R2,0xDFFF
                       ^
"elevator.s", line 91 (column 9): Warning: A1865W: '#' not seen before constant expression
   91 00000096  MOV R1,0xFEFF
                       ^
"elevator.s", line 96 (column 9): Warning: A1865W: '#' not seen before constant expression
   96 000000a2  MOV R1,0xFDFF
                       ^
"elevator.s", line 101 (column 9): Warning: A1865W: '#' not seen before constant expression
  101 000000ae  MOV R1,0xFBFF
                       ^
"elevator.s", line 107 (column 9): Warning: A1865W: '#' not seen before constant expression
  107 000000bc  MOV R2,0xBFFF
                       ^
"elevator.s", line 113 (column 9): Warning: A1865W: '#' not seen before constant expression
  113 000000c6  MOV R1,0xFEFF
                       ^
"elevator.s", line 118 (column 9): Warning: A1865W: '#' not seen before constant expression
  118 000000d2  MOV R1,0xFDFF
                       ^
"elevator.s", line 123 (column 9): Warning: A1865W: '#' not seen before constant expression
  123 000000de  MOV R1,0xFBFF
                       ^
"elevator.s", line 130 (column 9): Warning: A1865W: '#' not seen before constant expression
  130 000000f0  MOV R2,0x1000 
                       ^
"elevator.s", line 135 (column 9): Warning: A1865W: '#' not seen before constant expression
  135 000000fe  MOV R5,0x8000
                       ^
"elevator.s", line 143 (column 9): Warning: A1865W: '#' not seen before constant expression
  143 00000112  MOV R2,0x2000
                       ^
"elevator.s", line 148 (column 9): Warning: A1865W: '#' not seen before constant expression
  148 00000120  MOV R5,0x8000
                       ^
"elevator.s", line 155 (column 9): Warning: A1865W: '#' not seen before constant expression
  155 00000134  MOV R2,0x3000
                       ^
"elevator.s", line 160 (column 9): Warning: A1865W: '#' not seen before constant expression
  160 00000140  MOV R5,0x8000
                       ^
"elevator.s", line 167 (column 9): Warning: A1865W: '#' not seen before constant expression
  167 00000154  MOV R2,0x4000
                       ^
"elevator.s", line 172 (column 9): Warning: A1865W: '#' not seen before constant expression
  172 00000160  MOV R5,0x8000
                       ^
"elevator.s", line 179 (column 9): Warning: A1865W: '#' not seen before constant expression
  179 00000174  MOV R2,0x5000
                       ^
"elevator.s", line 184 (column 9): Warning: A1865W: '#' not seen before constant expression
  184 00000180  MOV R5,0x8000
                       ^
"elevator.s", line 191 (column 9): Warning: A1865W: '#' not seen before constant expression
  191 00000194  MOV R2,0x6000
                       ^
"elevator.s", line 196 (column 9): Warning: A1865W: '#' not seen before constant expression
  196 000001a0  MOV R5,0x8000
                       ^
"elevator.s", line 204 (column 9): Warning: A1865W: '#' not seen before constant expression
  204 000001b4  MOV R2,0x7000
                       ^
"elevator.s", line 209 (column 9): Warning: A1865W: '#' not seen before constant expression
  209 000001c0  MOV R5,0x8000
                       ^
"elevator.s", line 217 (column 9): Warning: A1865W: '#' not seen before constant expression
  217 000001d4  MOV R2,0x8000
                       ^
"elevator.s", line 222 (column 9): Warning: A1865W: '#' not seen before constant expression
  222 000001e0  MOV R5,0x8000
                       ^
"elevator.s", line 230 (column 9): Warning: A1865W: '#' not seen before constant expression
  230 000001f4  MOV R2,0x9000
                       ^
"elevator.s", line 235 (column 9): Warning: A1865W: '#' not seen before constant expression
  235 00000200  MOV R5,0x8000
                       ^
"elevator.s", line 244 (column 9): Warning: A1865W: '#' not seen before constant expression
  244 00000218  CMP R7,0
                       ^
"elevator.s", line 267 (column 10): Warning: A1865W: '#' not seen before constant expression
  267 0000024e  MOV R11,0x1000
                        ^
"elevator.s", line 279 (column 9): Warning: A1865W: '#' not seen before constant expression
  279 0000026e  CMP R7,0
                       ^
"elevator.s", line 282 (column 10): Warning: A1865W: '#' not seen before constant expression
  282 00000276  CMP R10,16
                        ^
"elevator.s", line 285 (column 11): Warning: A1865W: '#' not seen before constant expression
  285 00000282  MOVEQ R5,0x10000
                         ^
"elevator.s", line 288 (column 9): Warning: A1865W: '#' not seen before constant expression
  288 0000028a  CMP R3,0
                       ^
"elevator.s", line 298 (column 10): Warning: A1865W: '#' not seen before constant expression
  298 0000029e  MOV R11,0x1000
                        ^
"elevator.s", line 310 (column 9): Warning: A1865W: '#' not seen before constant expression
  310 000002c0  CMP R7,0
                       ^
"elevator.s", line 313 (column 10): Warning: A1865W: '#' not seen before constant expression
  313 000002c8  CMP R10,16
                        ^
"elevator.s", line 316 (column 11): Warning: A1865W: '#' not seen before constant expression
  316 000002d4  MOVEQ R5,0x10000
                         ^
"elevator.s", line 318 (column 9): Warning: A1865W: '#' not seen before constant expression
  318 000002dc  CMP R3,0
                       ^
"elevator.s", line 322: Warning: A1488W: PROC/FUNC at line 36 in 'elevator.s' without matching ENDP/ENDFUNC
  322 000002e2  END
"elevator.s", line 322: Warning: A1581W: Added 2 bytes of padding at address 0x2e2
  322 000002e4  END
0 Errors, 50 Warnings
assembling elevator.s...
linking...
.\Objects\HW6.axf: Warning: L6305W: Image does not have an entry point. (Not specified or not set due to multiple choices.)
.\Objects\HW6.sct(8): warning: L6314W: No section matches pattern *(InRoot$$Sections).
Program Size: Code=848 RO-data=404 RW-data=0 ZI-data=1536  
Finished: 0 information, 2 warning and 0 error messages.
FromELF: creating hex file...
".\Objects\HW6.axf" - 0 Error(s), 2 Warning(s).

<h2>Software Packages used:</h2>

Package Vendor: Keil
                http://www.keil.com/pack/Keil.STM32F4xx_DFP.2.15.0.pack
                Keil.STM32F4xx_DFP.2.15.0
                STMicroelectronics STM32F4 Series Device Support, Drivers and Examples
   * Component: Startup Version: 2.6.3

<h2>Collection of Component include folders:</h2>
  .\RTE\_Target_1
  C:\Users\Smrh\AppData\Local\Arm\Packs\Keil\STM32F4xx_DFP\2.15.0\Drivers\CMSIS\Device\ST\STM32F4xx\Include

<h2>Collection of Component Files used:</h2>

   * Component: Keil::Device:Startup:2.6.3
      Source file:   MDK\Device\Source\ARM\STM32F4xx_OTP.s
      Include file:  Drivers\CMSIS\Device\ST\STM32F4xx\Include\stm32f4xx.h
      Source file:   Drivers\CMSIS\Device\ST\STM32F4xx\Source\Templates\arm\startup_stm32f401xe.s
      Source file:   MDK\Device\Source\ARM\STM32F401xx_OPT.s
      Source file:   Drivers\CMSIS\Device\ST\STM32F4xx\Source\Templates\system_stm32f4xx.c
Build Time Elapsed:  00:00:01
</pre>
</body>
</html>
