Component: ARM Compiler 6.16 Tool: armlink [5dfeaa00]

==============================================================================

Section Cross References

    main_sampling.o(.ARM.exidx.text.adc_conv) refers to main_sampling.o(.text.adc_conv) for [Anonymous Symbol]
    main_sampling.o(.text.main) refers to main_sampling.o(.bss.GLCD_Data) for GLCD_Data
    main_sampling.o(.text.main) refers to rt_memclr_w.o(.text) for __aeabi_memclr4
    main_sampling.o(.text.main) refers to main_sampling.o(.text.TIM4CONFIG) for TIM4CONFIG
    main_sampling.o(.text.main) refers to main_sampling.o(.text.Delay_ms) for Delay_ms
    main_sampling.o(.text.main) refers to main_sampling.o(.text.LCD_init) for LCD_init
    main_sampling.o(.text.main) refers to main_sampling.o(.text.USART_init) for USART_init
    main_sampling.o(.text.main) refers to main_sampling.o(.text.ADC_init) for ADC_init
    main_sampling.o(.text.main) refers to main_sampling.o(.text.LCD_SET) for LCD_SET
    main_sampling.o(.text.main) refers to main_sampling.o(.text.TIM2CONFIG) for TIM2CONFIG
    main_sampling.o(.text.main) refers to main_sampling.o(.text.TIM3CONFIG) for TIM3CONFIG
    main_sampling.o(.text.main) refers to main_sampling.o(.data.A) for A
    main_sampling.o(.text.main) refers to main_sampling.o(.data.B) for B
    main_sampling.o(.text.main) refers to main_sampling.o(.data.TU) for TU
    main_sampling.o(.text.main) refers to daddsub_clz.o(x$fpl$dadd) for __aeabi_dadd
    main_sampling.o(.text.main) refers to main_sampling.o(.text.V_SET) for V_SET
    main_sampling.o(.text.main) refers to main_sampling.o(.text.send) for send
    main_sampling.o(.text.main) refers to main_sampling.o(.text.Delay_us) for Delay_us
    main_sampling.o(.text.main) refers to dmul.o(x$fpl$dmul) for __aeabi_dmul
    main_sampling.o(.text.main) refers to dfix.o(x$fpl$dfix) for __aeabi_d2iz
    main_sampling.o(.text.main) refers to dcmp.o(x$fpl$fcmp) for __aeabi_dcmpgt
    main_sampling.o(.text.main) refers to main_sampling.o(.text.B_set) for B_set
    main_sampling.o(.text.main) refers to main_sampling.o(.text.TU_set) for TU_set
    main_sampling.o(.ARM.exidx.text.main) refers to main_sampling.o(.text.main) for [Anonymous Symbol]
    main_sampling.o(.text.Delay_ms) refers to main_sampling.o(.text.Delay_us) for Delay_us
    main_sampling.o(.ARM.exidx.text.Delay_ms) refers to main_sampling.o(.text.Delay_ms) for [Anonymous Symbol]
    main_sampling.o(.text.LCD_init) refers to main_sampling.o(.text.PORTS_init) for PORTS_init
    main_sampling.o(.text.LCD_init) refers to main_sampling.o(.text.Delay_ms) for Delay_ms
    main_sampling.o(.text.LCD_init) refers to main_sampling.o(.text.LCD_command) for LCD_command
    main_sampling.o(.ARM.exidx.text.LCD_init) refers to main_sampling.o(.text.LCD_init) for [Anonymous Symbol]
    main_sampling.o(.text.V_SET) refers to dfix.o(x$fpl$dfix) for __aeabi_d2iz
    main_sampling.o(.text.V_SET) refers to dflt_clz.o(x$fpl$dflt) for __aeabi_i2d
    main_sampling.o(.text.V_SET) refers to daddsub_clz.o(x$fpl$dsub) for __aeabi_dsub
    main_sampling.o(.text.V_SET) refers to dmul.o(x$fpl$dmul) for __aeabi_dmul
    main_sampling.o(.text.V_SET) refers to main_sampling.o(.text.LCD_command) for LCD_command
    main_sampling.o(.text.V_SET) refers to dcmp.o(x$fpl$fcmp) for __aeabi_dcmpeq
    main_sampling.o(.text.V_SET) refers to main_sampling.o(.text.LCD_data) for LCD_data
    main_sampling.o(.ARM.exidx.text.V_SET) refers to main_sampling.o(.text.V_SET) for [Anonymous Symbol]
    main_sampling.o(.ARM.exidx.text.send) refers to main_sampling.o(.text.send) for [Anonymous Symbol]
    main_sampling.o(.ARM.exidx.text.Delay_us) refers to main_sampling.o(.text.Delay_us) for [Anonymous Symbol]
    main_sampling.o(.text.B_set) refers to dfix.o(x$fpl$dfix) for __aeabi_d2iz
    main_sampling.o(.text.B_set) refers to dflt_clz.o(x$fpl$dflt) for __aeabi_i2d
    main_sampling.o(.text.B_set) refers to daddsub_clz.o(x$fpl$dsub) for __aeabi_dsub
    main_sampling.o(.text.B_set) refers to dmul.o(x$fpl$dmul) for __aeabi_dmul
    main_sampling.o(.text.B_set) refers to main_sampling.o(.text.LCD_command) for LCD_command
    main_sampling.o(.text.B_set) refers to dcmp.o(x$fpl$fcmp) for __aeabi_dcmpeq
    main_sampling.o(.text.B_set) refers to main_sampling.o(.text.LCD_data) for LCD_data
    main_sampling.o(.ARM.exidx.text.B_set) refers to main_sampling.o(.text.B_set) for [Anonymous Symbol]
    main_sampling.o(.text.TU_set) refers to main_sampling.o(.text.LCD_command) for LCD_command
    main_sampling.o(.text.TU_set) refers to main_sampling.o(.text.LCD_data) for LCD_data
    main_sampling.o(.text.TU_set) refers to dfix.o(x$fpl$dfix) for __aeabi_d2iz
    main_sampling.o(.text.TU_set) refers to dflt_clz.o(x$fpl$dflt) for __aeabi_i2d
    main_sampling.o(.text.TU_set) refers to pow.o(i.__hardfp_pow) for __hardfp_pow
    main_sampling.o(.text.TU_set) refers to dcmp.o(x$fpl$fcmp) for __aeabi_dcmpge
[...]
    dflt_clz.o(x$fpl$dfltn) refers (Special) to usenofp.o(x$fpl$usenofp) for __I$use$fp
    dmul.o(x$fpl$dmul) refers (Special) to usenofp.o(x$fpl$usenofp) for __I$use$fp
    dmul.o(x$fpl$dmul) refers to dretinf.o(x$fpl$dretinf) for __fpl_dretinf
    dmul.o(x$fpl$dmul) refers to dnaninf.o(x$fpl$dnaninf) for __fpl_dnaninf
    pow.o(i.__hardfp_pow) refers (Special) to usenofp.o(x$fpl$usenofp) for __I$use$fp
    pow.o(i.__hardfp_pow) refers to dunder.o(i.__mathlib_dbl_infnan2) for __mathlib_dbl_infnan2
    pow.o(i.__hardfp_pow) refers to _rserrno.o(.text) for __set_errno
    pow.o(i.__hardfp_pow) refers to dunder.o(i.__mathlib_dbl_divzero) for __mathlib_dbl_divzero
    pow.o(i.__hardfp_pow) refers to basic.o(x$fpl$basic) for __aeabi_dneg
    pow.o(i.__hardfp_pow) refers to dunder.o(i.__mathlib_dbl_overflow) for __mathlib_dbl_overflow
    pow.o(i.__hardfp_pow) refers to ddiv.o(x$fpl$ddiv) for __aeabi_ddiv
    pow.o(i.__hardfp_pow) refers to sqrt.o(i.sqrt) for sqrt
    pow.o(i.__hardfp_pow) refers to fabs.o(i.fabs) for fabs
    pow.o(i.__hardfp_pow) refers to dflt_clz.o(x$fpl$dflt) for __aeabi_i2d
    pow.o(i.__hardfp_pow) refers to dunder.o(i.__mathlib_dbl_invalid) for __mathlib_dbl_invalid
    pow.o(i.__hardfp_pow) refers to dmul.o(x$fpl$dmul) for __aeabi_dmul
    pow.o(i.__hardfp_pow) refers to dunder.o(i.__mathlib_dbl_underflow) for __mathlib_dbl_underflow
    pow.o(i.__hardfp_pow) refers to daddsub_clz.o(x$fpl$dsub) for __aeabi_dsub
    pow.o(i.__hardfp_pow) refers to daddsub_clz.o(x$fpl$drsb) for __aeabi_drsub
    pow.o(i.__hardfp_pow) refers to qnan.o(.constdata) for __mathlib_zero
    pow.o(i.__hardfp_pow) refers to daddsub_clz.o(x$fpl$dadd) for __aeabi_dadd
    pow.o(i.__hardfp_pow) refers to poly.o(i.__kernel_poly) for __kernel_poly
    pow.o(i.__hardfp_pow) refers to pow.o(.constdata) for .constdata
    pow.o(i.__hardfp_pow) refers to drleqf.o(x$fpl$drleqf) for __aeabi_cdrcmple
    pow.o(i.__hardfp_pow) refers to scalbn.o(x$fpl$scalbn) for __ARM_scalbn
    pow.o(i.__hardfp_pow) refers to fpclassify.o(i.__ARM_fpclassify) for __ARM_fpclassify
    pow.o(i.__softfp_pow) refers (Special) to usenofp.o(x$fpl$usenofp) for __I$use$fp
    pow.o(i.__softfp_pow) refers to pow.o(i.__hardfp_pow) for __hardfp_pow
    pow.o(i.pow) refers (Special) to usenofp.o(x$fpl$usenofp) for __I$use$fp
    pow.o(i.pow) refers to pow.o(i.__hardfp_pow) for __hardfp_pow
    pow.o(.constdata) refers (Special) to usenofp.o(x$fpl$usenofp) for __I$use$fp
    __rtentry.o(.ARM.Collect$$rtentry$$00000000) refers (Special) to __rtentry2.o(.ARM.Collect$$rtentry$$0000000A) for __rt_entry_li
    __rtentry.o(.ARM.Collect$$rtentry$$00000000) refers (Special) to __rtentry2.o(.ARM.Collect$$rtentry$$0000000D) for __rt_entry_main
    __rtentry.o(.ARM.Collect$$rtentry$$00000000) refers (Special) to __rtentry2.o(.ARM.Collect$$rtentry$$0000000C) for __rt_entry_postli_1
    __rtentry.o(.ARM.Collect$$rtentry$$00000000) refers (Special) to __rtentry2.o(.ARM.Collect$$rtentry$$00000009) for __rt_entry_postsh_1
    __rtentry.o(.ARM.Collect$$rtentry$$00000000) refers (Special) to __rtentry2.o(.ARM.Collect$$rtentry$$00000002) for __rt_entry_presh_1
    __rtentry.o(.ARM.Collect$$rtentry$$00000000) refers (Special) to __rtentry4.o(.ARM.Collect$$rtentry$$00000004) for __rt_entry_sh
    _rserrno.o(.text) refers to rt_errno_addr_intlibspace.o(.text) for __aeabi_errno_addr
    basic.o(x$fpl$basic) refers (Special) to usenofp.o(x$fpl$usenofp) for __I$use$fp
    ddiv.o(x$fpl$drdiv) refers (Special) to usenofp.o(x$fpl$usenofp) for __I$use$fp
    ddiv.o(x$fpl$drdiv) refers to ddiv.o(x$fpl$ddiv) for ddiv_entry
    ddiv.o(x$fpl$ddiv) refers (Special) to usenofp.o(x$fpl$usenofp) for __I$use$fp
    ddiv.o(x$fpl$ddiv) refers to dretinf.o(x$fpl$dretinf) for __fpl_dretinf
    ddiv.o(x$fpl$ddiv) refers to dnaninf.o(x$fpl$dnaninf) for __fpl_dnaninf
    deqf.o(x$fpl$deqf) refers (Special) to usenofp.o(x$fpl$usenofp) for __I$use$fp
    deqf.o(x$fpl$deqf) refers to dnaninf.o(x$fpl$dnaninf) for __fpl_dnaninf
    deqf.o(x$fpl$deqf) refers to dcmpi.o(x$fpl$dcmpinf) for __fpl_dcmp_Inf
    dgeqf.o(x$fpl$dgeqf) refers (Special) to usenofp.o(x$fpl$usenofp) for __I$use$fp
    dgeqf.o(x$fpl$dgeqf) refers to dnaninf.o(x$fpl$dnaninf) for __fpl_dnaninf
    dgeqf.o(x$fpl$dgeqf) refers to dcmpi.o(x$fpl$dcmpinf) for __fpl_dcmp_Inf
    dleqf.o(x$fpl$dleqf) refers (Special) to usenofp.o(x$fpl$usenofp) for __I$use$fp
    dleqf.o(x$fpl$dleqf) refers to dnaninf.o(x$fpl$dnaninf) for __fpl_dnaninf
    dleqf.o(x$fpl$dleqf) refers to dcmpi.o(x$fpl$dcmpinf) for __fpl_dcmp_Inf
    dnaninf.o(x$fpl$dnaninf) refers (Special) to usenofp.o(x$fpl$usenofp) for __I$use$fp
    dretinf.o(x$fpl$dretinf) refers (Special) to usenofp.o(x$fpl$usenofp) for __I$use$fp
    drleqf.o(x$fpl$drleqf) refers (Special) to usenofp.o(x$fpl$usenofp) for __I$use$fp
    drleqf.o(x$fpl$drleqf) refers to dleqf.o(x$fpl$dleqf) for __fpl_dcmple_InfNaN
    scalbn.o(x$fpl$scalbn) refers (Special) to usenofp.o(x$fpl$usenofp) for __I$use$fp
    scalbn.o(x$fpl$scalbn) refers to dcheck1.o(x$fpl$dcheck1) for __fpl_dcheck_NaN1
    dunder.o(i.__mathlib_dbl_divzero) refers to ddiv.o(x$fpl$ddiv) for __aeabi_ddiv
    dunder.o(i.__mathlib_dbl_infnan) refers to daddsub_clz.o(x$fpl$dadd) for __aeabi_dadd
    dunder.o(i.__mathlib_dbl_infnan2) refers to daddsub_clz.o(x$fpl$dadd) for __aeabi_dadd
    dunder.o(i.__mathlib_dbl_invalid) refers to ddiv.o(x$fpl$ddiv) for __aeabi_ddiv
    dunder.o(i.__mathlib_dbl_overflow) refers to dmul.o(x$fpl$dmul) for __aeabi_dmul
    dunder.o(i.__mathlib_dbl_posinfnan) refers to dmul.o(x$fpl$dmul) for __aeabi_dmul
    dunder.o(i.__mathlib_dbl_underflow) refers to dmul.o(x$fpl$dmul) for __aeabi_dmul
    fabs.o(i.__hardfp_fabs) refers (Special) to usenofp.o(x$fpl$usenofp) for __I$use$fp
    fabs.o(i.__softfp_fabs) refers (Special) to usenofp.o(x$fpl$usenofp) for __I$use$fp
    fabs.o(i.fabs) refers (Special) to usenofp.o(x$fpl$usenofp) for __I$use$fp
    fpclassify.o(i.__ARM_fpclassify) refers (Special) to usenofp.o(x$fpl$usenofp) for __I$use$fp
    poly.o(i.__kernel_poly) refers (Special) to usenofp.o(x$fpl$usenofp) for __I$use$fp
    poly.o(i.__kernel_poly) refers to dmul.o(x$fpl$dmul) for __aeabi_dmul
    poly.o(i.__kernel_poly) refers to daddsub_clz.o(x$fpl$dadd) for __aeabi_dadd
    qnan.o(.constdata) refers (Special) to usenofp.o(x$fpl$usenofp) for __I$use$fp
    sqrt.o(i.__hardfp_sqrt) refers (Special) to usenofp.o(x$fpl$usenofp) for __I$use$fp
    sqrt.o(i.__hardfp_sqrt) refers to dsqrt_umaal.o(x$fpl$dsqrt) for _dsqrt
    sqrt.o(i.__hardfp_sqrt) refers to _rserrno.o(.text) for __set_errno
    sqrt.o(i.__softfp_sqrt) refers (Special) to usenofp.o(x$fpl$usenofp) for __I$use$fp
    sqrt.o(i.__softfp_sqrt) refers to dsqrt_umaal.o(x$fpl$dsqrt) for _dsqrt
    sqrt.o(i.__softfp_sqrt) refers to _rserrno.o(.text) for __set_errno
    sqrt.o(i.sqrt) refers (Special) to usenofp.o(x$fpl$usenofp) for __I$use$fp
    sqrt.o(i.sqrt) refers to dsqrt_umaal.o(x$fpl$dsqrt) for _dsqrt
    sqrt.o(i.sqrt) refers to _rserrno.o(.text) for __set_errno
    __rtentry2.o(.ARM.Collect$$rtentry$$00000008) refers to boardinit2.o(.text) for _platform_post_stackheap_init
    __rtentry2.o(.ARM.Collect$$rtentry$$0000000A) refers to libinit.o(.ARM.Collect$$libinit$$00000000) for __rt_lib_init
    __rtentry2.o(.ARM.Collect$$rtentry$$0000000B) refers to boardinit3.o(.text) for _platform_post_lib_init
    __rtentry2.o(.ARM.Collect$$rtentry$$0000000D) refers to main_sampling.o(.text.main) for main
    __rtentry2.o(.ARM.Collect$$rtentry$$0000000D) refers to exit.o(.text) for exit
    __rtentry2.o(.ARM.exidx) refers to __rtentry2.o(.ARM.Collect$$rtentry$$00000001) for .ARM.Collect$$rtentry$$00000001
    __rtentry2.o(.ARM.exidx) refers to __rtentry2.o(.ARM.Collect$$rtentry$$00000008) for .ARM.Collect$$rtentry$$00000008
    __rtentry2.o(.ARM.exidx) refers to __rtentry2.o(.ARM.Collect$$rtentry$$0000000A) for .ARM.Collect$$rtentry$$0000000A
    __rtentry2.o(.ARM.exidx) refers to __rtentry2.o(.ARM.Collect$$rtentry$$0000000B) for .ARM.Collect$$rtentry$$0000000B
    __rtentry2.o(.ARM.exidx) refers to __rtentry2.o(.ARM.Collect$$rtentry$$0000000D) for .ARM.Collect$$rtentry$$0000000D
    __rtentry4.o(.ARM.Collect$$rtentry$$00000004) refers to sys_stackheap_outer.o(.text) for __user_setup_stackheap
    __rtentry4.o(.ARM.exidx) refers to __rtentry4.o(.ARM.Collect$$rtentry$$00000004) for .ARM.Collect$$rtentry$$00000004
    rt_errno_addr.o(.text) refers to rt_errno_addr.o(.bss) for __aeabi_errno_addr_data
    rt_errno_addr_intlibspace.o(.text) refers to libspace.o(.bss) for __libspace_start
    dcheck1.o(x$fpl$dcheck1) refers (Special) to usenofp.o(x$fpl$usenofp) for __I$use$fp
    dcheck1.o(x$fpl$dcheck1) refers to retnan.o(x$fpl$retnan) for __fpl_return_NaN
    dcmpi.o(x$fpl$dcmpinf) refers (Special) to usenofp.o(x$fpl$usenofp) for __I$use$fp
    dsqrt_umaal.o(x$fpl$dsqrt) refers (Special) to usenofp.o(x$fpl$usenofp) for __I$use$fp
    dsqrt_umaal.o(x$fpl$dsqrt) refers to dnaninf.o(x$fpl$dnaninf) for __fpl_dnaninf
    libspace.o(.text) refers to libspace.o(.bss) for __libspace_start
    sys_stackheap_outer.o(.text) refers to libspace.o(.text) for __user_perproc_libspace
    sys_stackheap_outer.o(.text) refers to startup_stm32f401xe.o(.text) for __user_initial_stackheap
    exit.o(.text) refers to rtexit.o(.ARM.Collect$$rtexit$$00000000) for __rt_exit
    libinit.o(.ARM.Collect$$libinit$$00000000) refers (Special) to libinit2.o(.ARM.Collect$$libinit$$0000002E) for __rt_lib_init_alloca_1
    libinit.o(.ARM.Collect$$libinit$$00000000) refers (Special) to libinit2.o(.ARM.Collect$$libinit$$0000002C) for __rt_lib_init_argv_1
    libinit.o(.ARM.Collect$$libinit$$00000000) refers (Special) to libinit2.o(.ARM.Collect$$libinit$$0000001B) for __rt_lib_init_atexit_1
    libinit.o(.ARM.Collect$$libinit$$00000000) refers (Special) to libinit2.o(.ARM.Collect$$libinit$$00000021) for __rt_lib_init_clock_1
    libinit.o(.ARM.Collect$$libinit$$00000000) refers (Special) to libinit2.o(.ARM.Collect$$libinit$$00000032) for __rt_lib_init_cpp_1
    libinit.o(.ARM.Collect$$libinit$$00000000) refers (Special) to libinit2.o(.ARM.Collect$$libinit$$00000030) for __rt_lib_init_exceptions_1
    libinit.o(.ARM.Collect$$libinit$$00000000) refers (Special) to libinit2.o(.ARM.Collect$$libinit$$00000001) for __rt_lib_init_fp_1
    libinit.o(.ARM.Collect$$libinit$$00000000) refers (Special) to libinit2.o(.ARM.Collect$$libinit$$0000001F) for __rt_lib_init_fp_trap_1
    libinit.o(.ARM.Collect$$libinit$$00000000) refers (Special) to libinit2.o(.ARM.Collect$$libinit$$00000023) for __rt_lib_init_getenv_1
    libinit.o(.ARM.Collect$$libinit$$00000000) refers (Special) to libinit2.o(.ARM.Collect$$libinit$$0000000A) for __rt_lib_init_heap_1
    libinit.o(.ARM.Collect$$libinit$$00000000) refers (Special) to libinit2.o(.ARM.Collect$$libinit$$00000011) for __rt_lib_init_lc_collate_1
    libinit.o(.ARM.Collect$$libinit$$00000000) refers (Special) to libinit2.o(.ARM.Collect$$libinit$$00000013) for __rt_lib_init_lc_ctype_1
    libinit.o(.ARM.Collect$$libinit$$00000000) refers (Special) to libinit2.o(.ARM.Collect$$libinit$$00000015) for __rt_lib_init_lc_monetary_1
    libinit.o(.ARM.Collect$$libinit$$00000000) refers (Special) to libinit2.o(.ARM.Collect$$libinit$$00000017) for __rt_lib_init_lc_numeric_1
    libinit.o(.ARM.Collect$$libinit$$00000000) refers (Special) to libinit2.o(.ARM.Collect$$libinit$$00000019) for __rt_lib_init_lc_time_1
    libinit.o(.ARM.Collect$$libinit$$00000000) refers (Special) to libinit2.o(.ARM.Collect$$libinit$$00000004) for __rt_lib_init_preinit_1
    libinit.o(.ARM.Collect$$libinit$$00000000) refers (Special) to libinit2.o(.ARM.Collect$$libinit$$0000000E) for __rt_lib_init_rand_1
    libinit.o(.ARM.Collect$$libinit$$00000000) refers (Special) to libinit2.o(.ARM.Collect$$libinit$$00000033) for __rt_lib_init_return
    libinit.o(.ARM.Collect$$libinit$$00000000) refers (Special) to libinit2.o(.ARM.Collect$$libinit$$0000001D) for __rt_lib_init_signal_1
    libinit.o(.ARM.Collect$$libinit$$00000000) refers (Special) to libinit2.o(.ARM.Collect$$libinit$$00000025) for __rt_lib_init_stdio_1
    libinit.o(.ARM.Collect$$libinit$$00000000) refers (Special) to libinit2.o(.ARM.Collect$$libinit$$0000000C) for __rt_lib_init_user_alloc_1
    retnan.o(x$fpl$retnan) refers (Special) to usenofp.o(x$fpl$usenofp) for __I$use$fp
    retnan.o(x$fpl$retnan) refers to trapv.o(x$fpl$trapveneer) for __fpl_cmpreturn
    rtexit.o(.ARM.Collect$$rtexit$$00000000) refers (Special) to rtexit2.o(.ARM.Collect$$rtexit$$00000004) for __rt_exit_exit
    rtexit.o(.ARM.Collect$$rtexit$$00000000) refers (Special) to rtexit2.o(.ARM.Collect$$rtexit$$00000003) for __rt_exit_ls
    rtexit.o(.ARM.Collect$$rtexit$$00000000) refers (Special) to rtexit2.o(.ARM.Collect$$rtexit$$00000002) for __rt_exit_prels_1
    rtexit.o(.ARM.exidx) refers (Special) to rtexit2.o(.ARM.Collect$$rtexit$$00000004) for __rt_exit_exit
    rtexit.o(.ARM.exidx) refers (Special) to rtexit2.o(.ARM.Collect$$rtexit$$00000003) for __rt_exit_ls
    rtexit.o(.ARM.exidx) refers (Special) to rtexit2.o(.ARM.Collect$$rtexit$$00000002) for __rt_exit_prels_1
    rtexit.o(.ARM.exidx) refers to rtexit.o(.ARM.Collect$$rtexit$$00000000) for .ARM.Collect$$rtexit$$00000000
    libinit2.o(.ARM.Collect$$libinit$$00000001) refers to fpinit.o(x$fpl$fpinit) for _fp_init
    libinit2.o(.ARM.Collect$$libinit$$00000010) refers to libinit2.o(.ARM.Collect$$libinit$$0000000F) for .ARM.Collect$$libinit$$0000000F
    libinit2.o(.ARM.Collect$$libinit$$00000012) refers to libinit2.o(.ARM.Collect$$libinit$$0000000F) for .ARM.Collect$$libinit$$0000000F
    libinit2.o(.ARM.Collect$$libinit$$00000014) refers to libinit2.o(.ARM.Collect$$libinit$$0000000F) for .ARM.Collect$$libinit$$0000000F
    libinit2.o(.ARM.Collect$$libinit$$00000016) refers to libinit2.o(.ARM.Collect$$libinit$$0000000F) for .ARM.Collect$$libinit$$0000000F
    libinit2.o(.ARM.Collect$$libinit$$00000018) refers to libinit2.o(.ARM.Collect$$libinit$$0000000F) for .ARM.Collect$$libinit$$0000000F
    libinit2.o(.ARM.Collect$$libinit$$00000026) refers to argv_veneer.o(.emb_text) for __ARM_argv_veneer
    libinit2.o(.ARM.Collect$$libinit$$00000027) refers to argv_veneer.o(.emb_text) for __ARM_argv_veneer
    trapv.o(x$fpl$trapveneer) refers (Special) to usenofp.o(x$fpl$usenofp) for __I$use$fp
    rtexit2.o(.ARM.Collect$$rtexit$$00000003) refers to libshutdown.o(.ARM.Collect$$libshutdown$$00000000) for __rt_lib_shutdown
    rtexit2.o(.ARM.Collect$$rtexit$$00000004) refers to sys_exit.o(.text) for _sys_exit
    rtexit2.o(.ARM.exidx) refers to rtexit2.o(.ARM.Collect$$rtexit$$00000001) for .ARM.Collect$$rtexit$$00000001
    rtexit2.o(.ARM.exidx) refers to rtexit2.o(.ARM.Collect$$rtexit$$00000003) for .ARM.Collect$$rtexit$$00000003
    rtexit2.o(.ARM.exidx) refers to rtexit2.o(.ARM.Collect$$rtexit$$00000004) for .ARM.Collect$$rtexit$$00000004
    argv_veneer.o(.emb_text) refers to no_argv.o(.text) for __ARM_get_argv
    sys_exit.o(.text) refers (Special) to use_no_semi.o(.text) for __I$use$semihosting
    sys_exit.o(.text) refers (Special) to indicate_semi.o(.text) for __semihosting_library_function
    sys_exit_hlt.o(.text) refers (Special) to use_no_semi.o(.text) for __I$use$semihosting
    sys_exit_hlt.o(.text) refers (Special) to indicate_semi.o(.text) for __semihosting_library_function
    _get_argv_nomalloc.o(.text) refers (Special) to hrguard.o(.text) for __heap_region$guard
    _get_argv_nomalloc.o(.text) refers to defsig_rtmem_outer.o(.text) for __rt_SIGRTMEM
    _get_argv_nomalloc.o(.text) refers to sys_command.o(.text) for _sys_command_string
    libshutdown.o(.ARM.Collect$$libshutdown$$00000000) refers (Special) to libshutdown2.o(.ARM.Collect$$libshutdown$$00000002) for __rt_lib_shutdown_cpp_1
    libshutdown.o(.ARM.Collect$$libshutdown$$00000000) refers (Special) to libshutdown2.o(.ARM.Collect$$libshutdown$$00000007) for __rt_lib_shutdown_fp_trap_1
    libshutdown.o(.ARM.Collect$$libshutdown$$00000000) refers (Special) to libshutdown2.o(.ARM.Collect$$libshutdown$$0000000F) for __rt_lib_shutdown_heap_1
    libshutdown.o(.ARM.Collect$$libshutdown$$00000000) refers (Special) to libshutdown2.o(.ARM.Collect$$libshutdown$$00000010) for __rt_lib_shutdown_return
    libshutdown.o(.ARM.Collect$$libshutdown$$00000000) refers (Special) to libshutdown2.o(.ARM.Collect$$libshutdown$$0000000A) for __rt_lib_shutdown_signal_1
    libshutdown.o(.ARM.Collect$$libshutdown$$00000000) refers (Special) to libshutdown2.o(.ARM.Collect$$libshutdown$$00000004) for __rt_lib_shutdown_stdio_1
    libshutdown.o(.ARM.Collect$$libshutdown$$00000000) refers (Special) to libshutdown2.o(.ARM.Collect$$libshutdown$$0000000C) for __rt_lib_shutdown_user_alloc_1
    sys_command.o(.text) refers (Special) to use_no_semi.o(.text) for __I$use$semihosting
    sys_command.o(.text) refers (Special) to indicate_semi.o(.text) for __semihosting_library_function
    sys_command_hlt.o(.text) refers (Special) to use_no_semi.o(.text) for __I$use$semihosting
    sys_command_hlt.o(.text) refers (Special) to indicate_semi.o(.text) for __semihosting_library_function
    defsig_rtmem_outer.o(.text) refers to defsig_rtmem_inner.o(.text) for __rt_SIGRTMEM_inner
    defsig_rtmem_outer.o(.text) refers to defsig_exit.o(.text) for __sig_exit
    defsig_rtmem_formal.o(.text) refers to rt_raise.o(.text) for __rt_raise
    rt_raise.o(.text) refers to __raise.o(.text) for __raise
    rt_raise.o(.text) refers to sys_exit.o(.text) for _sys_exit
    defsig_exit.o(.text) refers to sys_exit.o(.text) for _sys_exit
    defsig_rtmem_inner.o(.text) refers to defsig_general.o(.text) for __default_signal_display
    __raise.o(.text) refers to defsig.o(CL$$defsig) for __default_signal_handler
    defsig_general.o(.text) refers to sys_wrch.o(.text) for _ttywrch
    sys_wrch.o(.text) refers (Special) to use_no_semi.o(.text) for __I$use$semihosting
    sys_wrch.o(.text) refers (Special) to indicate_semi.o(.text) for __semihosting_library_function
    sys_wrch_hlt.o(.text) refers (Special) to use_no_semi.o(.text) for __I$use$semihosting
    sys_wrch_hlt.o(.text) refers (Special) to indicate_semi.o(.text) for __semihosting_library_function
    defsig.o(CL$$defsig) refers to defsig_rtmem_inner.o(.text) for __rt_SIGRTMEM_inner
    defsig_abrt_inner.o(.text) refers to defsig_general.o(.text) for __default_signal_display
    defsig_fpe_inner.o(.text) refers to defsig_general.o(.text) for __default_signal_display
    defsig_rtred_inner.o(.text) refers to defsig_general.o(.text) for __default_signal_display
    defsig_stak_inner.o(.text) refers to defsig_general.o(.text) for __default_signal_display
    defsig_pvfn_inner.o(.text) refers to defsig_general.o(.text) for __default_signal_display
    defsig_cppl_inner.o(.text) refers to defsig_general.o(.text) for __default_signal_display
    defsig_segv_inner.o(.text) refers to defsig_general.o(.text) for __default_signal_display
    defsig_other.o(.text) refers to defsig_general.o(.text) for __default_signal_display


==============================================================================

Removing Unused input sections from the image.

    Removing main_sampling.o(.text), (0 bytes).
    Removing main_sampling.o(.text.adc_conv), (30 bytes).
    Removing main_sampling.o(.ARM.exidx.text.adc_conv), (8 bytes).
    Removing main_sampling.o(.ARM.exidx.text.main), (8 bytes).
    Removing main_sampling.o(.ARM.exidx.text.Delay_ms), (8 bytes).
    Removing main_sampling.o(.ARM.exidx.text.LCD_init), (8 bytes).
    Removing main_sampling.o(.ARM.exidx.text.V_SET), (8 bytes).
    Removing main_sampling.o(.ARM.exidx.text.send), (8 bytes).
    Removing main_sampling.o(.ARM.exidx.text.Delay_us), (8 bytes).
    Removing main_sampling.o(.ARM.exidx.text.B_set), (8 bytes).
    Removing main_sampling.o(.ARM.exidx.text.TU_set), (8 bytes).
    Removing main_sampling.o(.text.FRQ), (48 bytes).
    Removing main_sampling.o(.ARM.exidx.text.FRQ), (8 bytes).
    Removing main_sampling.o(.ARM.exidx.text.ADC_init), (8 bytes).
    Removing main_sampling.o(.ARM.exidx.text.USART_init), (8 bytes).
    Removing main_sampling.o(.text.sendstring), (30 bytes).
    Removing main_sampling.o(.ARM.exidx.text.sendstring), (8 bytes).
    Removing main_sampling.o(.text.get), (20 bytes).
    Removing main_sampling.o(.ARM.exidx.text.get), (8 bytes).
    Removing main_sampling.o(.ARM.exidx.text.TIM3CONFIG), (8 bytes).
    Removing main_sampling.o(.ARM.exidx.text.__NVIC_EnableIRQ), (8 bytes).
    Removing main_sampling.o(.ARM.exidx.text.TIM2CONFIG), (8 bytes).
    Removing main_sampling.o(.text.add), (26 bytes).
    Removing main_sampling.o(.ARM.exidx.text.add), (8 bytes).
    Removing main_sampling.o(.ARM.exidx.text.TIM3_IRQHandler), (8 bytes).
    Removing main_sampling.o(.ARM.exidx.text.TIM2_IRQHandler), (8 bytes).
    Removing main_sampling.o(.ARM.exidx.text.TIM4CONFIG), (8 bytes).
    Removing main_sampling.o(.ARM.exidx.text.PORTS_init), (8 bytes).
    Removing main_sampling.o(.ARM.exidx.text.LCD_command), (8 bytes).
    Removing main_sampling.o(.ARM.exidx.text.LCD_data), (8 bytes).
    Removing main_sampling.o(.ARM.exidx.text.LCD_SET), (8 bytes).
    Removing main_sampling.o(.bss.samples), (128 bytes).
    Removing main_sampling.o(.ARM.use_no_argv), (4 bytes).
    Removing system_stm32f4xx.o(.text), (0 bytes).
    Removing system_stm32f4xx.o(.ARM.exidx.text.SystemInit), (8 bytes).
    Removing system_stm32f4xx.o(.text.SystemCoreClockUpdate), (126 bytes).
    Removing system_stm32f4xx.o(.ARM.exidx.text.SystemCoreClockUpdate), (8 bytes).
    Removing system_stm32f4xx.o(.data.SystemCoreClock), (4 bytes).
    Removing system_stm32f4xx.o(.rodata.AHBPrescTable), (16 bytes).
    Removing system_stm32f4xx.o(.rodata.APBPrescTable), (8 bytes).

40 unused section(s) (total 656 bytes) removed from the image.

==============================================================================

Image Symbol Table

    Local Symbols

    Symbol Name                              Value     Ov Type        Size  Object(Section)

    ../clib/angel/boardlib.s                 0x00000000   Number         0  boardinit1.o ABSOLUTE
    ../clib/angel/boardlib.s                 0x00000000   Number         0  boardinit2.o ABSOLUTE
    ../clib/angel/boardlib.s                 0x00000000   Number         0  boardinit3.o ABSOLUTE
    ../clib/angel/boardlib.s                 0x00000000   Number         0  boardshut.o ABSOLUTE
    ../clib/angel/handlers.s                 0x00000000   Number         0  __scatter_copy.o ABSOLUTE
    ../clib/angel/handlers.s                 0x00000000   Number         0  __scatter_zi.o ABSOLUTE
    ../clib/angel/kernel.s                   0x00000000   Number         0  __rtentry.o ABSOLUTE
    ../clib/angel/kernel.s                   0x00000000   Number         0  __rtentry2.o ABSOLUTE
    ../clib/angel/kernel.s                   0x00000000   Number         0  __rtentry4.o ABSOLUTE
    ../clib/angel/kernel.s                   0x00000000   Number         0  rtexit.o ABSOLUTE
    ../clib/angel/kernel.s                   0x00000000   Number         0  rtexit2.o ABSOLUTE
    ../clib/angel/rt.s                       0x00000000   Number         0  rt_errno_addr.o ABSOLUTE
    ../clib/angel/rt.s                       0x00000000   Number         0  rt_errno_addr_intlibspace.o ABSOLUTE
    ../clib/angel/rt.s                       0x00000000   Number         0  rt_raise.o ABSOLUTE
    ../clib/angel/scatter.s                  0x00000000   Number         0  __scatter.o ABSOLUTE
    ../clib/angel/startup.s                  0x00000000   Number         0  __main.o ABSOLUTE
    ../clib/angel/sys.s                      0x00000000   Number         0  libspace.o ABSOLUTE
    ../clib/angel/sys.s                      0x00000000   Number         0  sys_stackheap_outer.o ABSOLUTE
    ../clib/angel/sys.s                      0x00000000   Number         0  use_no_semi.o ABSOLUTE
    ../clib/angel/sys.s                      0x00000000   Number         0  indicate_semi.o ABSOLUTE
    ../clib/angel/sysapp.c                   0x00000000   Number         0  sys_exit.o ABSOLUTE
    ../clib/angel/sysapp.c                   0x00000000   Number         0  sys_exit_hlt.o ABSOLUTE
    ../clib/angel/sysapp.c                   0x00000000   Number         0  sys_command.o ABSOLUTE
    ../clib/angel/sysapp.c                   0x00000000   Number         0  sys_command_hlt.o ABSOLUTE
    ../clib/angel/sysapp.c                   0x00000000   Number         0  sys_wrch.o ABSOLUTE
    ../clib/angel/sysapp.c                   0x00000000   Number         0  sys_wrch_hlt.o ABSOLUTE
    ../clib/armsys.c                         0x00000000   Number         0  argv_veneer.o ABSOLUTE
    ../clib/armsys.c                         0x00000000   Number         0  argv_veneer.o ABSOLUTE
    ../clib/armsys.c                         0x00000000   Number         0  _get_argv_nomalloc.o ABSOLUTE
    ../clib/armsys.c                         0x00000000   Number         0  no_argv.o ABSOLUTE
    ../clib/fenv.c                           0x00000000   Number         0  _rserrno.o ABSOLUTE
    ../clib/heapalloc.c                      0x00000000   Number         0  hrguard.o ABSOLUTE
    ../clib/heapaux.c                        0x00000000   Number         0  heapauxi.o ABSOLUTE
    ../clib/libinit.s                        0x00000000   Number         0  libinit.o ABSOLUTE
    ../clib/libinit.s                        0x00000000   Number         0  libinit2.o ABSOLUTE
    ../clib/libinit.s                        0x00000000   Number         0  libshutdown.o ABSOLUTE
    ../clib/libinit.s                        0x00000000   Number         0  libshutdown2.o ABSOLUTE
    ../clib/memcpset.s                       0x00000000   Number         0  rt_memclr_w.o ABSOLUTE
    ../clib/signal.c                         0x00000000   Number         0  defsig_rtmem_outer.o ABSOLUTE
    ../clib/signal.c                         0x00000000   Number         0  defsig_rtmem_formal.o ABSOLUTE
    ../clib/signal.c                         0x00000000   Number         0  defsig_exit.o ABSOLUTE
    ../clib/signal.c                         0x00000000   Number         0  defsig_rtmem_inner.o ABSOLUTE
    ../clib/signal.c                         0x00000000   Number         0  __raise.o ABSOLUTE
    ../clib/signal.c                         0x00000000   Number         0  defsig_general.o ABSOLUTE
    ../clib/signal.c                         0x00000000   Number         0  defsig_abrt_inner.o ABSOLUTE
    ../clib/signal.c                         0x00000000   Number         0  defsig_fpe_inner.o ABSOLUTE
    ../clib/signal.c                         0x00000000   Number         0  defsig_rtred_inner.o ABSOLUTE
    ../clib/signal.c                         0x00000000   Number         0  defsig_stak_inner.o ABSOLUTE
    ../clib/signal.c                         0x00000000   Number         0  defsig_pvfn_inner.o ABSOLUTE
    ../clib/signal.c                         0x00000000   Number         0  defsig_cppl_inner.o ABSOLUTE
    ../clib/signal.c                         0x00000000   Number         0  defsig_segv_inner.o ABSOLUTE
    ../clib/signal.c                         0x00000000   Number         0  defsig_other.o ABSOLUTE
    ../clib/signal.s                         0x00000000   Number         0  defsig.o ABSOLUTE
    ../clib/stdlib.c                         0x00000000   Number         0  exit.o ABSOLUTE
    ../fplib/basic.s                         0x00000000   Number         0  basic.o ABSOLUTE
    ../fplib/daddsub.s                       0x00000000   Number         0  daddsub_clz.o ABSOLUTE
    ../fplib/dcheck1.s                       0x00000000   Number         0  dcheck1.o ABSOLUTE
    ../fplib/dcmp.s                          0x00000000   Number         0  dcmp.o ABSOLUTE
    ../fplib/dcmpi.s                         0x00000000   Number         0  dcmpi.o ABSOLUTE
    ../fplib/ddiv.s                          0x00000000   Number         0  ddiv.o ABSOLUTE
    ../fplib/deqf.s                          0x00000000   Number         0  deqf.o ABSOLUTE
    ../fplib/dfix.s                          0x00000000   Number         0  dfix.o ABSOLUTE
    ../fplib/dflt.s                          0x00000000   Number         0  dflt_clz.o ABSOLUTE
    ../fplib/dgeqf.s                         0x00000000   Number         0  dgeqf.o ABSOLUTE
    ../fplib/dleqf.s                         0x00000000   Number         0  dleqf.o ABSOLUTE
    ../fplib/dmul.s                          0x00000000   Number         0  dmul.o ABSOLUTE
    ../fplib/dnaninf.s                       0x00000000   Number         0  dnaninf.o ABSOLUTE
    ../fplib/dretinf.s                       0x00000000   Number         0  dretinf.o ABSOLUTE
    ../fplib/drleqf.s                        0x00000000   Number         0  drleqf.o ABSOLUTE
    ../fplib/dsqrt.s                         0x00000000   Number         0  dsqrt_umaal.o ABSOLUTE
    ../fplib/fpinit.s                        0x00000000   Number         0  fpinit.o ABSOLUTE
    ../fplib/retnan.s                        0x00000000   Number         0  retnan.o ABSOLUTE
    ../fplib/scalbn.s                        0x00000000   Number         0  scalbn.o ABSOLUTE
    ../fplib/trapv.s                         0x00000000   Number         0  trapv.o ABSOLUTE
    ../fplib/usenofp.s                       0x00000000   Number         0  usenofp.o ABSOLUTE
    ../mathlib/dunder.c                      0x00000000   Number         0  dunder.o ABSOLUTE
    ../mathlib/fabs.c                        0x00000000   Number         0  fabs.o ABSOLUTE
    ../mathlib/fpclassify.c                  0x00000000   Number         0  fpclassify.o ABSOLUTE
    ../mathlib/poly.c                        0x00000000   Number         0  poly.o ABSOLUTE
    ../mathlib/pow.c                         0x00000000   Number         0  pow.o ABSOLUTE
    ../mathlib/qnan.c                        0x00000000   Number         0  qnan.o ABSOLUTE
    ../mathlib/sqrt.c                        0x00000000   Number         0  sqrt.o ABSOLUTE
    MAIN_SAMPLING.c                          0x00000000   Number         0  main_sampling.o ABSOLUTE
    RTE/Device/STM32F401RETx/startup_stm32f401xe.s 0x00000000   Number         0  startup_stm32f401xe.o ABSOLUTE
    dc.s                                     0x00000000   Number         0  dc.o ABSOLUTE
    system_stm32f4xx.c                       0x00000000   Number         0  system_stm32f4xx.o ABSOLUTE
    RESET                                    0x08000000   Section      404  startup_stm32f401xe.o(RESET)
    !!!main                                  0x08000194   Section        8  __main.o(!!!main)
    !!!scatter                               0x0800019c   Section       52  __scatter.o(!!!scatter)
    !!handler_copy                           0x080001d0   Section       26  __scatter_copy.o(!!handler_copy)
    !!handler_zi                             0x080001ec   Section       28  __scatter_zi.o(!!handler_zi)
    .ARM.Collect$$libinit$$00000000          0x08000208   Section        2  libinit.o(.ARM.Collect$$libinit$$00000000)
    .ARM.Collect$$libinit$$00000001          0x0800020a   Section        4  libinit2.o(.ARM.Collect$$libinit$$00000001)
    .ARM.Collect$$libinit$$00000004          0x0800020e   Section        0  libinit2.o(.ARM.Collect$$libinit$$00000004)
    .ARM.Collect$$libinit$$0000000A          0x0800020e   Section        0  libinit2.o(.ARM.Collect$$libinit$$0000000A)
    .ARM.Collect$$libinit$$0000000C          0x0800020e   Section        0  libinit2.o(.ARM.Collect$$libinit$$0000000C)
    .ARM.Collect$$libinit$$0000000E          0x0800020e   Section        0  libinit2.o(.ARM.Collect$$libinit$$0000000E)
    .ARM.Collect$$libinit$$00000011          0x0800020e   Section        0  libinit2.o(.ARM.Collect$$libinit$$00000011)
    .ARM.Collect$$libinit$$00000013          0x0800020e   Section        0  libinit2.o(.ARM.Collect$$libinit$$00000013)
    .ARM.Collect$$libinit$$00000015          0x0800020e   Section        0  libinit2.o(.ARM.Collect$$libinit$$00000015)
    .ARM.Collect$$libinit$$00000017          0x0800020e   Section        0  libinit2.o(.ARM.Collect$$libinit$$00000017)
    .ARM.Collect$$libinit$$00000019          0x0800020e   Section        0  libinit2.o(.ARM.Collect$$libinit$$00000019)
    .ARM.Collect$$libinit$$0000001B          0x0800020e   Section        0  libinit2.o(.ARM.Collect$$libinit$$0000001B)
    .ARM.Collect$$libinit$$0000001D          0x0800020e   Section        0  libinit2.o(.ARM.Collect$$libinit$$0000001D)
    .ARM.Collect$$libinit$$0000001F          0x0800020e   Section        0  libinit2.o(.ARM.Collect$$libinit$$0000001F)
    .ARM.Collect$$libinit$$00000021          0x0800020e   Section        0  libinit2.o(.ARM.Collect$$libinit$$00000021)
    .ARM.Collect$$libinit$$00000023          0x0800020e   Section        0  libinit2.o(.ARM.Collect$$libinit$$00000023)
    .ARM.Collect$$libinit$$00000025          0x0800020e   Section        0  libinit2.o(.ARM.Collect$$libinit$$00000025)
    .ARM.Collect$$libinit$$0000002C          0x0800020e   Section        0  libinit2.o(.ARM.Collect$$libinit$$0000002C)
    .ARM.Collect$$libinit$$0000002E          0x0800020e   Section        0  libinit2.o(.ARM.Collect$$libinit$$0000002E)
    .ARM.Collect$$libinit$$00000030          0x0800020e   Section        0  libinit2.o(.ARM.Collect$$libinit$$00000030)
    .ARM.Collect$$libinit$$00000032          0x0800020e   Section        0  libinit2.o(.ARM.Collect$$libinit$$00000032)
    .ARM.Collect$$libinit$$00000033          0x0800020e   Section        2  libinit2.o(.ARM.Collect$$libinit$$00000033)
    .ARM.Collect$$libshutdown$$00000000      0x08000210   Section        2  libshutdown.o(.ARM.Collect$$libshutdown$$00000000)
    .ARM.Collect$$libshutdown$$00000002      0x08000212   Section        0  libshutdown2.o(.ARM.Collect$$libshutdown$$00000002)
    .ARM.Collect$$libshutdown$$00000004      0x08000212   Section        0  libshutdown2.o(.ARM.Collect$$libshutdown$$00000004)
    .ARM.Collect$$libshutdown$$00000007      0x08000212   Section        0  libshutdown2.o(.ARM.Collect$$libshutdown$$00000007)
    .ARM.Collect$$libshutdown$$0000000A      0x08000212   Section        0  libshutdown2.o(.ARM.Collect$$libshutdown$$0000000A)
    .ARM.Collect$$libshutdown$$0000000C      0x08000212   Section        0  libshutdown2.o(.ARM.Collect$$libshutdown$$0000000C)
    .ARM.Collect$$libshutdown$$0000000F      0x08000212   Section        0  libshutdown2.o(.ARM.Collect$$libshutdown$$0000000F)
    .ARM.Collect$$libshutdown$$00000010      0x08000212   Section        2  libshutdown2.o(.ARM.Collect$$libshutdown$$00000010)
    .ARM.Collect$$rtentry$$00000000          0x08000214   Section        0  __rtentry.o(.ARM.Collect$$rtentry$$00000000)
    .ARM.Collect$$rtentry$$00000002          0x08000214   Section        0  __rtentry2.o(.ARM.Collect$$rtentry$$00000002)
    .ARM.Collect$$rtentry$$00000004          0x08000214   Section        6  __rtentry4.o(.ARM.Collect$$rtentry$$00000004)
    .ARM.Collect$$rtentry$$00000009          0x0800021a   Section        0  __rtentry2.o(.ARM.Collect$$rtentry$$00000009)
    .ARM.Collect$$rtentry$$0000000A          0x0800021a   Section        4  __rtentry2.o(.ARM.Collect$$rtentry$$0000000A)
    .ARM.Collect$$rtentry$$0000000C          0x0800021e   Section        0  __rtentry2.o(.ARM.Collect$$rtentry$$0000000C)
    .ARM.Collect$$rtentry$$0000000D          0x0800021e   Section        8  __rtentry2.o(.ARM.Collect$$rtentry$$0000000D)
    .ARM.Collect$$rtexit$$00000000           0x08000226   Section        2  rtexit.o(.ARM.Collect$$rtexit$$00000000)
    .ARM.Collect$$rtexit$$00000002           0x08000228   Section        0  rtexit2.o(.ARM.Collect$$rtexit$$00000002)
    .ARM.Collect$$rtexit$$00000003           0x08000228   Section        4  rtexit2.o(.ARM.Collect$$rtexit$$00000003)
    .ARM.Collect$$rtexit$$00000004           0x0800022c   Section        6  rtexit2.o(.ARM.Collect$$rtexit$$00000004)
    $v0                                      0x08000234   Number         0  startup_stm32f401xe.o(.text)
    .text                                    0x08000234   Section       64  startup_stm32f401xe.o(.text)
    .text                                    0x08000274   Section       78  rt_memclr_w.o(.text)
    .text                                    0x080002c2   Section        0  heapauxi.o(.text)
    .text                                    0x080002c8   Section        0  _rserrno.o(.text)
    .text                                    0x080002e0   Section        8  rt_errno_addr_intlibspace.o(.text)
    .text                                    0x080002e8   Section        8  libspace.o(.text)
    .text                                    0x080002f0   Section       74  sys_stackheap_outer.o(.text)
    .text                                    0x0800033a   Section        0  exit.o(.text)
    .text                                    0x0800034c   Section        0  sys_exit.o(.text)
    .text                                    0x08000358   Section        2  use_no_semi.o(.text)
    .text                                    0x0800035a   Section        0  indicate_semi.o(.text)
    [Anonymous Symbol]                       0x0800035c   Section        0  main_sampling.o(.text.ADC_init)
    [Anonymous Symbol]                       0x080003a8   Section        0  main_sampling.o(.text.B_set)
    [Anonymous Symbol]                       0x08000488   Section        0  main_sampling.o(.text.Delay_ms)
    [Anonymous Symbol]                       0x080004a4   Section        0  main_sampling.o(.text.Delay_us)
    [Anonymous Symbol]                       0x080004b8   Section        0  main_sampling.o(.text.LCD_SET)
    [Anonymous Symbol]                       0x08000538   Section        0  main_sampling.o(.text.LCD_command)
    [Anonymous Symbol]                       0x08000598   Section        0  main_sampling.o(.text.LCD_data)
    [Anonymous Symbol]                       0x080005e4   Section        0  main_sampling.o(.text.LCD_init)
    [Anonymous Symbol]                       0x0800063c   Section        0  main_sampling.o(.text.PORTS_init)
    [Anonymous Symbol]                       0x08000678   Section        0  system_stm32f4xx.o(.text.SystemInit)
    [Anonymous Symbol]                       0x08000694   Section        0  main_sampling.o(.text.TIM2CONFIG)
    [Anonymous Symbol]                       0x080006e0   Section        0  main_sampling.o(.text.TIM2_IRQHandler)
    [Anonymous Symbol]                       0x080007d0   Section        0  main_sampling.o(.text.TIM3CONFIG)
    [Anonymous Symbol]                       0x08000818   Section        0  main_sampling.o(.text.TIM3_IRQHandler)
    [Anonymous Symbol]                       0x08000870   Section        0  main_sampling.o(.text.TIM4CONFIG)
    [Anonymous Symbol]                       0x080008a0   Section        0  main_sampling.o(.text.TU_set)
    [Anonymous Symbol]                       0x080009a0   Section        0  main_sampling.o(.text.USART_init)
    [Anonymous Symbol]                       0x08000a18   Section        0  main_sampling.o(.text.V_SET)
    __NVIC_EnableIRQ                         0x08000b21   Thumb Code    22  main_sampling.o(.text.__NVIC_EnableIRQ)
    [Anonymous Symbol]                       0x08000b20   Section        0  main_sampling.o(.text.__NVIC_EnableIRQ)
    [Anonymous Symbol]                       0x08000b38   Section        0  main_sampling.o(.text.main)
    [Anonymous Symbol]                       0x08000e00   Section        0  main_sampling.o(.text.send)
    i.__ARM_fpclassify                       0x08000e1c   Section        0  fpclassify.o(i.__ARM_fpclassify)
    i.__hardfp_pow                           0x08000e50   Section        0  pow.o(i.__hardfp_pow)
    i.__kernel_poly                          0x08001ab0   Section        0  poly.o(i.__kernel_poly)
    i.__mathlib_dbl_divzero                  0x08001ba8   Section        0  dunder.o(i.__mathlib_dbl_divzero)
    i.__mathlib_dbl_infnan2                  0x08001bd8   Section        0  dunder.o(i.__mathlib_dbl_infnan2)
    i.__mathlib_dbl_invalid                  0x08001bf0   Section        0  dunder.o(i.__mathlib_dbl_invalid)
    i.__mathlib_dbl_overflow                 0x08001c10   Section        0  dunder.o(i.__mathlib_dbl_overflow)
    i.__mathlib_dbl_underflow                0x08001c30   Section        0  dunder.o(i.__mathlib_dbl_underflow)
    i.fabs                                   0x08001c50   Section        0  fabs.o(i.fabs)
    i.sqrt                                   0x08001c68   Section        0  sqrt.o(i.sqrt)
    $v0                                      0x08001cd6   Number         0  basic.o(x$fpl$basic)
    x$fpl$basic                              0x08001cd6   Section       24  basic.o(x$fpl$basic)
    $v0                                      0x08001cf0   Number         0  daddsub_clz.o(x$fpl$dadd)
    x$fpl$dadd                               0x08001cf0   Section      336  daddsub_clz.o(x$fpl$dadd)
    _dadd1                                   0x08001d01   Thumb Code     0  daddsub_clz.o(x$fpl$dadd)
    $v0                                      0x08001e40   Number         0  dcheck1.o(x$fpl$dcheck1)
    x$fpl$dcheck1                            0x08001e40   Section       16  dcheck1.o(x$fpl$dcheck1)
    $v0                                      0x08001e50   Number         0  dcmpi.o(x$fpl$dcmpinf)
    x$fpl$dcmpinf                            0x08001e50   Section       24  dcmpi.o(x$fpl$dcmpinf)
    $v0                                      0x08001e68   Number         0  ddiv.o(x$fpl$ddiv)
    x$fpl$ddiv                               0x08001e68   Section      692  ddiv.o(x$fpl$ddiv)
    ddiv_entry                               0x08001e6f   Thumb Code     0  ddiv.o(x$fpl$ddiv)
    $v0                                      0x0800211c   Number         0  deqf.o(x$fpl$deqf)
    x$fpl$deqf                               0x0800211c   Section      120  deqf.o(x$fpl$deqf)
    $v0                                      0x08002194   Number         0  dfix.o(x$fpl$dfix)
    x$fpl$dfix                               0x08002194   Section       94  dfix.o(x$fpl$dfix)
    $v0                                      0x080021f2   Number         0  dflt_clz.o(x$fpl$dflt)
    x$fpl$dflt                               0x080021f2   Section       46  dflt_clz.o(x$fpl$dflt)
    $v0                                      0x08002220   Number         0  dgeqf.o(x$fpl$dgeqf)
    x$fpl$dgeqf                              0x08002220   Section      120  dgeqf.o(x$fpl$dgeqf)
    $v0                                      0x08002298   Number         0  dleqf.o(x$fpl$dleqf)
    x$fpl$dleqf                              0x08002298   Section      120  dleqf.o(x$fpl$dleqf)
    $v0                                      0x08002310   Number         0  dmul.o(x$fpl$dmul)
    x$fpl$dmul                               0x08002310   Section      340  dmul.o(x$fpl$dmul)
    $v0                                      0x08002464   Number         0  dnaninf.o(x$fpl$dnaninf)
    x$fpl$dnaninf                            0x08002464   Section      156  dnaninf.o(x$fpl$dnaninf)
    $v0                                      0x08002500   Number         0  dretinf.o(x$fpl$dretinf)
    x$fpl$dretinf                            0x08002500   Section       12  dretinf.o(x$fpl$dretinf)
    $v0                                      0x0800250c   Number         0  drleqf.o(x$fpl$drleqf)
    x$fpl$drleqf                             0x0800250c   Section      108  drleqf.o(x$fpl$drleqf)
    $v0                                      0x08002578   Number         0  daddsub_clz.o(x$fpl$drsb)
    x$fpl$drsb                               0x08002578   Section       22  daddsub_clz.o(x$fpl$drsb)
    $v0                                      0x08002590   Number         0  dsqrt_umaal.o(x$fpl$dsqrt)
    x$fpl$dsqrt                              0x08002590   Section      408  dsqrt_umaal.o(x$fpl$dsqrt)
    $v0                                      0x08002728   Number         0  daddsub_clz.o(x$fpl$dsub)
    x$fpl$dsub                               0x08002728   Section      476  daddsub_clz.o(x$fpl$dsub)
    _dsub1                                   0x08002739   Thumb Code     0  daddsub_clz.o(x$fpl$dsub)
    $v0                                      0x08002904   Number         0  dcmp.o(x$fpl$fcmp)
    x$fpl$fcmp                               0x08002904   Section       84  dcmp.o(x$fpl$fcmp)
    $v0                                      0x08002958   Number         0  fpinit.o(x$fpl$fpinit)
    x$fpl$fpinit                             0x08002958   Section       26  fpinit.o(x$fpl$fpinit)
    $v0                                      0x08002972   Number         0  retnan.o(x$fpl$retnan)
    x$fpl$retnan                             0x08002972   Section      100  retnan.o(x$fpl$retnan)
    $v0                                      0x080029d6   Number         0  scalbn.o(x$fpl$scalbn)
    x$fpl$scalbn                             0x080029d6   Section       92  scalbn.o(x$fpl$scalbn)
    $v0                                      0x08002a32   Number         0  trapv.o(x$fpl$trapveneer)
    x$fpl$trapveneer                         0x08002a32   Section       48  trapv.o(x$fpl$trapveneer)
    x$fpl$usenofp                            0x08002a62   Section        0  usenofp.o(x$fpl$usenofp)
    bp                                       0x08002a68   Data          16  pow.o(.constdata)
    .constdata                               0x08002a68   Section      136  pow.o(.constdata)
    dp_h                                     0x08002a78   Data          16  pow.o(.constdata)
    dp_l                                     0x08002a88   Data          16  pow.o(.constdata)
    L                                        0x08002a98   Data          48  pow.o(.constdata)
    P                                        0x08002ac8   Data          40  pow.o(.constdata)
    .constdata                               0x08002af0   Section        8  qnan.o(.constdata)
    .bss                                     0x20000018   Section       96  libspace.o(.bss)
    Heap_Mem                                 0x20000100   Data         512  startup_stm32f401xe.o(HEAP)
    HEAP                                     0x20000100   Section      512  startup_stm32f401xe.o(HEAP)
    Stack_Mem                                0x20000300   Data        1024  startup_stm32f401xe.o(STACK)
    STACK                                    0x20000300   Section     1024  startup_stm32f401xe.o(STACK)
    __initial_sp                             0x20000700   Data           0  startup_stm32f401xe.o(STACK)

    Global Symbols

    Symbol Name                              Value     Ov Type        Size  Object(Section)

    BuildAttributes$$THM_ISAv4$E$P$D$K$B$S$7EM$VFPi3$EXTD16$VFPS$VFMA$PE$A:L22UL41UL21$X:L11$S22US41US21$IEEE1$IW$~IW$USESV6$~STKCKD$USESV7$~SHL$OTIME$ROPI$IEEEX$EBA8$UX$STANDARDLIB$REQ8$PRES8$EABIv2 0x00000000   Number         0  anon$$obj.o ABSOLUTE
    __ARM_exceptions_init                     - Undefined Weak Reference
    __alloca_initialize                       - Undefined Weak Reference
    __arm_preinit_                            - Undefined Weak Reference
    __cpp_initialize__aeabi_                  - Undefined Weak Reference
    __cxa_finalize                            - Undefined Weak Reference
    __rt_locale                               - Undefined Weak Reference
    __sigvec_lookup                           - Undefined Weak Reference
    _atexit_init                              - Undefined Weak Reference
    _call_atexit_fns                          - Undefined Weak Reference
    _clock_init                               - Undefined Weak Reference
    _fp_trap_init                             - Undefined Weak Reference
    _fp_trap_shutdown                         - Undefined Weak Reference
    _get_lc_collate                           - Undefined Weak Reference
    _get_lc_ctype                             - Undefined Weak Reference
    _get_lc_monetary                          - Undefined Weak Reference
    _get_lc_numeric                           - Undefined Weak Reference
    _get_lc_time                              - Undefined Weak Reference
    _getenv_init                              - Undefined Weak Reference
    _handle_redirection                       - Undefined Weak Reference
    _init_alloc                               - Undefined Weak Reference
    _init_user_alloc                          - Undefined Weak Reference
    _initio                                   - Undefined Weak Reference
    _rand_init                                - Undefined Weak Reference
    _signal_finish                            - Undefined Weak Reference
    _signal_init                              - Undefined Weak Reference
    _terminate_alloc                          - Undefined Weak Reference
    _terminate_user_alloc                     - Undefined Weak Reference
    _terminateio                              - Undefined Weak Reference
    __Vectors_Size                           0x00000194   Number         0  startup_stm32f401xe.o ABSOLUTE
    __Vectors                                0x08000000   Data           4  startup_stm32f401xe.o(RESET)
    __Vectors_End                            0x08000194   Data           0  startup_stm32f401xe.o(RESET)
    __main                                   0x08000195   Thumb Code     8  __main.o(!!!main)
    __scatterload                            0x0800019d   Thumb Code     0  __scatter.o(!!!scatter)
    __scatterload_rt2                        0x0800019d   Thumb Code    44  __scatter.o(!!!scatter)
    __scatterload_rt2_thumb_only             0x0800019d   Thumb Code     0  __scatter.o(!!!scatter)
    __scatterload_null                       0x080001ab   Thumb Code     0  __scatter.o(!!!scatter)
    __scatterload_copy                       0x080001d1   Thumb Code    26  __scatter_copy.o(!!handler_copy)
    __scatterload_zeroinit                   0x080001ed   Thumb Code    28  __scatter_zi.o(!!handler_zi)
    __rt_lib_init                            0x08000209   Thumb Code     0  libinit.o(.ARM.Collect$$libinit$$00000000)
    __rt_lib_init_fp_1                       0x0800020b   Thumb Code     0  libinit2.o(.ARM.Collect$$libinit$$00000001)
    __rt_lib_init_alloca_1                   0x0800020f   Thumb Code     0  libinit2.o(.ARM.Collect$$libinit$$0000002E)
    __rt_lib_init_argv_1                     0x0800020f   Thumb Code     0  libinit2.o(.ARM.Collect$$libinit$$0000002C)
    __rt_lib_init_atexit_1                   0x0800020f   Thumb Code     0  libinit2.o(.ARM.Collect$$libinit$$0000001B)
    __rt_lib_init_clock_1                    0x0800020f   Thumb Code     0  libinit2.o(.ARM.Collect$$libinit$$00000021)
    __rt_lib_init_cpp_1                      0x0800020f   Thumb Code     0  libinit2.o(.ARM.Collect$$libinit$$00000032)
    __rt_lib_init_exceptions_1               0x0800020f   Thumb Code     0  libinit2.o(.ARM.Collect$$libinit$$00000030)
    __rt_lib_init_fp_trap_1                  0x0800020f   Thumb Code     0  libinit2.o(.ARM.Collect$$libinit$$0000001F)
    __rt_lib_init_getenv_1                   0x0800020f   Thumb Code     0  libinit2.o(.ARM.Collect$$libinit$$00000023)
    __rt_lib_init_heap_1                     0x0800020f   Thumb Code     0  libinit2.o(.ARM.Collect$$libinit$$0000000A)
    __rt_lib_init_lc_collate_1               0x0800020f   Thumb Code     0  libinit2.o(.ARM.Collect$$libinit$$00000011)
    __rt_lib_init_lc_ctype_1                 0x0800020f   Thumb Code     0  libinit2.o(.ARM.Collect$$libinit$$00000013)
    __rt_lib_init_lc_monetary_1              0x0800020f   Thumb Code     0  libinit2.o(.ARM.Collect$$libinit$$00000015)
    __rt_lib_init_lc_numeric_1               0x0800020f   Thumb Code     0  libinit2.o(.ARM.Collect$$libinit$$00000017)
    __rt_lib_init_lc_time_1                  0x0800020f   Thumb Code     0  libinit2.o(.ARM.Collect$$libinit$$00000019)
    __rt_lib_init_preinit_1                  0x0800020f   Thumb Code     0  libinit2.o(.ARM.Collect$$libinit$$00000004)
    __rt_lib_init_rand_1                     0x0800020f   Thumb Code     0  libinit2.o(.ARM.Collect$$libinit$$0000000E)
    __rt_lib_init_return                     0x0800020f   Thumb Code     0  libinit2.o(.ARM.Collect$$libinit$$00000033)
    __rt_lib_init_signal_1                   0x0800020f   Thumb Code     0  libinit2.o(.ARM.Collect$$libinit$$0000001D)
    __rt_lib_init_stdio_1                    0x0800020f   Thumb Code     0  libinit2.o(.ARM.Collect$$libinit$$00000025)
    __rt_lib_init_user_alloc_1               0x0800020f   Thumb Code     0  libinit2.o(.ARM.Collect$$libinit$$0000000C)
    __rt_lib_shutdown                        0x08000211   Thumb Code     0  libshutdown.o(.ARM.Collect$$libshutdown$$00000000)
    __rt_lib_shutdown_cpp_1                  0x08000213   Thumb Code     0  libshutdown2.o(.ARM.Collect$$libshutdown$$00000002)
    __rt_lib_shutdown_fp_trap_1              0x08000213   Thumb Code     0  libshutdown2.o(.ARM.Collect$$libshutdown$$00000007)
    __rt_lib_shutdown_heap_1                 0x08000213   Thumb Code     0  libshutdown2.o(.ARM.Collect$$libshutdown$$0000000F)
    __rt_lib_shutdown_return                 0x08000213   Thumb Code     0  libshutdown2.o(.ARM.Collect$$libshutdown$$00000010)
    __rt_lib_shutdown_signal_1               0x08000213   Thumb Code     0  libshutdown2.o(.ARM.Collect$$libshutdown$$0000000A)
    __rt_lib_shutdown_stdio_1                0x08000213   Thumb Code     0  libshutdown2.o(.ARM.Collect$$libshutdown$$00000004)
    __rt_lib_shutdown_user_alloc_1           0x08000213   Thumb Code     0  libshutdown2.o(.ARM.Collect$$libshutdown$$0000000C)
    __rt_entry                               0x08000215   Thumb Code     0  __rtentry.o(.ARM.Collect$$rtentry$$00000000)
    __rt_entry_presh_1                       0x08000215   Thumb Code     0  __rtentry2.o(.ARM.Collect$$rtentry$$00000002)
    __rt_entry_sh                            0x08000215   Thumb Code     0  __rtentry4.o(.ARM.Collect$$rtentry$$00000004)
    __rt_entry_li                            0x0800021b   Thumb Code     0  __rtentry2.o(.ARM.Collect$$rtentry$$0000000A)
    __rt_entry_postsh_1                      0x0800021b   Thumb Code     0  __rtentry2.o(.ARM.Collect$$rtentry$$00000009)
    __rt_entry_main                          0x0800021f   Thumb Code     0  __rtentry2.o(.ARM.Collect$$rtentry$$0000000D)
    __rt_entry_postli_1                      0x0800021f   Thumb Code     0  __rtentry2.o(.ARM.Collect$$rtentry$$0000000C)
    __rt_exit                                0x08000227   Thumb Code     0  rtexit.o(.ARM.Collect$$rtexit$$00000000)
    __rt_exit_ls                             0x08000229   Thumb Code     0  rtexit2.o(.ARM.Collect$$rtexit$$00000003)
    __rt_exit_prels_1                        0x08000229   Thumb Code     0  rtexit2.o(.ARM.Collect$$rtexit$$00000002)
    __rt_exit_exit                           0x0800022d   Thumb Code     0  rtexit2.o(.ARM.Collect$$rtexit$$00000004)
    Reset_Handler                            0x08000235   Thumb Code     8  startup_stm32f401xe.o(.text)
    NMI_Handler                              0x0800023d   Thumb Code     2  startup_stm32f401xe.o(.text)
    HardFault_Handler                        0x0800023f   Thumb Code     2  startup_stm32f401xe.o(.text)
    MemManage_Handler                        0x08000241   Thumb Code     2  startup_stm32f401xe.o(.text)
    BusFault_Handler                         0x08000243   Thumb Code     2  startup_stm32f401xe.o(.text)
    UsageFault_Handler                       0x08000245   Thumb Code     2  startup_stm32f401xe.o(.text)
    SVC_Handler                              0x08000247   Thumb Code     2  startup_stm32f401xe.o(.text)
    DebugMon_Handler                         0x08000249   Thumb Code     2  startup_stm32f401xe.o(.text)
    PendSV_Handler                           0x0800024b   Thumb Code     2  startup_stm32f401xe.o(.text)
    SysTick_Handler                          0x0800024d   Thumb Code     2  startup_stm32f401xe.o(.text)
    ADC_IRQHandler                           0x0800024f   Thumb Code     0  startup_stm32f401xe.o(.text)
    DMA1_Stream0_IRQHandler                  0x0800024f   Thumb Code     0  startup_stm32f401xe.o(.text)
    DMA1_Stream1_IRQHandler                  0x0800024f   Thumb Code     0  startup_stm32f401xe.o(.text)
    DMA1_Stream2_IRQHandler                  0x0800024f   Thumb Code     0  startup_stm32f401xe.o(.text)
    DMA1_Stream3_IRQHandler                  0x0800024f   Thumb Code     0  startup_stm32f401xe.o(.text)
    DMA1_Stream4_IRQHandler                  0x0800024f   Thumb Code     0  startup_stm32f401xe.o(.text)
    DMA1_Stream5_IRQHandler                  0x0800024f   Thumb Code     0  startup_stm32f401xe.o(.text)
    DMA1_Stream6_IRQHandler                  0x0800024f   Thumb Code     0  startup_stm32f401xe.o(.text)
    DMA1_Stream7_IRQHandler                  0x0800024f   Thumb Code     0  startup_stm32f401xe.o(.text)
    DMA2_Stream0_IRQHandler                  0x0800024f   Thumb Code     0  startup_stm32f401xe.o(.text)
    DMA2_Stream1_IRQHandler                  0x0800024f   Thumb Code     0  startup_stm32f401xe.o(.text)
    DMA2_Stream2_IRQHandler                  0x0800024f   Thumb Code     0  startup_stm32f401xe.o(.text)
    DMA2_Stream3_IRQHandler                  0x0800024f   Thumb Code     0  startup_stm32f401xe.o(.text)
    DMA2_Stream4_IRQHandler                  0x0800024f   Thumb Code     0  startup_stm32f401xe.o(.text)
    DMA2_Stream5_IRQHandler                  0x0800024f   Thumb Code     0  startup_stm32f401xe.o(.text)
    DMA2_Stream6_IRQHandler                  0x0800024f   Thumb Code     0  startup_stm32f401xe.o(.text)
    DMA2_Stream7_IRQHandler                  0x0800024f   Thumb Code     0  startup_stm32f401xe.o(.text)
    EXTI0_IRQHandler                         0x0800024f   Thumb Code     0  startup_stm32f401xe.o(.text)
    EXTI15_10_IRQHandler                     0x0800024f   Thumb Code     0  startup_stm32f401xe.o(.text)
    EXTI1_IRQHandler                         0x0800024f   Thumb Code     0  startup_stm32f401xe.o(.text)
    EXTI2_IRQHandler                         0x0800024f   Thumb Code     0  startup_stm32f401xe.o(.text)
    EXTI3_IRQHandler                         0x0800024f   Thumb Code     0  startup_stm32f401xe.o(.text)
    EXTI4_IRQHandler                         0x0800024f   Thumb Code     0  startup_stm32f401xe.o(.text)
    EXTI9_5_IRQHandler                       0x0800024f   Thumb Code     0  startup_stm32f401xe.o(.text)
    FLASH_IRQHandler                         0x0800024f   Thumb Code     0  startup_stm32f401xe.o(.text)
    FPU_IRQHandler                           0x0800024f   Thumb Code     0  startup_stm32f401xe.o(.text)
    I2C1_ER_IRQHandler                       0x0800024f   Thumb Code     0  startup_stm32f401xe.o(.text)
    I2C1_EV_IRQHandler                       0x0800024f   Thumb Code     0  startup_stm32f401xe.o(.text)
    I2C2_ER_IRQHandler                       0x0800024f   Thumb Code     0  startup_stm32f401xe.o(.text)
    I2C2_EV_IRQHandler                       0x0800024f   Thumb Code     0  startup_stm32f401xe.o(.text)
    I2C3_ER_IRQHandler                       0x0800024f   Thumb Code     0  startup_stm32f401xe.o(.text)
    I2C3_EV_IRQHandler                       0x0800024f   Thumb Code     0  startup_stm32f401xe.o(.text)
    OTG_FS_IRQHandler                        0x0800024f   Thumb Code     0  startup_stm32f401xe.o(.text)
    OTG_FS_WKUP_IRQHandler                   0x0800024f   Thumb Code     0  startup_stm32f401xe.o(.text)
    PVD_IRQHandler                           0x0800024f   Thumb Code     0  startup_stm32f401xe.o(.text)
    RCC_IRQHandler                           0x0800024f   Thumb Code     0  startup_stm32f401xe.o(.text)
    RTC_Alarm_IRQHandler                     0x0800024f   Thumb Code     0  startup_stm32f401xe.o(.text)
    RTC_WKUP_IRQHandler                      0x0800024f   Thumb Code     0  startup_stm32f401xe.o(.text)
    SDIO_IRQHandler                          0x0800024f   Thumb Code     0  startup_stm32f401xe.o(.text)
    SPI1_IRQHandler                          0x0800024f   Thumb Code     0  startup_stm32f401xe.o(.text)
    SPI2_IRQHandler                          0x0800024f   Thumb Code     0  startup_stm32f401xe.o(.text)
    SPI3_IRQHandler                          0x0800024f   Thumb Code     0  startup_stm32f401xe.o(.text)
    SPI4_IRQHandler                          0x0800024f   Thumb Code     0  startup_stm32f401xe.o(.text)
    TAMP_STAMP_IRQHandler                    0x0800024f   Thumb Code     0  startup_stm32f401xe.o(.text)
    TIM1_BRK_TIM9_IRQHandler                 0x0800024f   Thumb Code     0  startup_stm32f401xe.o(.text)
    TIM1_CC_IRQHandler                       0x0800024f   Thumb Code     0  startup_stm32f401xe.o(.text)
    TIM1_TRG_COM_TIM11_IRQHandler            0x0800024f   Thumb Code     0  startup_stm32f401xe.o(.text)
    TIM1_UP_TIM10_IRQHandler                 0x0800024f   Thumb Code     0  startup_stm32f401xe.o(.text)
    TIM4_IRQHandler                          0x0800024f   Thumb Code     0  startup_stm32f401xe.o(.text)
    TIM5_IRQHandler                          0x0800024f   Thumb Code     0  startup_stm32f401xe.o(.text)
    USART1_IRQHandler                        0x0800024f   Thumb Code     0  startup_stm32f401xe.o(.text)
    USART2_IRQHandler                        0x0800024f   Thumb Code     0  startup_stm32f401xe.o(.text)
    USART6_IRQHandler                        0x0800024f   Thumb Code     0  startup_stm32f401xe.o(.text)
    WWDG_IRQHandler                          0x0800024f   Thumb Code     0  startup_stm32f401xe.o(.text)
    __user_initial_stackheap                 0x08000251   Thumb Code     0  startup_stm32f401xe.o(.text)
    __aeabi_memclr4                          0x08000275   Thumb Code     0  rt_memclr_w.o(.text)
    __aeabi_memclr8                          0x08000275   Thumb Code     0  rt_memclr_w.o(.text)
    __rt_memclr_w                            0x08000275   Thumb Code     0  rt_memclr_w.o(.text)
    _memset_w                                0x08000279   Thumb Code    74  rt_memclr_w.o(.text)
    __use_two_region_memory                  0x080002c3   Thumb Code     2  heapauxi.o(.text)
    __rt_heap_escrow$2region                 0x080002c5   Thumb Code     2  heapauxi.o(.text)
    __rt_heap_expand$2region                 0x080002c7   Thumb Code     2  heapauxi.o(.text)
    __read_errno                             0x080002c9   Thumb Code    10  _rserrno.o(.text)
    __set_errno                              0x080002d3   Thumb Code    12  _rserrno.o(.text)
    __aeabi_errno_addr                       0x080002e1   Thumb Code     8  rt_errno_addr_intlibspace.o(.text)
    __errno$intlibspace                      0x080002e1   Thumb Code     0  rt_errno_addr_intlibspace.o(.text)
    __rt_errno_addr$intlibspace              0x080002e1   Thumb Code     0  rt_errno_addr_intlibspace.o(.text)
    __user_libspace                          0x080002e9   Thumb Code     8  libspace.o(.text)
    __user_perproc_libspace                  0x080002e9   Thumb Code     0  libspace.o(.text)
    __user_perthread_libspace                0x080002e9   Thumb Code     0  libspace.o(.text)
    __user_setup_stackheap                   0x080002f1   Thumb Code    74  sys_stackheap_outer.o(.text)
    exit                                     0x0800033b   Thumb Code    18  exit.o(.text)
    _sys_exit                                0x0800034d   Thumb Code     8  sys_exit.o(.text)
    __I$use$semihosting                      0x08000359   Thumb Code     0  use_no_semi.o(.text)
    __use_no_semihosting_swi                 0x08000359   Thumb Code     2  use_no_semi.o(.text)
    __semihosting_library_function           0x0800035b   Thumb Code     0  indicate_semi.o(.text)
    ADC_init                                 0x0800035d   Thumb Code    76  main_sampling.o(.text.ADC_init)
    B_set                                    0x080003a9   Thumb Code   224  main_sampling.o(.text.B_set)
    Delay_ms                                 0x08000489   Thumb Code    28  main_sampling.o(.text.Delay_ms)
    Delay_us                                 0x080004a5   Thumb Code    20  main_sampling.o(.text.Delay_us)
    LCD_SET                                  0x080004b9   Thumb Code   128  main_sampling.o(.text.LCD_SET)
    LCD_command                              0x08000539   Thumb Code    94  main_sampling.o(.text.LCD_command)
    LCD_data                                 0x08000599   Thumb Code    74  main_sampling.o(.text.LCD_data)
    LCD_init                                 0x080005e5   Thumb Code    86  main_sampling.o(.text.LCD_init)
    PORTS_init                               0x0800063d   Thumb Code    58  main_sampling.o(.text.PORTS_init)
    SystemInit                               0x08000679   Thumb Code    26  system_stm32f4xx.o(.text.SystemInit)
    TIM2CONFIG                               0x08000695   Thumb Code    74  main_sampling.o(.text.TIM2CONFIG)
    TIM2_IRQHandler                          0x080006e1   Thumb Code   240  main_sampling.o(.text.TIM2_IRQHandler)
    TIM3CONFIG                               0x080007d1   Thumb Code    72  main_sampling.o(.text.TIM3CONFIG)
    TIM3_IRQHandler                          0x08000819   Thumb Code    86  main_sampling.o(.text.TIM3_IRQHandler)
    TIM4CONFIG                               0x08000871   Thumb Code    48  main_sampling.o(.text.TIM4CONFIG)
    TU_set                                   0x080008a1   Thumb Code   256  main_sampling.o(.text.TU_set)
    USART_init                               0x080009a1   Thumb Code   120  main_sampling.o(.text.USART_init)
    V_SET                                    0x08000a19   Thumb Code   264  main_sampling.o(.text.V_SET)
    main                                     0x08000b39   Thumb Code   712  main_sampling.o(.text.main)
    send                                     0x08000e01   Thumb Code    28  main_sampling.o(.text.send)
    __ARM_fpclassify                         0x08000e1d   Thumb Code    48  fpclassify.o(i.__ARM_fpclassify)
    __hardfp_pow                             0x08000e51   Thumb Code  3088  pow.o(i.__hardfp_pow)
    __kernel_poly                            0x08001ab1   Thumb Code   248  poly.o(i.__kernel_poly)
    __mathlib_dbl_divzero                    0x08001ba9   Thumb Code    28  dunder.o(i.__mathlib_dbl_divzero)
    __mathlib_dbl_infnan2                    0x08001bd9   Thumb Code    20  dunder.o(i.__mathlib_dbl_infnan2)
    __mathlib_dbl_invalid                    0x08001bf1   Thumb Code    24  dunder.o(i.__mathlib_dbl_invalid)
    __mathlib_dbl_overflow                   0x08001c11   Thumb Code    24  dunder.o(i.__mathlib_dbl_overflow)
    __mathlib_dbl_underflow                  0x08001c31   Thumb Code    24  dunder.o(i.__mathlib_dbl_underflow)
    fabs                                     0x08001c51   Thumb Code    24  fabs.o(i.fabs)
    sqrt                                     0x08001c69   Thumb Code   110  sqrt.o(i.sqrt)
    __aeabi_dneg                             0x08001cd7   Thumb Code     0  basic.o(x$fpl$basic)
    _dneg                                    0x08001cd7   Thumb Code     6  basic.o(x$fpl$basic)
    __aeabi_fneg                             0x08001cdd   Thumb Code     0  basic.o(x$fpl$basic)
    _fneg                                    0x08001cdd   Thumb Code     6  basic.o(x$fpl$basic)
    _dabs                                    0x08001ce3   Thumb Code     6  basic.o(x$fpl$basic)
    _fabs                                    0x08001ce9   Thumb Code     6  basic.o(x$fpl$basic)
    __aeabi_dadd                             0x08001cf1   Thumb Code     0  daddsub_clz.o(x$fpl$dadd)
    _dadd                                    0x08001cf1   Thumb Code   332  daddsub_clz.o(x$fpl$dadd)
    __fpl_dcheck_NaN1                        0x08001e41   Thumb Code    10  dcheck1.o(x$fpl$dcheck1)
    __fpl_dcmp_Inf                           0x08001e51   Thumb Code    24  dcmpi.o(x$fpl$dcmpinf)
    __aeabi_ddiv                             0x08001e69   Thumb Code     0  ddiv.o(x$fpl$ddiv)
    _ddiv                                    0x08001e69   Thumb Code   556  ddiv.o(x$fpl$ddiv)
    __aeabi_cdcmpeq                          0x0800211d   Thumb Code     0  deqf.o(x$fpl$deqf)
    _dcmpeq                                  0x0800211d   Thumb Code   120  deqf.o(x$fpl$deqf)
    __aeabi_d2iz                             0x08002195   Thumb Code     0  dfix.o(x$fpl$dfix)
    _dfix                                    0x08002195   Thumb Code    94  dfix.o(x$fpl$dfix)
    __aeabi_i2d                              0x080021f3   Thumb Code     0  dflt_clz.o(x$fpl$dflt)
    _dflt                                    0x080021f3   Thumb Code    46  dflt_clz.o(x$fpl$dflt)
    __aeabi_cdcmpge                          0x08002221   Thumb Code     0  dgeqf.o(x$fpl$dgeqf)
    _dcmpge                                  0x08002221   Thumb Code   120  dgeqf.o(x$fpl$dgeqf)
    __aeabi_cdcmple                          0x08002299   Thumb Code     0  dleqf.o(x$fpl$dleqf)
    _dcmple                                  0x08002299   Thumb Code   120  dleqf.o(x$fpl$dleqf)
    __fpl_dcmple_InfNaN                      0x080022fb   Thumb Code     0  dleqf.o(x$fpl$dleqf)
    __aeabi_dmul                             0x08002311   Thumb Code     0  dmul.o(x$fpl$dmul)
    _dmul                                    0x08002311   Thumb Code   332  dmul.o(x$fpl$dmul)
    __fpl_dnaninf                            0x08002465   Thumb Code   156  dnaninf.o(x$fpl$dnaninf)
    __fpl_dretinf                            0x08002501   Thumb Code    12  dretinf.o(x$fpl$dretinf)
    __aeabi_cdrcmple                         0x0800250d   Thumb Code     0  drleqf.o(x$fpl$drleqf)
    _drcmple                                 0x0800250d   Thumb Code   108  drleqf.o(x$fpl$drleqf)
    __aeabi_drsub                            0x08002579   Thumb Code     0  daddsub_clz.o(x$fpl$drsb)
    _drsb                                    0x08002579   Thumb Code    22  daddsub_clz.o(x$fpl$drsb)
    _dsqrt                                   0x08002591   Thumb Code   404  dsqrt_umaal.o(x$fpl$dsqrt)
    __aeabi_dsub                             0x08002729   Thumb Code     0  daddsub_clz.o(x$fpl$dsub)
    _dsub                                    0x08002729   Thumb Code   472  daddsub_clz.o(x$fpl$dsub)
    __aeabi_dcmpeq                           0x08002905   Thumb Code     0  dcmp.o(x$fpl$fcmp)
    _deq                                     0x08002905   Thumb Code    14  dcmp.o(x$fpl$fcmp)
    _dneq                                    0x08002913   Thumb Code    14  dcmp.o(x$fpl$fcmp)
    __aeabi_dcmpgt                           0x08002921   Thumb Code     0  dcmp.o(x$fpl$fcmp)
    _dgr                                     0x08002921   Thumb Code    14  dcmp.o(x$fpl$fcmp)
    __aeabi_dcmpge                           0x0800292f   Thumb Code     0  dcmp.o(x$fpl$fcmp)
    _dgeq                                    0x0800292f   Thumb Code    14  dcmp.o(x$fpl$fcmp)
    __aeabi_dcmple                           0x0800293d   Thumb Code     0  dcmp.o(x$fpl$fcmp)
    _dleq                                    0x0800293d   Thumb Code    14  dcmp.o(x$fpl$fcmp)
    __aeabi_dcmplt                           0x0800294b   Thumb Code     0  dcmp.o(x$fpl$fcmp)
    _dls                                     0x0800294b   Thumb Code    14  dcmp.o(x$fpl$fcmp)
    _fp_init                                 0x08002959   Thumb Code    26  fpinit.o(x$fpl$fpinit)
    __fplib_config_fpu_vfp                   0x08002971   Thumb Code     0  fpinit.o(x$fpl$fpinit)
    __fplib_config_pureend_doubles           0x08002971   Thumb Code     0  fpinit.o(x$fpl$fpinit)
    __fpl_return_NaN                         0x08002973   Thumb Code   100  retnan.o(x$fpl$retnan)
    __ARM_scalbn                             0x080029d7   Thumb Code    92  scalbn.o(x$fpl$scalbn)
    __fpl_cmpreturn                          0x08002a33   Thumb Code    48  trapv.o(x$fpl$trapveneer)
    __I$use$fp                               0x08002a62   Number         0  usenofp.o(x$fpl$usenofp)
    __mathlib_zero                           0x08002af0   Data           8  qnan.o(.constdata)
    Region$$Table$$Base                      0x08002af8   Number         0  anon$$obj.o(Region$$Table)
    Region$$Table$$Limit                     0x08002b18   Number         0  anon$$obj.o(Region$$Table)
    A                                        0x20000000   Data           8  main_sampling.o(.data.A)
    B                                        0x20000008   Data           8  main_sampling.o(.data.B)
    TU                                       0x20000010   Data           8  main_sampling.o(.data.TU)
    __libspace_start                         0x20000018   Data          96  libspace.o(.bss)
    GLCD_Data                                0x20000078   Data         128  main_sampling.o(.bss.GLCD_Data)
    __temporary_stack_top$libspace           0x20000078   Data           0  libspace.o(.bss)
    count                                    0x200000f8   Data           4  main_sampling.o(.bss.count)



==============================================================================

Memory Map of the image

  Image Entry point : 0x08000195

  Load Region LR_IROM1 (Base: 0x08000000, Size: 0x00002b30, Max: 0x00080000, ABSOLUTE)

    Execution Region ER_IROM1 (Exec base: 0x08000000, Load base: 0x08000000, Size: 0x00002b18, Max: 0x00080000, ABSOLUTE)

    Exec Addr    Load Addr    Size         Type   Attr      Idx    E Section Name        Object

    0x08000000   0x08000000   0x00000194   Data   RO           68    RESET               startup_stm32f401xe.o
    0x08000194   0x08000194   0x00000008   Code   RO           96  * !!!main             c_w.l(__main.o)
    0x0800019c   0x0800019c   0x00000034   Code   RO          355    !!!scatter          c_w.l(__scatter.o)
    0x080001d0   0x080001d0   0x0000001a   Code   RO          357    !!handler_copy      c_w.l(__scatter_copy.o)
    0x080001ea   0x080001ea   0x00000002   PAD
    0x080001ec   0x080001ec   0x0000001c   Code   RO          359    !!handler_zi        c_w.l(__scatter_zi.o)
    0x08000208   0x08000208   0x00000002   Code   RO          218    .ARM.Collect$$libinit$$00000000  c_w.l(libinit.o)
    0x0800020a   0x0800020a   0x00000004   Code   RO          223    .ARM.Collect$$libinit$$00000001  c_w.l(libinit2.o)
    0x0800020e   0x0800020e   0x00000000   Code   RO          226    .ARM.Collect$$libinit$$00000004  c_w.l(libinit2.o)
    0x0800020e   0x0800020e   0x00000000   Code   RO          229    .ARM.Collect$$libinit$$0000000A  c_w.l(libinit2.o)
    0x0800020e   0x0800020e   0x00000000   Code   RO          231    .ARM.Collect$$libinit$$0000000C  c_w.l(libinit2.o)
    0x0800020e   0x0800020e   0x00000000   Code   RO          233    .ARM.Collect$$libinit$$0000000E  c_w.l(libinit2.o)
    0x0800020e   0x0800020e   0x00000000   Code   RO          236    .ARM.Collect$$libinit$$00000011  c_w.l(libinit2.o)
    0x0800020e   0x0800020e   0x00000000   Code   RO          238    .ARM.Collect$$libinit$$00000013  c_w.l(libinit2.o)
    0x0800020e   0x0800020e   0x00000000   Code   RO          240    .ARM.Collect$$libinit$$00000015  c_w.l(libinit2.o)
    0x0800020e   0x0800020e   0x00000000   Code   RO          242    .ARM.Collect$$libinit$$00000017  c_w.l(libinit2.o)
    0x0800020e   0x0800020e   0x00000000   Code   RO          244    .ARM.Collect$$libinit$$00000019  c_w.l(libinit2.o)
    0x0800020e   0x0800020e   0x00000000   Code   RO          246    .ARM.Collect$$libinit$$0000001B  c_w.l(libinit2.o)
    0x0800020e   0x0800020e   0x00000000   Code   RO          248    .ARM.Collect$$libinit$$0000001D  c_w.l(libinit2.o)
    0x0800020e   0x0800020e   0x00000000   Code   RO          250    .ARM.Collect$$libinit$$0000001F  c_w.l(libinit2.o)
    0x0800020e   0x0800020e   0x00000000   Code   RO          252    .ARM.Collect$$libinit$$00000021  c_w.l(libinit2.o)
    0x0800020e   0x0800020e   0x00000000   Code   RO          254    .ARM.Collect$$libinit$$00000023  c_w.l(libinit2.o)
    0x0800020e   0x0800020e   0x00000000   Code   RO          256    .ARM.Collect$$libinit$$00000025  c_w.l(libinit2.o)
    0x0800020e   0x0800020e   0x00000000   Code   RO          260    .ARM.Collect$$libinit$$0000002C  c_w.l(libinit2.o)
    0x0800020e   0x0800020e   0x00000000   Code   RO          262    .ARM.Collect$$libinit$$0000002E  c_w.l(libinit2.o)
    0x0800020e   0x0800020e   0x00000000   Code   RO          264    .ARM.Collect$$libinit$$00000030  c_w.l(libinit2.o)
    0x0800020e   0x0800020e   0x00000000   Code   RO          266    .ARM.Collect$$libinit$$00000032  c_w.l(libinit2.o)
    0x0800020e   0x0800020e   0x00000002   Code   RO          267    .ARM.Collect$$libinit$$00000033  c_w.l(libinit2.o)
    0x08000210   0x08000210   0x00000002   Code   RO          291    .ARM.Collect$$libshutdown$$00000000  c_w.l(libshutdown.o)
    0x08000212   0x08000212   0x00000000   Code   RO          306    .ARM.Collect$$libshutdown$$00000002  c_w.l(libshutdown2.o)
    0x08000212   0x08000212   0x00000000   Code   RO          308    .ARM.Collect$$libshutdown$$00000004  c_w.l(libshutdown2.o)
    0x08000212   0x08000212   0x00000000   Code   RO          311    .ARM.Collect$$libshutdown$$00000007  c_w.l(libshutdown2.o)
    0x08000212   0x08000212   0x00000000   Code   RO          314    .ARM.Collect$$libshutdown$$0000000A  c_w.l(libshutdown2.o)
    0x08000212   0x08000212   0x00000000   Code   RO          316    .ARM.Collect$$libshutdown$$0000000C  c_w.l(libshutdown2.o)
    0x08000212   0x08000212   0x00000000   Code   RO          319    .ARM.Collect$$libshutdown$$0000000F  c_w.l(libshutdown2.o)
    0x08000212   0x08000212   0x00000002   Code   RO          320    .ARM.Collect$$libshutdown$$00000010  c_w.l(libshutdown2.o)
    0x08000214   0x08000214   0x00000000   Code   RO          125    .ARM.Collect$$rtentry$$00000000  c_w.l(__rtentry.o)
    0x08000214   0x08000214   0x00000000   Code   RO          181    .ARM.Collect$$rtentry$$00000002  c_w.l(__rtentry2.o)
    0x08000214   0x08000214   0x00000006   Code   RO          193    .ARM.Collect$$rtentry$$00000004  c_w.l(__rtentry4.o)
    0x0800021a   0x0800021a   0x00000000   Code   RO          183    .ARM.Collect$$rtentry$$00000009  c_w.l(__rtentry2.o)
    0x0800021a   0x0800021a   0x00000004   Code   RO          184    .ARM.Collect$$rtentry$$0000000A  c_w.l(__rtentry2.o)
    0x0800021e   0x0800021e   0x00000000   Code   RO          186    .ARM.Collect$$rtentry$$0000000C  c_w.l(__rtentry2.o)
    0x0800021e   0x0800021e   0x00000008   Code   RO          187    .ARM.Collect$$rtentry$$0000000D  c_w.l(__rtentry2.o)
    0x08000226   0x08000226   0x00000002   Code   RO          221    .ARM.Collect$$rtexit$$00000000  c_w.l(rtexit.o)
    0x08000228   0x08000228   0x00000000   Code   RO          271    .ARM.Collect$$rtexit$$00000002  c_w.l(rtexit2.o)
    0x08000228   0x08000228   0x00000004   Code   RO          272    .ARM.Collect$$rtexit$$00000003  c_w.l(rtexit2.o)
    0x0800022c   0x0800022c   0x00000006   Code   RO          273    .ARM.Collect$$rtexit$$00000004  c_w.l(rtexit2.o)
    0x08000232   0x08000232   0x00000002   PAD
    0x08000234   0x08000234   0x00000040   Code   RO           69    .text               startup_stm32f401xe.o
    0x08000274   0x08000274   0x0000004e   Code   RO           92    .text               c_w.l(rt_memclr_w.o)
    0x080002c2   0x080002c2   0x00000006   Code   RO           94    .text               c_w.l(heapauxi.o)
    0x080002c8   0x080002c8   0x00000016   Code   RO          126    .text               c_w.l(_rserrno.o)
    0x080002de   0x080002de   0x00000002   PAD
    0x080002e0   0x080002e0   0x00000008   Code   RO          198    .text               c_w.l(rt_errno_addr_intlibspace.o)
    0x080002e8   0x080002e8   0x00000008   Code   RO          206    .text               c_w.l(libspace.o)
    0x080002f0   0x080002f0   0x0000004a   Code   RO          209    .text               c_w.l(sys_stackheap_outer.o)
    0x0800033a   0x0800033a   0x00000012   Code   RO          211    .text               c_w.l(exit.o)
    0x0800034c   0x0800034c   0x0000000c   Code   RO          281    .text               c_w.l(sys_exit.o)
    0x08000358   0x08000358   0x00000002   Code   RO          296    .text               c_w.l(use_no_semi.o)
    0x0800035a   0x0800035a   0x00000000   Code   RO          298    .text               c_w.l(indicate_semi.o)
    0x0800035a   0x0800035a   0x00000002   PAD
    0x0800035c   0x0800035c   0x0000004c   Code   RO           22    .text.ADC_init      main_sampling.o
    0x080003a8   0x080003a8   0x000000e0   Code   RO           16    .text.B_set         main_sampling.o
    0x08000488   0x08000488   0x0000001c   Code   RO            6    .text.Delay_ms      main_sampling.o
    0x080004a4   0x080004a4   0x00000014   Code   RO           14    .text.Delay_us      main_sampling.o
    0x080004b8   0x080004b8   0x00000080   Code   RO           50    .text.LCD_SET       main_sampling.o
    0x08000538   0x08000538   0x0000005e   Code   RO           46    .text.LCD_command   main_sampling.o
    0x08000596   0x08000596   0x00000002   PAD
    0x08000598   0x08000598   0x0000004a   Code   RO           48    .text.LCD_data      main_sampling.o
    0x080005e2   0x080005e2   0x00000002   PAD
    0x080005e4   0x080005e4   0x00000056   Code   RO            8    .text.LCD_init      main_sampling.o
    0x0800063a   0x0800063a   0x00000002   PAD
    0x0800063c   0x0800063c   0x0000003a   Code   RO           44    .text.PORTS_init    main_sampling.o
    0x08000676   0x08000676   0x00000002   PAD
    0x08000678   0x08000678   0x0000001a   Code   RO           76    .text.SystemInit    system_stm32f4xx.o
    0x08000692   0x08000692   0x00000002   PAD
    0x08000694   0x08000694   0x0000004a   Code   RO           34    .text.TIM2CONFIG    main_sampling.o
    0x080006de   0x080006de   0x00000002   PAD
    0x080006e0   0x080006e0   0x000000f0   Code   RO           40    .text.TIM2_IRQHandler  main_sampling.o
    0x080007d0   0x080007d0   0x00000048   Code   RO           30    .text.TIM3CONFIG    main_sampling.o
    0x08000818   0x08000818   0x00000056   Code   RO           38    .text.TIM3_IRQHandler  main_sampling.o
    0x0800086e   0x0800086e   0x00000002   PAD
    0x08000870   0x08000870   0x00000030   Code   RO           42    .text.TIM4CONFIG    main_sampling.o
    0x080008a0   0x080008a0   0x00000100   Code   RO           18    .text.TU_set        main_sampling.o
    0x080009a0   0x080009a0   0x00000078   Code   RO           24    .text.USART_init    main_sampling.o
    0x08000a18   0x08000a18   0x00000108   Code   RO           10    .text.V_SET         main_sampling.o
    0x08000b20   0x08000b20   0x00000016   Code   RO           32    .text.__NVIC_EnableIRQ  main_sampling.o
    0x08000b36   0x08000b36   0x00000002   PAD
    0x08000b38   0x08000b38   0x000002c8   Code   RO            4    .text.main          main_sampling.o
    0x08000e00   0x08000e00   0x0000001c   Code   RO           12    .text.send          main_sampling.o
    0x08000e1c   0x08000e1c   0x00000030   Code   RO          169    i.__ARM_fpclassify  m_wm.l(fpclassify.o)
    0x08000e4c   0x08000e4c   0x00000004   PAD
    0x08000e50   0x08000e50   0x00000c60   Code   RO          118    i.__hardfp_pow      m_wm.l(pow.o)
    0x08001ab0   0x08001ab0   0x000000f8   Code   RO          171    i.__kernel_poly     m_wm.l(poly.o)
    0x08001ba8   0x08001ba8   0x00000030   Code   RO          149    i.__mathlib_dbl_divzero  m_wm.l(dunder.o)
    0x08001bd8   0x08001bd8   0x00000014   Code   RO          151    i.__mathlib_dbl_infnan2  m_wm.l(dunder.o)
    0x08001bec   0x08001bec   0x00000004   PAD
    0x08001bf0   0x08001bf0   0x00000020   Code   RO          152    i.__mathlib_dbl_invalid  m_wm.l(dunder.o)
    0x08001c10   0x08001c10   0x00000020   Code   RO          153    i.__mathlib_dbl_overflow  m_wm.l(dunder.o)
    0x08001c30   0x08001c30   0x00000020   Code   RO          155    i.__mathlib_dbl_underflow  m_wm.l(dunder.o)
    0x08001c50   0x08001c50   0x00000018   Code   RO          165    i.fabs              m_wm.l(fabs.o)
    0x08001c68   0x08001c68   0x0000006e   Code   RO          176    i.sqrt              m_wm.l(sqrt.o)
    0x08001cd6   0x08001cd6   0x00000018   Code   RO          128    x$fpl$basic         fz_wm.l(basic.o)
    0x08001cee   0x08001cee   0x00000002   PAD
    0x08001cf0   0x08001cf0   0x00000150   Code   RO           98    x$fpl$dadd          fz_wm.l(daddsub_clz.o)
    0x08001e40   0x08001e40   0x00000010   Code   RO          200    x$fpl$dcheck1       fz_wm.l(dcheck1.o)
    0x08001e50   0x08001e50   0x00000018   Code   RO          202    x$fpl$dcmpinf       fz_wm.l(dcmpi.o)
    0x08001e68   0x08001e68   0x000002b4   Code   RO          131    x$fpl$ddiv          fz_wm.l(ddiv.o)
    0x0800211c   0x0800211c   0x00000078   Code   RO          134    x$fpl$deqf          fz_wm.l(deqf.o)
    0x08002194   0x08002194   0x0000005e   Code   RO          106    x$fpl$dfix          fz_wm.l(dfix.o)
    0x080021f2   0x080021f2   0x0000002e   Code   RO          111    x$fpl$dflt          fz_wm.l(dflt_clz.o)
    0x08002220   0x08002220   0x00000078   Code   RO          136    x$fpl$dgeqf         fz_wm.l(dgeqf.o)
    0x08002298   0x08002298   0x00000078   Code   RO          138    x$fpl$dleqf         fz_wm.l(dleqf.o)
    0x08002310   0x08002310   0x00000154   Code   RO          116    x$fpl$dmul          fz_wm.l(dmul.o)
    0x08002464   0x08002464   0x0000009c   Code   RO          140    x$fpl$dnaninf       fz_wm.l(dnaninf.o)
    0x08002500   0x08002500   0x0000000c   Code   RO          142    x$fpl$dretinf       fz_wm.l(dretinf.o)
    0x0800250c   0x0800250c   0x0000006c   Code   RO          144    x$fpl$drleqf        fz_wm.l(drleqf.o)
    0x08002578   0x08002578   0x00000016   Code   RO           99    x$fpl$drsb          fz_wm.l(daddsub_clz.o)
    0x0800258e   0x0800258e   0x00000002   PAD
    0x08002590   0x08002590   0x00000198   Code   RO          204    x$fpl$dsqrt         fz_wm.l(dsqrt_umaal.o)
    0x08002728   0x08002728   0x000001dc   Code   RO          100    x$fpl$dsub          fz_wm.l(daddsub_clz.o)
    0x08002904   0x08002904   0x00000054   Code   RO          104    x$fpl$fcmp          fz_wm.l(dcmp.o)
    0x08002958   0x08002958   0x0000001a   Code   RO          279    x$fpl$fpinit        fz_wm.l(fpinit.o)
    0x08002972   0x08002972   0x00000064   Code   RO          219    x$fpl$retnan        fz_wm.l(retnan.o)
    0x080029d6   0x080029d6   0x0000005c   Code   RO          146    x$fpl$scalbn        fz_wm.l(scalbn.o)
    0x08002a32   0x08002a32   0x00000030   Code   RO          268    x$fpl$trapveneer    fz_wm.l(trapv.o)
    0x08002a62   0x08002a62   0x00000000   Code   RO          148    x$fpl$usenofp       fz_wm.l(usenofp.o)
    0x08002a62   0x08002a62   0x00000006   PAD
    0x08002a68   0x08002a68   0x00000088   Data   RO          121    .constdata          m_wm.l(pow.o)
    0x08002af0   0x08002af0   0x00000008   Data   RO          173    .constdata          m_wm.l(qnan.o)
    0x08002af8   0x08002af8   0x00000020   Data   RO          354    Region$$Table       anon$$obj.o


    Execution Region RW_IRAM1 (Exec base: 0x20000000, Load base: 0x08002b18, Size: 0x00000700, Max: 0x00018000, ABSOLUTE)

    Exec Addr    Load Addr    Size         Type   Attr      Idx    E Section Name        Object

    0x20000000   0x08002b18   0x00000008   Data   RW           55    .data.A             main_sampling.o
    0x20000008   0x08002b20   0x00000008   Data   RW           56    .data.B             main_sampling.o
    0x20000010   0x08002b28   0x00000008   Data   RW           54    .data.TU            main_sampling.o
    0x20000018        -       0x00000060   Zero   RW          207    .bss                c_w.l(libspace.o)
    0x20000078        -       0x00000080   Zero   RW           57    .bss.GLCD_Data      main_sampling.o
    0x200000f8        -       0x00000004   Zero   RW           52    .bss.count          main_sampling.o
    0x200000fc   0x08002b30   0x00000004   PAD
    0x20000100        -       0x00000200   Zero   RW           67    HEAP                startup_stm32f401xe.o
    0x20000300        -       0x00000400   Zero   RW           66    STACK               startup_stm32f401xe.o


==============================================================================

Image component sizes


      Code (inc. data)   RO Data    RW Data    ZI Data      Debug   Object Name

      2710        120          0         24        132       9338   main_sampling.o
        64         26        404          0       1536        876   startup_stm32f401xe.o
        26          0          0          0          0       2782   system_stm32f4xx.o

    ----------------------------------------------------------------------
      2816        146        436         24       1672      12996   Object Totals
         0          0         32          0          0          0   (incl. Generated)
        16          0          0          0          4          0   (incl. Padding)

    ----------------------------------------------------------------------

      Code (inc. data)   RO Data    RW Data    ZI Data      Debug   Library Member Name

         8          0          0          0          0         68   __main.o
         0          0          0          0          0          0   __rtentry.o
        12          0          0          0          0          0   __rtentry2.o
         6          0          0          0          0          0   __rtentry4.o
        52          8          0          0          0          0   __scatter.o
        26          0          0          0          0          0   __scatter_copy.o
        28          0          0          0          0          0   __scatter_zi.o
        22          0          0          0          0        100   _rserrno.o
        18          0          0          0          0         80   exit.o
         6          0          0          0          0        152   heapauxi.o
         0          0          0          0          0          0   indicate_semi.o
         2          0          0          0          0          0   libinit.o
         6          0          0          0          0          0   libinit2.o
         2          0          0          0          0          0   libshutdown.o
         2          0          0          0          0          0   libshutdown2.o
         8          4          0          0         96         68   libspace.o
         8          4          0          0          0         68   rt_errno_addr_intlibspace.o
        78          0          0          0          0         80   rt_memclr_w.o
         2          0          0          0          0          0   rtexit.o
        10          0          0          0          0          0   rtexit2.o
        12          4          0          0          0         68   sys_exit.o
        74          0          0          0          0         80   sys_stackheap_outer.o
         2          0          0          0          0         68   use_no_semi.o
        24          0          0          0          0        164   basic.o
       834         16          0          0          0        516   daddsub_clz.o
        16          4          0          0          0        116   dcheck1.o
        84          0          0          0          0        244   dcmp.o
        24          0          0          0          0        116   dcmpi.o
       692        140          0          0          0        264   ddiv.o
       120          4          0          0          0        140   deqf.o
        94          4          0          0          0        140   dfix.o
        46          0          0          0          0        116   dflt_clz.o
       120          4          0          0          0        140   dgeqf.o
       120          4          0          0          0        140   dleqf.o
       340         12          0          0          0        152   dmul.o
       156          4          0          0          0        140   dnaninf.o
        12          0          0          0          0        116   dretinf.o
       108          0          0          0          0        128   drleqf.o
       408         56          0          0          0        168   dsqrt_umaal.o
        26          0          0          0          0        116   fpinit.o
       100          0          0          0          0        116   retnan.o
        92          0          0          0          0        116   scalbn.o
        48          0          0          0          0        116   trapv.o
         0          0          0          0          0          0   usenofp.o
       164         44          0          0          0        620   dunder.o
        24          0          0          0          0        124   fabs.o
        48          0          0          0          0        124   fpclassify.o
       248          0          0          0          0        152   poly.o
      3168        296        136          0          0        352   pow.o
         0          0          8          0          0          0   qnan.o
       110          0          0          0          0        148   sqrt.o

    ----------------------------------------------------------------------
      7636        608        144          0         96       5616   Library Totals
        26          0          0          0          0          0   (incl. Padding)

    ----------------------------------------------------------------------

      Code (inc. data)   RO Data    RW Data    ZI Data      Debug   Library Name

       384         20          0          0         96        832   c_w.l
      3464        248          0          0          0       3264   fz_wm.l
      3762        340        144          0          0       1520   m_wm.l

    ----------------------------------------------------------------------
      7636        608        144          0         96       5616   Library Totals

    ----------------------------------------------------------------------

==============================================================================


      Code (inc. data)   RO Data    RW Data    ZI Data      Debug   

     10452        754        580         24       1768      15284   Grand Totals
     10452        754        580         24       1768      15284   ELF Image Totals
     10452        754        580         24          0          0   ROM Totals

==============================================================================

    Total RO  Size (Code + RO Data)                11032 (  10.77kB)
    Total RW  Size (RW Data + ZI Data)              1792 (   1.75kB)
    Total ROM Size (Code + RO Data + RW Data)      11056 (  10.80kB)

==============================================================================

